# salias named IPC vs Aeron C++ IPC release comparison
# payload=64B; salias_batch_size=1; poll_limit=64; fragment_limit=64; warmup=1; rounds=10; latency_sample_rate=0
# salias_pages=normal; capacities normal=4194304 huge2m=4194304 huge1g=1073741824
# pin_cpus=1; cpu_base=0; cpu_stride=1; aeron_driver_cpu=3; aeron_term_length=4194304
# scenarios=fifo ordered; FIFO=2P/1C; ORDERED=2P/1C
# warmup round=1 scenario=fifo
# measured round=1 scenario=fifo
LATENCY library=salias-ipc scenario=fifo consumer=0 samples=0 p50_ns=0 p99_ns=0 p999_ns=0 max_ns=0
RESULT library=salias-ipc scenario=fifo page=normal pinning=on cpu_base=0 cpu_stride=1 producers=2 consumers=1 payload=64 capacity=4194304 batch_size=1 publication_window=0 poll_limit=64 published=2000000 delivered=2000000 seconds=0.091727 publish_msg_per_sec=2.18038e+07 delivery_msg_per_sec=2.18038e+07 delivery_mib_per_sec=1330.8 latency_sample_rate=0 latency_samples=0 latency_p50_ns=0 latency_p99_ns=0 latency_p999_ns=0 latency_max_ns=0
LATENCY library=aeron-cpp scenario=mpsc consumer=0 samples=0 p50_ns=0 p99_ns=0 p999_ns=0 max_ns=0
RESULT library=aeron-cpp scenario=mpsc pinning=on cpu_base=0 cpu_stride=1 term_length=4194304 producers=2 consumers=1 payload=64 published=2000000 delivered=2000000 seconds=0.0610211 publish_msg_per_sec=3.27756e+07 delivery_msg_per_sec=3.27756e+07 delivery_mib_per_sec=2000.46 latency_sample_rate=0 latency_samples=0 latency_p50_ns=0 latency_p99_ns=0 latency_p999_ns=0 latency_max_ns=0
# measured round=2 scenario=fifo
LATENCY library=salias-ipc scenario=fifo consumer=0 samples=0 p50_ns=0 p99_ns=0 p999_ns=0 max_ns=0
RESULT library=salias-ipc scenario=fifo page=normal pinning=on cpu_base=0 cpu_stride=1 producers=2 consumers=1 payload=64 capacity=4194304 batch_size=1 publication_window=0 poll_limit=64 published=2000000 delivered=2000000 seconds=0.0915749 publish_msg_per_sec=2.18401e+07 delivery_msg_per_sec=2.18401e+07 delivery_mib_per_sec=1333.01 latency_sample_rate=0 latency_samples=0 latency_p50_ns=0 latency_p99_ns=0 latency_p999_ns=0 latency_max_ns=0
LATENCY library=aeron-cpp scenario=mpsc consumer=0 samples=0 p50_ns=0 p99_ns=0 p999_ns=0 max_ns=0
RESULT library=aeron-cpp scenario=mpsc pinning=on cpu_base=0 cpu_stride=1 term_length=4194304 producers=2 consumers=1 payload=64 published=2000000 delivered=2000000 seconds=0.0601337 publish_msg_per_sec=3.32592e+07 delivery_msg_per_sec=3.32592e+07 delivery_mib_per_sec=2029.98 latency_sample_rate=0 latency_samples=0 latency_p50_ns=0 latency_p99_ns=0 latency_p999_ns=0 latency_max_ns=0
# measured round=3 scenario=fifo
LATENCY library=salias-ipc scenario=fifo consumer=0 samples=0 p50_ns=0 p99_ns=0 p999_ns=0 max_ns=0
RESULT library=salias-ipc scenario=fifo page=normal pinning=on cpu_base=0 cpu_stride=1 producers=2 consumers=1 payload=64 capacity=4194304 batch_size=1 publication_window=0 poll_limit=64 published=2000000 delivered=2000000 seconds=0.110949 publish_msg_per_sec=1.80263e+07 delivery_msg_per_sec=1.80263e+07 delivery_mib_per_sec=1100.24 latency_sample_rate=0 latency_samples=0 latency_p50_ns=0 latency_p99_ns=0 latency_p999_ns=0 latency_max_ns=0
LATENCY library=aeron-cpp scenario=mpsc consumer=0 samples=0 p50_ns=0 p99_ns=0 p999_ns=0 max_ns=0
RESULT library=aeron-cpp scenario=mpsc pinning=on cpu_base=0 cpu_stride=1 term_length=4194304 producers=2 consumers=1 payload=64 published=2000000 delivered=2000000 seconds=0.0682197 publish_msg_per_sec=2.9317e+07 delivery_msg_per_sec=2.9317e+07 delivery_mib_per_sec=1789.37 latency_sample_rate=0 latency_samples=0 latency_p50_ns=0 latency_p99_ns=0 latency_p999_ns=0 latency_max_ns=0
# measured round=4 scenario=fifo
LATENCY library=salias-ipc scenario=fifo consumer=0 samples=0 p50_ns=0 p99_ns=0 p999_ns=0 max_ns=0
RESULT library=salias-ipc scenario=fifo page=normal pinning=on cpu_base=0 cpu_stride=1 producers=2 consumers=1 payload=64 capacity=4194304 batch_size=1 publication_window=0 poll_limit=64 published=2000000 delivered=2000000 seconds=0.112999 publish_msg_per_sec=1.76992e+07 delivery_msg_per_sec=1.76992e+07 delivery_mib_per_sec=1080.27 latency_sample_rate=0 latency_samples=0 latency_p50_ns=0 latency_p99_ns=0 latency_p999_ns=0 latency_max_ns=0
LATENCY library=aeron-cpp scenario=mpsc consumer=0 samples=0 p50_ns=0 p99_ns=0 p999_ns=0 max_ns=0
RESULT library=aeron-cpp scenario=mpsc pinning=on cpu_base=0 cpu_stride=1 term_length=4194304 producers=2 consumers=1 payload=64 published=2000000 delivered=2000000 seconds=0.0702966 publish_msg_per_sec=2.84509e+07 delivery_msg_per_sec=2.84509e+07 delivery_mib_per_sec=1736.5 latency_sample_rate=0 latency_samples=0 latency_p50_ns=0 latency_p99_ns=0 latency_p999_ns=0 latency_max_ns=0
# measured round=5 scenario=fifo
LATENCY library=salias-ipc scenario=fifo consumer=0 samples=0 p50_ns=0 p99_ns=0 p999_ns=0 max_ns=0
RESULT library=salias-ipc scenario=fifo page=normal pinning=on cpu_base=0 cpu_stride=1 producers=2 consumers=1 payload=64 capacity=4194304 batch_size=1 publication_window=0 poll_limit=64 published=2000000 delivered=2000000 seconds=0.0975919 publish_msg_per_sec=2.04935e+07 delivery_msg_per_sec=2.04935e+07 delivery_mib_per_sec=1250.82 latency_sample_rate=0 latency_samples=0 latency_p50_ns=0 latency_p99_ns=0 latency_p999_ns=0 latency_max_ns=0
LATENCY library=aeron-cpp scenario=mpsc consumer=0 samples=0 p50_ns=0 p99_ns=0 p999_ns=0 max_ns=0
RESULT library=aeron-cpp scenario=mpsc pinning=on cpu_base=0 cpu_stride=1 term_length=4194304 producers=2 consumers=1 payload=64 published=2000000 delivered=2000000 seconds=0.0637415 publish_msg_per_sec=3.13767e+07 delivery_msg_per_sec=3.13767e+07 delivery_mib_per_sec=1915.08 latency_sample_rate=0 latency_samples=0 latency_p50_ns=0 latency_p99_ns=0 latency_p999_ns=0 latency_max_ns=0
# measured round=6 scenario=fifo
LATENCY library=salias-ipc scenario=fifo consumer=0 samples=0 p50_ns=0 p99_ns=0 p999_ns=0 max_ns=0
RESULT library=salias-ipc scenario=fifo page=normal pinning=on cpu_base=0 cpu_stride=1 producers=2 consumers=1 payload=64 capacity=4194304 batch_size=1 publication_window=0 poll_limit=64 published=2000000 delivered=2000000 seconds=0.139381 publish_msg_per_sec=1.43491e+07 delivery_msg_per_sec=1.43491e+07 delivery_mib_per_sec=875.8 latency_sample_rate=0 latency_samples=0 latency_p50_ns=0 latency_p99_ns=0 latency_p999_ns=0 latency_max_ns=0
LATENCY library=aeron-cpp scenario=mpsc consumer=0 samples=0 p50_ns=0 p99_ns=0 p999_ns=0 max_ns=0
RESULT library=aeron-cpp scenario=mpsc pinning=on cpu_base=0 cpu_stride=1 term_length=4194304 producers=2 consumers=1 payload=64 published=2000000 delivered=2000000 seconds=0.0686503 publish_msg_per_sec=2.91331e+07 delivery_msg_per_sec=2.91331e+07 delivery_mib_per_sec=1778.15 latency_sample_rate=0 latency_samples=0 latency_p50_ns=0 latency_p99_ns=0 latency_p999_ns=0 latency_max_ns=0
# measured round=7 scenario=fifo
LATENCY library=salias-ipc scenario=fifo consumer=0 samples=0 p50_ns=0 p99_ns=0 p999_ns=0 max_ns=0
RESULT library=salias-ipc scenario=fifo page=normal pinning=on cpu_base=0 cpu_stride=1 producers=2 consumers=1 payload=64 capacity=4194304 batch_size=1 publication_window=0 poll_limit=64 published=2000000 delivered=2000000 seconds=0.0979059 publish_msg_per_sec=2.04278e+07 delivery_msg_per_sec=2.04278e+07 delivery_mib_per_sec=1246.81 latency_sample_rate=0 latency_samples=0 latency_p50_ns=0 latency_p99_ns=0 latency_p999_ns=0 latency_max_ns=0
LATENCY library=aeron-cpp scenario=mpsc consumer=0 samples=0 p50_ns=0 p99_ns=0 p999_ns=0 max_ns=0
RESULT library=aeron-cpp scenario=mpsc pinning=on cpu_base=0 cpu_stride=1 term_length=4194304 producers=2 consumers=1 payload=64 published=2000000 delivered=2000000 seconds=0.0598652 publish_msg_per_sec=3.34084e+07 delivery_msg_per_sec=3.34084e+07 delivery_mib_per_sec=2039.09 latency_sample_rate=0 latency_samples=0 latency_p50_ns=0 latency_p99_ns=0 latency_p999_ns=0 latency_max_ns=0
# measured round=8 scenario=fifo
LATENCY library=salias-ipc scenario=fifo consumer=0 samples=0 p50_ns=0 p99_ns=0 p999_ns=0 max_ns=0
RESULT library=salias-ipc scenario=fifo page=normal pinning=on cpu_base=0 cpu_stride=1 producers=2 consumers=1 payload=64 capacity=4194304 batch_size=1 publication_window=0 poll_limit=64 published=2000000 delivered=2000000 seconds=0.0861121 publish_msg_per_sec=2.32256e+07 delivery_msg_per_sec=2.32256e+07 delivery_mib_per_sec=1417.58 latency_sample_rate=0 latency_samples=0 latency_p50_ns=0 latency_p99_ns=0 latency_p999_ns=0 latency_max_ns=0
LATENCY library=aeron-cpp scenario=mpsc consumer=0 samples=0 p50_ns=0 p99_ns=0 p999_ns=0 max_ns=0
RESULT library=aeron-cpp scenario=mpsc pinning=on cpu_base=0 cpu_stride=1 term_length=4194304 producers=2 consumers=1 payload=64 published=2000000 delivered=2000000 seconds=0.0599365 publish_msg_per_sec=3.33687e+07 delivery_msg_per_sec=3.33687e+07 delivery_mib_per_sec=2036.66 latency_sample_rate=0 latency_samples=0 latency_p50_ns=0 latency_p99_ns=0 latency_p999_ns=0 latency_max_ns=0
# measured round=9 scenario=fifo
LATENCY library=salias-ipc scenario=fifo consumer=0 samples=0 p50_ns=0 p99_ns=0 p999_ns=0 max_ns=0
RESULT library=salias-ipc scenario=fifo page=normal pinning=on cpu_base=0 cpu_stride=1 producers=2 consumers=1 payload=64 capacity=4194304 batch_size=1 publication_window=0 poll_limit=64 published=2000000 delivered=2000000 seconds=0.104582 publish_msg_per_sec=1.91238e+07 delivery_msg_per_sec=1.91238e+07 delivery_mib_per_sec=1167.22 latency_sample_rate=0 latency_samples=0 latency_p50_ns=0 latency_p99_ns=0 latency_p999_ns=0 latency_max_ns=0
LATENCY library=aeron-cpp scenario=mpsc consumer=0 samples=0 p50_ns=0 p99_ns=0 p999_ns=0 max_ns=0
RESULT library=aeron-cpp scenario=mpsc pinning=on cpu_base=0 cpu_stride=1 term_length=4194304 producers=2 consumers=1 payload=64 published=2000000 delivered=2000000 seconds=0.0623201 publish_msg_per_sec=3.20924e+07 delivery_msg_per_sec=3.20924e+07 delivery_mib_per_sec=1958.76 latency_sample_rate=0 latency_samples=0 latency_p50_ns=0 latency_p99_ns=0 latency_p999_ns=0 latency_max_ns=0
# measured round=10 scenario=fifo
LATENCY library=salias-ipc scenario=fifo consumer=0 samples=0 p50_ns=0 p99_ns=0 p999_ns=0 max_ns=0
RESULT library=salias-ipc scenario=fifo page=normal pinning=on cpu_base=0 cpu_stride=1 producers=2 consumers=1 payload=64 capacity=4194304 batch_size=1 publication_window=0 poll_limit=64 published=2000000 delivered=2000000 seconds=0.118752 publish_msg_per_sec=1.68418e+07 delivery_msg_per_sec=1.68418e+07 delivery_mib_per_sec=1027.94 latency_sample_rate=0 latency_samples=0 latency_p50_ns=0 latency_p99_ns=0 latency_p999_ns=0 latency_max_ns=0
LATENCY library=aeron-cpp scenario=mpsc consumer=0 samples=0 p50_ns=0 p99_ns=0 p999_ns=0 max_ns=0
RESULT library=aeron-cpp scenario=mpsc pinning=on cpu_base=0 cpu_stride=1 term_length=4194304 producers=2 consumers=1 payload=64 published=2000000 delivered=2000000 seconds=0.068456 publish_msg_per_sec=2.92158e+07 delivery_msg_per_sec=2.92158e+07 delivery_mib_per_sec=1783.19 latency_sample_rate=0 latency_samples=0 latency_p50_ns=0 latency_p99_ns=0 latency_p999_ns=0 latency_max_ns=0
# warmup round=1 scenario=ordered
# measured round=1 scenario=ordered
LATENCY library=salias-ipc scenario=ordered consumer=0 samples=0 p50_ns=0 p99_ns=0 p999_ns=0 max_ns=0
RESULT library=salias-ipc scenario=ordered page=normal pinning=on cpu_base=0 cpu_stride=1 producers=2 consumers=1 payload=64 capacity=4194304 batch_size=1 publication_window=0 poll_limit=64 published=2000000 delivered=2000000 seconds=0.112172 publish_msg_per_sec=1.78297e+07 delivery_msg_per_sec=1.78297e+07 delivery_mib_per_sec=1088.24 latency_sample_rate=0 latency_samples=0 latency_p50_ns=0 latency_p99_ns=0 latency_p999_ns=0 latency_max_ns=0
LATENCY library=aeron-cpp scenario=mpsc consumer=0 samples=0 p50_ns=0 p99_ns=0 p999_ns=0 max_ns=0
RESULT library=aeron-cpp scenario=mpsc pinning=on cpu_base=0 cpu_stride=1 term_length=4194304 producers=2 consumers=1 payload=64 published=2000000 delivered=2000000 seconds=0.0615477 publish_msg_per_sec=3.24951e+07 delivery_msg_per_sec=3.24951e+07 delivery_mib_per_sec=1983.35 latency_sample_rate=0 latency_samples=0 latency_p50_ns=0 latency_p99_ns=0 latency_p999_ns=0 latency_max_ns=0
# measured round=2 scenario=ordered
LATENCY library=salias-ipc scenario=ordered consumer=0 samples=0 p50_ns=0 p99_ns=0 p999_ns=0 max_ns=0
RESULT library=salias-ipc scenario=ordered page=normal pinning=on cpu_base=0 cpu_stride=1 producers=2 consumers=1 payload=64 capacity=4194304 batch_size=1 publication_window=0 poll_limit=64 published=2000000 delivered=2000000 seconds=0.113558 publish_msg_per_sec=1.76122e+07 delivery_msg_per_sec=1.76122e+07 delivery_mib_per_sec=1074.96 latency_sample_rate=0 latency_samples=0 latency_p50_ns=0 latency_p99_ns=0 latency_p999_ns=0 latency_max_ns=0
LATENCY library=aeron-cpp scenario=mpsc consumer=0 samples=0 p50_ns=0 p99_ns=0 p999_ns=0 max_ns=0
RESULT library=aeron-cpp scenario=mpsc pinning=on cpu_base=0 cpu_stride=1 term_length=4194304 producers=2 consumers=1 payload=64 published=2000000 delivered=2000000 seconds=0.0649413 publish_msg_per_sec=3.0797e+07 delivery_msg_per_sec=3.0797e+07 delivery_mib_per_sec=1879.7 latency_sample_rate=0 latency_samples=0 latency_p50_ns=0 latency_p99_ns=0 latency_p999_ns=0 latency_max_ns=0
# measured round=3 scenario=ordered
LATENCY library=salias-ipc scenario=ordered consumer=0 samples=0 p50_ns=0 p99_ns=0 p999_ns=0 max_ns=0
RESULT library=salias-ipc scenario=ordered page=normal pinning=on cpu_base=0 cpu_stride=1 producers=2 consumers=1 payload=64 capacity=4194304 batch_size=1 publication_window=0 poll_limit=64 published=2000000 delivered=2000000 seconds=0.130533 publish_msg_per_sec=1.53218e+07 delivery_msg_per_sec=1.53218e+07 delivery_mib_per_sec=935.169 latency_sample_rate=0 latency_samples=0 latency_p50_ns=0 latency_p99_ns=0 latency_p999_ns=0 latency_max_ns=0
LATENCY library=aeron-cpp scenario=mpsc consumer=0 samples=0 p50_ns=0 p99_ns=0 p999_ns=0 max_ns=0
RESULT library=aeron-cpp scenario=mpsc pinning=on cpu_base=0 cpu_stride=1 term_length=4194304 producers=2 consumers=1 payload=64 published=2000000 delivered=2000000 seconds=0.0579137 publish_msg_per_sec=3.45341e+07 delivery_msg_per_sec=3.45341e+07 delivery_mib_per_sec=2107.8 latency_sample_rate=0 latency_samples=0 latency_p50_ns=0 latency_p99_ns=0 latency_p999_ns=0 latency_max_ns=0
# measured round=4 scenario=ordered
LATENCY library=salias-ipc scenario=ordered consumer=0 samples=0 p50_ns=0 p99_ns=0 p999_ns=0 max_ns=0
RESULT library=salias-ipc scenario=ordered page=normal pinning=on cpu_base=0 cpu_stride=1 producers=2 consumers=1 payload=64 capacity=4194304 batch_size=1 publication_window=0 poll_limit=64 published=2000000 delivered=2000000 seconds=0.0941581 publish_msg_per_sec=2.12409e+07 delivery_msg_per_sec=2.12409e+07 delivery_mib_per_sec=1296.44 latency_sample_rate=0 latency_samples=0 latency_p50_ns=0 latency_p99_ns=0 latency_p999_ns=0 latency_max_ns=0
LATENCY library=aeron-cpp scenario=mpsc consumer=0 samples=0 p50_ns=0 p99_ns=0 p999_ns=0 max_ns=0
RESULT library=aeron-cpp scenario=mpsc pinning=on cpu_base=0 cpu_stride=1 term_length=4194304 producers=2 consumers=1 payload=64 published=2000000 delivered=2000000 seconds=0.0615307 publish_msg_per_sec=3.25041e+07 delivery_msg_per_sec=3.25041e+07 delivery_mib_per_sec=1983.89 latency_sample_rate=0 latency_samples=0 latency_p50_ns=0 latency_p99_ns=0 latency_p999_ns=0 latency_max_ns=0
# measured round=5 scenario=ordered
LATENCY library=salias-ipc scenario=ordered consumer=0 samples=0 p50_ns=0 p99_ns=0 p999_ns=0 max_ns=0
RESULT library=salias-ipc scenario=ordered page=normal pinning=on cpu_base=0 cpu_stride=1 producers=2 consumers=1 payload=64 capacity=4194304 batch_size=1 publication_window=0 poll_limit=64 published=2000000 delivered=2000000 seconds=0.141138 publish_msg_per_sec=1.41705e+07 delivery_msg_per_sec=1.41705e+07 delivery_mib_per_sec=864.899 latency_sample_rate=0 latency_samples=0 latency_p50_ns=0 latency_p99_ns=0 latency_p999_ns=0 latency_max_ns=0
LATENCY library=aeron-cpp scenario=mpsc consumer=0 samples=0 p50_ns=0 p99_ns=0 p999_ns=0 max_ns=0
RESULT library=aeron-cpp scenario=mpsc pinning=on cpu_base=0 cpu_stride=1 term_length=4194304 producers=2 consumers=1 payload=64 published=2000000 delivered=2000000 seconds=0.0649831 publish_msg_per_sec=3.07772e+07 delivery_msg_per_sec=3.07772e+07 delivery_mib_per_sec=1878.49 latency_sample_rate=0 latency_samples=0 latency_p50_ns=0 latency_p99_ns=0 latency_p999_ns=0 latency_max_ns=0
# measured round=6 scenario=ordered
LATENCY library=salias-ipc scenario=ordered consumer=0 samples=0 p50_ns=0 p99_ns=0 p999_ns=0 max_ns=0
RESULT library=salias-ipc scenario=ordered page=normal pinning=on cpu_base=0 cpu_stride=1 producers=2 consumers=1 payload=64 capacity=4194304 batch_size=1 publication_window=0 poll_limit=64 published=2000000 delivered=2000000 seconds=0.136009 publish_msg_per_sec=1.47049e+07 delivery_msg_per_sec=1.47049e+07 delivery_mib_per_sec=897.515 latency_sample_rate=0 latency_samples=0 latency_p50_ns=0 latency_p99_ns=0 latency_p999_ns=0 latency_max_ns=0
LATENCY library=aeron-cpp scenario=mpsc consumer=0 samples=0 p50_ns=0 p99_ns=0 p999_ns=0 max_ns=0
RESULT library=aeron-cpp scenario=mpsc pinning=on cpu_base=0 cpu_stride=1 term_length=4194304 producers=2 consumers=1 payload=64 published=2000000 delivered=2000000 seconds=0.0572746 publish_msg_per_sec=3.49195e+07 delivery_msg_per_sec=3.49195e+07 delivery_mib_per_sec=2131.32 latency_sample_rate=0 latency_samples=0 latency_p50_ns=0 latency_p99_ns=0 latency_p999_ns=0 latency_max_ns=0
# measured round=7 scenario=ordered
LATENCY library=salias-ipc scenario=ordered consumer=0 samples=0 p50_ns=0 p99_ns=0 p999_ns=0 max_ns=0
RESULT library=salias-ipc scenario=ordered page=normal pinning=on cpu_base=0 cpu_stride=1 producers=2 consumers=1 payload=64 capacity=4194304 batch_size=1 publication_window=0 poll_limit=64 published=2000000 delivered=2000000 seconds=0.114013 publish_msg_per_sec=1.75419e+07 delivery_msg_per_sec=1.75419e+07 delivery_mib_per_sec=1070.67 latency_sample_rate=0 latency_samples=0 latency_p50_ns=0 latency_p99_ns=0 latency_p999_ns=0 latency_max_ns=0
LATENCY library=aeron-cpp scenario=mpsc consumer=0 samples=0 p50_ns=0 p99_ns=0 p999_ns=0 max_ns=0
RESULT library=aeron-cpp scenario=mpsc pinning=on cpu_base=0 cpu_stride=1 term_length=4194304 producers=2 consumers=1 payload=64 published=2000000 delivered=2000000 seconds=0.0680581 publish_msg_per_sec=2.93867e+07 delivery_msg_per_sec=2.93867e+07 delivery_mib_per_sec=1793.62 latency_sample_rate=0 latency_samples=0 latency_p50_ns=0 latency_p99_ns=0 latency_p999_ns=0 latency_max_ns=0
# measured round=8 scenario=ordered
LATENCY library=salias-ipc scenario=ordered consumer=0 samples=0 p50_ns=0 p99_ns=0 p999_ns=0 max_ns=0
RESULT library=salias-ipc scenario=ordered page=normal pinning=on cpu_base=0 cpu_stride=1 producers=2 consumers=1 payload=64 capacity=4194304 batch_size=1 publication_window=0 poll_limit=64 published=2000000 delivered=2000000 seconds=0.117094 publish_msg_per_sec=1.70803e+07 delivery_msg_per_sec=1.70803e+07 delivery_mib_per_sec=1042.5 latency_sample_rate=0 latency_samples=0 latency_p50_ns=0 latency_p99_ns=0 latency_p999_ns=0 latency_max_ns=0
LATENCY library=aeron-cpp scenario=mpsc consumer=0 samples=0 p50_ns=0 p99_ns=0 p999_ns=0 max_ns=0
RESULT library=aeron-cpp scenario=mpsc pinning=on cpu_base=0 cpu_stride=1 term_length=4194304 producers=2 consumers=1 payload=64 published=2000000 delivered=2000000 seconds=0.0677416 publish_msg_per_sec=2.9524e+07 delivery_msg_per_sec=2.9524e+07 delivery_mib_per_sec=1802 latency_sample_rate=0 latency_samples=0 latency_p50_ns=0 latency_p99_ns=0 latency_p999_ns=0 latency_max_ns=0
# measured round=9 scenario=ordered
LATENCY library=salias-ipc scenario=ordered consumer=0 samples=0 p50_ns=0 p99_ns=0 p999_ns=0 max_ns=0
RESULT library=salias-ipc scenario=ordered page=normal pinning=on cpu_base=0 cpu_stride=1 producers=2 consumers=1 payload=64 capacity=4194304 batch_size=1 publication_window=0 poll_limit=64 published=2000000 delivered=2000000 seconds=0.142832 publish_msg_per_sec=1.40025e+07 delivery_msg_per_sec=1.40025e+07 delivery_mib_per_sec=854.643 latency_sample_rate=0 latency_samples=0 latency_p50_ns=0 latency_p99_ns=0 latency_p999_ns=0 latency_max_ns=0
LATENCY library=aeron-cpp scenario=mpsc consumer=0 samples=0 p50_ns=0 p99_ns=0 p999_ns=0 max_ns=0
RESULT library=aeron-cpp scenario=mpsc pinning=on cpu_base=0 cpu_stride=1 term_length=4194304 producers=2 consumers=1 payload=64 published=2000000 delivered=2000000 seconds=0.0539851 publish_msg_per_sec=3.70473e+07 delivery_msg_per_sec=3.70473e+07 delivery_mib_per_sec=2261.19 latency_sample_rate=0 latency_samples=0 latency_p50_ns=0 latency_p99_ns=0 latency_p999_ns=0 latency_max_ns=0
# measured round=10 scenario=ordered
LATENCY library=salias-ipc scenario=ordered consumer=0 samples=0 p50_ns=0 p99_ns=0 p999_ns=0 max_ns=0
RESULT library=salias-ipc scenario=ordered page=normal pinning=on cpu_base=0 cpu_stride=1 producers=2 consumers=1 payload=64 capacity=4194304 batch_size=1 publication_window=0 poll_limit=64 published=2000000 delivered=2000000 seconds=0.140963 publish_msg_per_sec=1.41881e+07 delivery_msg_per_sec=1.41881e+07 delivery_mib_per_sec=865.973 latency_sample_rate=0 latency_samples=0 latency_p50_ns=0 latency_p99_ns=0 latency_p999_ns=0 latency_max_ns=0
LATENCY library=aeron-cpp scenario=mpsc consumer=0 samples=0 p50_ns=0 p99_ns=0 p999_ns=0 max_ns=0
RESULT library=aeron-cpp scenario=mpsc pinning=on cpu_base=0 cpu_stride=1 term_length=4194304 producers=2 consumers=1 payload=64 published=2000000 delivered=2000000 seconds=0.0622778 publish_msg_per_sec=3.21141e+07 delivery_msg_per_sec=3.21141e+07 delivery_mib_per_sec=1960.09 latency_sample_rate=0 latency_samples=0 latency_p50_ns=0 latency_p99_ns=0 latency_p999_ns=0 latency_max_ns=0
