# Tencent 4-vCPU scheduler-balanced MPMC comparison
# batch=1 messages_per_producer=2000000 producers=2 consumers=2 payload=64 warmup=3 rounds=20
# no affinity; Linux schedules salias 4 workers and Aeron 4 workers + driver across cpu0-3
# warmup round=1 scenario=fifo
# warmup round=2 scenario=fifo
# warmup round=3 scenario=fifo
# measured round=1 scenario=fifo
RESULT library=salias-ipc scenario=fifo page=normal pinning=off cpu_base=-1 cpu_stride=1 producers=2 consumers=2 payload=64 capacity=4194304 batch_size=1 poll_limit=64 published=4000000 delivered=8000000 seconds=0.309037 publish_msg_per_sec=1.29435e+07 delivery_msg_per_sec=2.58869e+07 delivery_mib_per_sec=1580.01
RESULT library=aeron-cpp scenario=mpmc pinning=off cpu_base=-1 cpu_stride=1 term_length=4194304 producers=2 consumers=2 payload=64 published=4000000 delivered=8000000 seconds=0.163764 publish_msg_per_sec=2.44254e+07 delivery_msg_per_sec=4.88507e+07 delivery_mib_per_sec=2981.61
# measured round=2 scenario=fifo
RESULT library=salias-ipc scenario=fifo page=normal pinning=off cpu_base=-1 cpu_stride=1 producers=2 consumers=2 payload=64 capacity=4194304 batch_size=1 poll_limit=64 published=4000000 delivered=8000000 seconds=0.333735 publish_msg_per_sec=1.19855e+07 delivery_msg_per_sec=2.39711e+07 delivery_mib_per_sec=1463.08
RESULT library=aeron-cpp scenario=mpmc pinning=off cpu_base=-1 cpu_stride=1 term_length=4194304 producers=2 consumers=2 payload=64 published=4000000 delivered=8000000 seconds=0.149926 publish_msg_per_sec=2.66799e+07 delivery_msg_per_sec=5.33597e+07 delivery_mib_per_sec=3256.82
# measured round=3 scenario=fifo
RESULT library=salias-ipc scenario=fifo page=normal pinning=off cpu_base=-1 cpu_stride=1 producers=2 consumers=2 payload=64 capacity=4194304 batch_size=1 poll_limit=64 published=4000000 delivered=8000000 seconds=0.284882 publish_msg_per_sec=1.40409e+07 delivery_msg_per_sec=2.80818e+07 delivery_mib_per_sec=1713.98
RESULT library=aeron-cpp scenario=mpmc pinning=off cpu_base=-1 cpu_stride=1 term_length=4194304 producers=2 consumers=2 payload=64 published=4000000 delivered=8000000 seconds=0.158058 publish_msg_per_sec=2.53071e+07 delivery_msg_per_sec=5.06142e+07 delivery_mib_per_sec=3089.25
# measured round=4 scenario=fifo
RESULT library=salias-ipc scenario=fifo page=normal pinning=off cpu_base=-1 cpu_stride=1 producers=2 consumers=2 payload=64 capacity=4194304 batch_size=1 poll_limit=64 published=4000000 delivered=8000000 seconds=0.389091 publish_msg_per_sec=1.02804e+07 delivery_msg_per_sec=2.05608e+07 delivery_mib_per_sec=1254.93
RESULT library=aeron-cpp scenario=mpmc pinning=off cpu_base=-1 cpu_stride=1 term_length=4194304 producers=2 consumers=2 payload=64 published=4000000 delivered=8000000 seconds=0.209038 publish_msg_per_sec=1.91353e+07 delivery_msg_per_sec=3.82706e+07 delivery_mib_per_sec=2335.85
# measured round=5 scenario=fifo
RESULT library=salias-ipc scenario=fifo page=normal pinning=off cpu_base=-1 cpu_stride=1 producers=2 consumers=2 payload=64 capacity=4194304 batch_size=1 poll_limit=64 published=4000000 delivered=8000000 seconds=0.328319 publish_msg_per_sec=1.21833e+07 delivery_msg_per_sec=2.43665e+07 delivery_mib_per_sec=1487.21
RESULT library=aeron-cpp scenario=mpmc pinning=off cpu_base=-1 cpu_stride=1 term_length=4194304 producers=2 consumers=2 payload=64 published=4000000 delivered=8000000 seconds=0.162887 publish_msg_per_sec=2.45569e+07 delivery_msg_per_sec=4.91138e+07 delivery_mib_per_sec=2997.67
# measured round=6 scenario=fifo
RESULT library=salias-ipc scenario=fifo page=normal pinning=off cpu_base=-1 cpu_stride=1 producers=2 consumers=2 payload=64 capacity=4194304 batch_size=1 poll_limit=64 published=4000000 delivered=8000000 seconds=0.324917 publish_msg_per_sec=1.23108e+07 delivery_msg_per_sec=2.46217e+07 delivery_mib_per_sec=1502.79
RESULT library=aeron-cpp scenario=mpmc pinning=off cpu_base=-1 cpu_stride=1 term_length=4194304 producers=2 consumers=2 payload=64 published=4000000 delivered=8000000 seconds=0.255156 publish_msg_per_sec=1.56767e+07 delivery_msg_per_sec=3.13534e+07 delivery_mib_per_sec=1913.66
# measured round=7 scenario=fifo
RESULT library=salias-ipc scenario=fifo page=normal pinning=off cpu_base=-1 cpu_stride=1 producers=2 consumers=2 payload=64 capacity=4194304 batch_size=1 poll_limit=64 published=4000000 delivered=8000000 seconds=0.491278 publish_msg_per_sec=8.14203e+06 delivery_msg_per_sec=1.62841e+07 delivery_mib_per_sec=993.9
RESULT library=aeron-cpp scenario=mpmc pinning=off cpu_base=-1 cpu_stride=1 term_length=4194304 producers=2 consumers=2 payload=64 published=4000000 delivered=8000000 seconds=0.151755 publish_msg_per_sec=2.63582e+07 delivery_msg_per_sec=5.27164e+07 delivery_mib_per_sec=3217.55
# measured round=8 scenario=fifo
RESULT library=salias-ipc scenario=fifo page=normal pinning=off cpu_base=-1 cpu_stride=1 producers=2 consumers=2 payload=64 capacity=4194304 batch_size=1 poll_limit=64 published=4000000 delivered=8000000 seconds=0.288181 publish_msg_per_sec=1.38801e+07 delivery_msg_per_sec=2.77603e+07 delivery_mib_per_sec=1694.35
RESULT library=aeron-cpp scenario=mpmc pinning=off cpu_base=-1 cpu_stride=1 term_length=4194304 producers=2 consumers=2 payload=64 published=4000000 delivered=8000000 seconds=0.197703 publish_msg_per_sec=2.02324e+07 delivery_msg_per_sec=4.04647e+07 delivery_mib_per_sec=2469.77
# measured round=9 scenario=fifo
RESULT library=salias-ipc scenario=fifo page=normal pinning=off cpu_base=-1 cpu_stride=1 producers=2 consumers=2 payload=64 capacity=4194304 batch_size=1 poll_limit=64 published=4000000 delivered=8000000 seconds=0.369327 publish_msg_per_sec=1.08305e+07 delivery_msg_per_sec=2.1661e+07 delivery_mib_per_sec=1322.08
RESULT library=aeron-cpp scenario=mpmc pinning=off cpu_base=-1 cpu_stride=1 term_length=4194304 producers=2 consumers=2 payload=64 published=4000000 delivered=8000000 seconds=0.144861 publish_msg_per_sec=2.76127e+07 delivery_msg_per_sec=5.52253e+07 delivery_mib_per_sec=3370.69
# measured round=10 scenario=fifo
RESULT library=salias-ipc scenario=fifo page=normal pinning=off cpu_base=-1 cpu_stride=1 producers=2 consumers=2 payload=64 capacity=4194304 batch_size=1 poll_limit=64 published=4000000 delivered=8000000 seconds=0.326841 publish_msg_per_sec=1.22384e+07 delivery_msg_per_sec=2.44767e+07 delivery_mib_per_sec=1493.94
RESULT library=aeron-cpp scenario=mpmc pinning=off cpu_base=-1 cpu_stride=1 term_length=4194304 producers=2 consumers=2 payload=64 published=4000000 delivered=8000000 seconds=0.214135 publish_msg_per_sec=1.86798e+07 delivery_msg_per_sec=3.73596e+07 delivery_mib_per_sec=2280.25
# measured round=11 scenario=fifo
RESULT library=salias-ipc scenario=fifo page=normal pinning=off cpu_base=-1 cpu_stride=1 producers=2 consumers=2 payload=64 capacity=4194304 batch_size=1 poll_limit=64 published=4000000 delivered=8000000 seconds=0.369826 publish_msg_per_sec=1.08159e+07 delivery_msg_per_sec=2.16318e+07 delivery_mib_per_sec=1320.3
RESULT library=aeron-cpp scenario=mpmc pinning=off cpu_base=-1 cpu_stride=1 term_length=4194304 producers=2 consumers=2 payload=64 published=4000000 delivered=8000000 seconds=0.158673 publish_msg_per_sec=2.52091e+07 delivery_msg_per_sec=5.04182e+07 delivery_mib_per_sec=3077.28
# measured round=12 scenario=fifo
RESULT library=salias-ipc scenario=fifo page=normal pinning=off cpu_base=-1 cpu_stride=1 producers=2 consumers=2 payload=64 capacity=4194304 batch_size=1 poll_limit=64 published=4000000 delivered=8000000 seconds=0.322141 publish_msg_per_sec=1.24169e+07 delivery_msg_per_sec=2.48338e+07 delivery_mib_per_sec=1515.74
RESULT library=aeron-cpp scenario=mpmc pinning=off cpu_base=-1 cpu_stride=1 term_length=4194304 producers=2 consumers=2 payload=64 published=4000000 delivered=8000000 seconds=0.170153 publish_msg_per_sec=2.35082e+07 delivery_msg_per_sec=4.70164e+07 delivery_mib_per_sec=2869.65
# measured round=13 scenario=fifo
RESULT library=salias-ipc scenario=fifo page=normal pinning=off cpu_base=-1 cpu_stride=1 producers=2 consumers=2 payload=64 capacity=4194304 batch_size=1 poll_limit=64 published=4000000 delivered=8000000 seconds=0.353948 publish_msg_per_sec=1.13011e+07 delivery_msg_per_sec=2.26022e+07 delivery_mib_per_sec=1379.53
RESULT library=aeron-cpp scenario=mpmc pinning=off cpu_base=-1 cpu_stride=1 term_length=4194304 producers=2 consumers=2 payload=64 published=4000000 delivered=8000000 seconds=0.214029 publish_msg_per_sec=1.8689e+07 delivery_msg_per_sec=3.73781e+07 delivery_mib_per_sec=2281.38
# measured round=14 scenario=fifo
RESULT library=salias-ipc scenario=fifo page=normal pinning=off cpu_base=-1 cpu_stride=1 producers=2 consumers=2 payload=64 capacity=4194304 batch_size=1 poll_limit=64 published=4000000 delivered=8000000 seconds=0.347962 publish_msg_per_sec=1.14955e+07 delivery_msg_per_sec=2.2991e+07 delivery_mib_per_sec=1403.26
RESULT library=aeron-cpp scenario=mpmc pinning=off cpu_base=-1 cpu_stride=1 term_length=4194304 producers=2 consumers=2 payload=64 published=4000000 delivered=8000000 seconds=0.14526 publish_msg_per_sec=2.75369e+07 delivery_msg_per_sec=5.50738e+07 delivery_mib_per_sec=3361.44
# measured round=15 scenario=fifo
RESULT library=salias-ipc scenario=fifo page=normal pinning=off cpu_base=-1 cpu_stride=1 producers=2 consumers=2 payload=64 capacity=4194304 batch_size=1 poll_limit=64 published=4000000 delivered=8000000 seconds=0.292192 publish_msg_per_sec=1.36896e+07 delivery_msg_per_sec=2.73792e+07 delivery_mib_per_sec=1671.1
RESULT library=aeron-cpp scenario=mpmc pinning=off cpu_base=-1 cpu_stride=1 term_length=4194304 producers=2 consumers=2 payload=64 published=4000000 delivered=8000000 seconds=0.142118 publish_msg_per_sec=2.81455e+07 delivery_msg_per_sec=5.62911e+07 delivery_mib_per_sec=3435.74
# measured round=16 scenario=fifo
RESULT library=salias-ipc scenario=fifo page=normal pinning=off cpu_base=-1 cpu_stride=1 producers=2 consumers=2 payload=64 capacity=4194304 batch_size=1 poll_limit=64 published=4000000 delivered=8000000 seconds=0.283472 publish_msg_per_sec=1.41107e+07 delivery_msg_per_sec=2.82215e+07 delivery_mib_per_sec=1722.5
RESULT library=aeron-cpp scenario=mpmc pinning=off cpu_base=-1 cpu_stride=1 term_length=4194304 producers=2 consumers=2 payload=64 published=4000000 delivered=8000000 seconds=0.154752 publish_msg_per_sec=2.58478e+07 delivery_msg_per_sec=5.16956e+07 delivery_mib_per_sec=3155.25
# measured round=17 scenario=fifo
RESULT library=salias-ipc scenario=fifo page=normal pinning=off cpu_base=-1 cpu_stride=1 producers=2 consumers=2 payload=64 capacity=4194304 batch_size=1 poll_limit=64 published=4000000 delivered=8000000 seconds=0.308373 publish_msg_per_sec=1.29713e+07 delivery_msg_per_sec=2.59426e+07 delivery_mib_per_sec=1583.41
RESULT library=aeron-cpp scenario=mpmc pinning=off cpu_base=-1 cpu_stride=1 term_length=4194304 producers=2 consumers=2 payload=64 published=4000000 delivered=8000000 seconds=0.13674 publish_msg_per_sec=2.92527e+07 delivery_msg_per_sec=5.85054e+07 delivery_mib_per_sec=3570.88
# measured round=18 scenario=fifo
RESULT library=salias-ipc scenario=fifo page=normal pinning=off cpu_base=-1 cpu_stride=1 producers=2 consumers=2 payload=64 capacity=4194304 batch_size=1 poll_limit=64 published=4000000 delivered=8000000 seconds=0.291376 publish_msg_per_sec=1.3728e+07 delivery_msg_per_sec=2.74559e+07 delivery_mib_per_sec=1675.78
RESULT library=aeron-cpp scenario=mpmc pinning=off cpu_base=-1 cpu_stride=1 term_length=4194304 producers=2 consumers=2 payload=64 published=4000000 delivered=8000000 seconds=0.191781 publish_msg_per_sec=2.08571e+07 delivery_msg_per_sec=4.17142e+07 delivery_mib_per_sec=2546.03
# measured round=19 scenario=fifo
RESULT library=salias-ipc scenario=fifo page=normal pinning=off cpu_base=-1 cpu_stride=1 producers=2 consumers=2 payload=64 capacity=4194304 batch_size=1 poll_limit=64 published=4000000 delivered=8000000 seconds=0.372803 publish_msg_per_sec=1.07295e+07 delivery_msg_per_sec=2.14591e+07 delivery_mib_per_sec=1309.76
RESULT library=aeron-cpp scenario=mpmc pinning=off cpu_base=-1 cpu_stride=1 term_length=4194304 producers=2 consumers=2 payload=64 published=4000000 delivered=8000000 seconds=0.132399 publish_msg_per_sec=3.02117e+07 delivery_msg_per_sec=6.04234e+07 delivery_mib_per_sec=3687.95
# measured round=20 scenario=fifo
RESULT library=salias-ipc scenario=fifo page=normal pinning=off cpu_base=-1 cpu_stride=1 producers=2 consumers=2 payload=64 capacity=4194304 batch_size=1 poll_limit=64 published=4000000 delivered=8000000 seconds=0.309576 publish_msg_per_sec=1.29209e+07 delivery_msg_per_sec=2.58418e+07 delivery_mib_per_sec=1577.26
RESULT library=aeron-cpp scenario=mpmc pinning=off cpu_base=-1 cpu_stride=1 term_length=4194304 producers=2 consumers=2 payload=64 published=4000000 delivered=8000000 seconds=0.205588 publish_msg_per_sec=1.94564e+07 delivery_msg_per_sec=3.89128e+07 delivery_mib_per_sec=2375.05
# warmup round=1 scenario=ordered
# warmup round=2 scenario=ordered
# warmup round=3 scenario=ordered
# measured round=1 scenario=ordered
RESULT library=salias-ipc scenario=ordered page=normal pinning=off cpu_base=-1 cpu_stride=1 producers=2 consumers=2 payload=64 capacity=4194304 batch_size=1 poll_limit=64 published=4000000 delivered=8000000 seconds=0.377612 publish_msg_per_sec=1.05929e+07 delivery_msg_per_sec=2.11857e+07 delivery_mib_per_sec=1293.08
RESULT library=aeron-cpp scenario=mpmc pinning=off cpu_base=-1 cpu_stride=1 term_length=4194304 producers=2 consumers=2 payload=64 published=4000000 delivered=8000000 seconds=0.183548 publish_msg_per_sec=2.17926e+07 delivery_msg_per_sec=4.35852e+07 delivery_mib_per_sec=2660.23
# measured round=2 scenario=ordered
RESULT library=salias-ipc scenario=ordered page=normal pinning=off cpu_base=-1 cpu_stride=1 producers=2 consumers=2 payload=64 capacity=4194304 batch_size=1 poll_limit=64 published=4000000 delivered=8000000 seconds=0.416862 publish_msg_per_sec=9.5955e+06 delivery_msg_per_sec=1.9191e+07 delivery_mib_per_sec=1171.33
RESULT library=aeron-cpp scenario=mpmc pinning=off cpu_base=-1 cpu_stride=1 term_length=4194304 producers=2 consumers=2 payload=64 published=4000000 delivered=8000000 seconds=0.139839 publish_msg_per_sec=2.86044e+07 delivery_msg_per_sec=5.72088e+07 delivery_mib_per_sec=3491.75
# measured round=3 scenario=ordered
RESULT library=salias-ipc scenario=ordered page=normal pinning=off cpu_base=-1 cpu_stride=1 producers=2 consumers=2 payload=64 capacity=4194304 batch_size=1 poll_limit=64 published=4000000 delivered=8000000 seconds=0.512562 publish_msg_per_sec=7.80394e+06 delivery_msg_per_sec=1.56079e+07 delivery_mib_per_sec=952.629
RESULT library=aeron-cpp scenario=mpmc pinning=off cpu_base=-1 cpu_stride=1 term_length=4194304 producers=2 consumers=2 payload=64 published=4000000 delivered=8000000 seconds=0.176866 publish_msg_per_sec=2.2616e+07 delivery_msg_per_sec=4.5232e+07 delivery_mib_per_sec=2760.74
# measured round=4 scenario=ordered
RESULT library=salias-ipc scenario=ordered page=normal pinning=off cpu_base=-1 cpu_stride=1 producers=2 consumers=2 payload=64 capacity=4194304 batch_size=1 poll_limit=64 published=4000000 delivered=8000000 seconds=0.434129 publish_msg_per_sec=9.21386e+06 delivery_msg_per_sec=1.84277e+07 delivery_mib_per_sec=1124.74
RESULT library=aeron-cpp scenario=mpmc pinning=off cpu_base=-1 cpu_stride=1 term_length=4194304 producers=2 consumers=2 payload=64 published=4000000 delivered=8000000 seconds=0.160775 publish_msg_per_sec=2.48794e+07 delivery_msg_per_sec=4.97589e+07 delivery_mib_per_sec=3037.04
# measured round=5 scenario=ordered
RESULT library=salias-ipc scenario=ordered page=normal pinning=off cpu_base=-1 cpu_stride=1 producers=2 consumers=2 payload=64 capacity=4194304 batch_size=1 poll_limit=64 published=4000000 delivered=8000000 seconds=0.497035 publish_msg_per_sec=8.04772e+06 delivery_msg_per_sec=1.60954e+07 delivery_mib_per_sec=982.388
RESULT library=aeron-cpp scenario=mpmc pinning=off cpu_base=-1 cpu_stride=1 term_length=4194304 producers=2 consumers=2 payload=64 published=4000000 delivered=8000000 seconds=0.222111 publish_msg_per_sec=1.8009e+07 delivery_msg_per_sec=3.60181e+07 delivery_mib_per_sec=2198.37
# measured round=6 scenario=ordered
RESULT library=salias-ipc scenario=ordered page=normal pinning=off cpu_base=-1 cpu_stride=1 producers=2 consumers=2 payload=64 capacity=4194304 batch_size=1 poll_limit=64 published=4000000 delivered=8000000 seconds=0.382057 publish_msg_per_sec=1.04696e+07 delivery_msg_per_sec=2.09393e+07 delivery_mib_per_sec=1278.03
RESULT library=aeron-cpp scenario=mpmc pinning=off cpu_base=-1 cpu_stride=1 term_length=4194304 producers=2 consumers=2 payload=64 published=4000000 delivered=8000000 seconds=0.156579 publish_msg_per_sec=2.55462e+07 delivery_msg_per_sec=5.10923e+07 delivery_mib_per_sec=3118.43
# measured round=7 scenario=ordered
RESULT library=salias-ipc scenario=ordered page=normal pinning=off cpu_base=-1 cpu_stride=1 producers=2 consumers=2 payload=64 capacity=4194304 batch_size=1 poll_limit=64 published=4000000 delivered=8000000 seconds=0.797883 publish_msg_per_sec=5.01326e+06 delivery_msg_per_sec=1.00265e+07 delivery_mib_per_sec=611.971
RESULT library=aeron-cpp scenario=mpmc pinning=off cpu_base=-1 cpu_stride=1 term_length=4194304 producers=2 consumers=2 payload=64 published=4000000 delivered=8000000 seconds=0.170126 publish_msg_per_sec=2.3512e+07 delivery_msg_per_sec=4.7024e+07 delivery_mib_per_sec=2870.12
# measured round=8 scenario=ordered
RESULT library=salias-ipc scenario=ordered page=normal pinning=off cpu_base=-1 cpu_stride=1 producers=2 consumers=2 payload=64 capacity=4194304 batch_size=1 poll_limit=64 published=4000000 delivered=8000000 seconds=0.427663 publish_msg_per_sec=9.35316e+06 delivery_msg_per_sec=1.87063e+07 delivery_mib_per_sec=1141.74
RESULT library=aeron-cpp scenario=mpmc pinning=off cpu_base=-1 cpu_stride=1 term_length=4194304 producers=2 consumers=2 payload=64 published=4000000 delivered=8000000 seconds=0.180342 publish_msg_per_sec=2.218e+07 delivery_msg_per_sec=4.43601e+07 delivery_mib_per_sec=2707.53
# measured round=9 scenario=ordered
RESULT library=salias-ipc scenario=ordered page=normal pinning=off cpu_base=-1 cpu_stride=1 producers=2 consumers=2 payload=64 capacity=4194304 batch_size=1 poll_limit=64 published=4000000 delivered=8000000 seconds=0.561817 publish_msg_per_sec=7.11976e+06 delivery_msg_per_sec=1.42395e+07 delivery_mib_per_sec=869.111
RESULT library=aeron-cpp scenario=mpmc pinning=off cpu_base=-1 cpu_stride=1 term_length=4194304 producers=2 consumers=2 payload=64 published=4000000 delivered=8000000 seconds=0.266933 publish_msg_per_sec=1.4985e+07 delivery_msg_per_sec=2.997e+07 delivery_mib_per_sec=1829.23
# measured round=10 scenario=ordered
RESULT library=salias-ipc scenario=ordered page=normal pinning=off cpu_base=-1 cpu_stride=1 producers=2 consumers=2 payload=64 capacity=4194304 batch_size=1 poll_limit=64 published=4000000 delivered=8000000 seconds=0.486829 publish_msg_per_sec=8.21643e+06 delivery_msg_per_sec=1.64329e+07 delivery_mib_per_sec=1002.98
RESULT library=aeron-cpp scenario=mpmc pinning=off cpu_base=-1 cpu_stride=1 term_length=4194304 producers=2 consumers=2 payload=64 published=4000000 delivered=8000000 seconds=0.161387 publish_msg_per_sec=2.47851e+07 delivery_msg_per_sec=4.95701e+07 delivery_mib_per_sec=3025.52
# measured round=11 scenario=ordered
RESULT library=salias-ipc scenario=ordered page=normal pinning=off cpu_base=-1 cpu_stride=1 producers=2 consumers=2 payload=64 capacity=4194304 batch_size=1 poll_limit=64 published=4000000 delivered=8000000 seconds=0.431649 publish_msg_per_sec=9.26678e+06 delivery_msg_per_sec=1.85336e+07 delivery_mib_per_sec=1131.2
RESULT library=aeron-cpp scenario=mpmc pinning=off cpu_base=-1 cpu_stride=1 term_length=4194304 producers=2 consumers=2 payload=64 published=4000000 delivered=8000000 seconds=0.196756 publish_msg_per_sec=2.03297e+07 delivery_msg_per_sec=4.06595e+07 delivery_mib_per_sec=2481.66
# measured round=12 scenario=ordered
RESULT library=salias-ipc scenario=ordered page=normal pinning=off cpu_base=-1 cpu_stride=1 producers=2 consumers=2 payload=64 capacity=4194304 batch_size=1 poll_limit=64 published=4000000 delivered=8000000 seconds=0.476163 publish_msg_per_sec=8.40048e+06 delivery_msg_per_sec=1.6801e+07 delivery_mib_per_sec=1025.45
RESULT library=aeron-cpp scenario=mpmc pinning=off cpu_base=-1 cpu_stride=1 term_length=4194304 producers=2 consumers=2 payload=64 published=4000000 delivered=8000000 seconds=0.178463 publish_msg_per_sec=2.24136e+07 delivery_msg_per_sec=4.48272e+07 delivery_mib_per_sec=2736.04
# measured round=13 scenario=ordered
RESULT library=salias-ipc scenario=ordered page=normal pinning=off cpu_base=-1 cpu_stride=1 producers=2 consumers=2 payload=64 capacity=4194304 batch_size=1 poll_limit=64 published=4000000 delivered=8000000 seconds=0.473297 publish_msg_per_sec=8.45136e+06 delivery_msg_per_sec=1.69027e+07 delivery_mib_per_sec=1031.66
RESULT library=aeron-cpp scenario=mpmc pinning=off cpu_base=-1 cpu_stride=1 term_length=4194304 producers=2 consumers=2 payload=64 published=4000000 delivered=8000000 seconds=0.14728 publish_msg_per_sec=2.71591e+07 delivery_msg_per_sec=5.43182e+07 delivery_mib_per_sec=3315.32
# measured round=14 scenario=ordered
RESULT library=salias-ipc scenario=ordered page=normal pinning=off cpu_base=-1 cpu_stride=1 producers=2 consumers=2 payload=64 capacity=4194304 batch_size=1 poll_limit=64 published=4000000 delivered=8000000 seconds=0.443396 publish_msg_per_sec=9.02129e+06 delivery_msg_per_sec=1.80426e+07 delivery_mib_per_sec=1101.23
RESULT library=aeron-cpp scenario=mpmc pinning=off cpu_base=-1 cpu_stride=1 term_length=4194304 producers=2 consumers=2 payload=64 published=4000000 delivered=8000000 seconds=0.165172 publish_msg_per_sec=2.42172e+07 delivery_msg_per_sec=4.84344e+07 delivery_mib_per_sec=2956.2
# measured round=15 scenario=ordered
RESULT library=salias-ipc scenario=ordered page=normal pinning=off cpu_base=-1 cpu_stride=1 producers=2 consumers=2 payload=64 capacity=4194304 batch_size=1 poll_limit=64 published=4000000 delivered=8000000 seconds=0.472165 publish_msg_per_sec=8.47161e+06 delivery_msg_per_sec=1.69432e+07 delivery_mib_per_sec=1034.13
RESULT library=aeron-cpp scenario=mpmc pinning=off cpu_base=-1 cpu_stride=1 term_length=4194304 producers=2 consumers=2 payload=64 published=4000000 delivered=8000000 seconds=0.276093 publish_msg_per_sec=1.44879e+07 delivery_msg_per_sec=2.89757e+07 delivery_mib_per_sec=1768.54
# measured round=16 scenario=ordered
RESULT library=salias-ipc scenario=ordered page=normal pinning=off cpu_base=-1 cpu_stride=1 producers=2 consumers=2 payload=64 capacity=4194304 batch_size=1 poll_limit=64 published=4000000 delivered=8000000 seconds=0.487738 publish_msg_per_sec=8.20113e+06 delivery_msg_per_sec=1.64023e+07 delivery_mib_per_sec=1001.11
RESULT library=aeron-cpp scenario=mpmc pinning=off cpu_base=-1 cpu_stride=1 term_length=4194304 producers=2 consumers=2 payload=64 published=4000000 delivered=8000000 seconds=0.206537 publish_msg_per_sec=1.9367e+07 delivery_msg_per_sec=3.8734e+07 delivery_mib_per_sec=2364.14
# measured round=17 scenario=ordered
RESULT library=salias-ipc scenario=ordered page=normal pinning=off cpu_base=-1 cpu_stride=1 producers=2 consumers=2 payload=64 capacity=4194304 batch_size=1 poll_limit=64 published=4000000 delivered=8000000 seconds=0.455706 publish_msg_per_sec=8.77758e+06 delivery_msg_per_sec=1.75552e+07 delivery_mib_per_sec=1071.48
RESULT library=aeron-cpp scenario=mpmc pinning=off cpu_base=-1 cpu_stride=1 term_length=4194304 producers=2 consumers=2 payload=64 published=4000000 delivered=8000000 seconds=0.13442 publish_msg_per_sec=2.97575e+07 delivery_msg_per_sec=5.95149e+07 delivery_mib_per_sec=3632.5
# measured round=18 scenario=ordered
RESULT library=salias-ipc scenario=ordered page=normal pinning=off cpu_base=-1 cpu_stride=1 producers=2 consumers=2 payload=64 capacity=4194304 batch_size=1 poll_limit=64 published=4000000 delivered=8000000 seconds=0.415204 publish_msg_per_sec=9.63382e+06 delivery_msg_per_sec=1.92676e+07 delivery_mib_per_sec=1176
RESULT library=aeron-cpp scenario=mpmc pinning=off cpu_base=-1 cpu_stride=1 term_length=4194304 producers=2 consumers=2 payload=64 published=4000000 delivered=8000000 seconds=0.141393 publish_msg_per_sec=2.829e+07 delivery_msg_per_sec=5.65799e+07 delivery_mib_per_sec=3453.36
# measured round=19 scenario=ordered
RESULT library=salias-ipc scenario=ordered page=normal pinning=off cpu_base=-1 cpu_stride=1 producers=2 consumers=2 payload=64 capacity=4194304 batch_size=1 poll_limit=64 published=4000000 delivered=8000000 seconds=0.488838 publish_msg_per_sec=8.18266e+06 delivery_msg_per_sec=1.63653e+07 delivery_mib_per_sec=998.86
RESULT library=aeron-cpp scenario=mpmc pinning=off cpu_base=-1 cpu_stride=1 term_length=4194304 producers=2 consumers=2 payload=64 published=4000000 delivered=8000000 seconds=0.177686 publish_msg_per_sec=2.25117e+07 delivery_msg_per_sec=4.50233e+07 delivery_mib_per_sec=2748.01
# measured round=20 scenario=ordered
RESULT library=salias-ipc scenario=ordered page=normal pinning=off cpu_base=-1 cpu_stride=1 producers=2 consumers=2 payload=64 capacity=4194304 batch_size=1 poll_limit=64 published=4000000 delivered=8000000 seconds=0.487525 publish_msg_per_sec=8.20471e+06 delivery_msg_per_sec=1.64094e+07 delivery_mib_per_sec=1001.55
RESULT library=aeron-cpp scenario=mpmc pinning=off cpu_base=-1 cpu_stride=1 term_length=4194304 producers=2 consumers=2 payload=64 published=4000000 delivered=8000000 seconds=0.166921 publish_msg_per_sec=2.39634e+07 delivery_msg_per_sec=4.79269e+07 delivery_mib_per_sec=2925.23
