# salias named IPC vs Aeron C++ IPC release comparison
# payload=64B; salias_batch_size=8; poll_limit=64; fragment_limit=64; warmup=3; rounds=20; latency_sample_rate=0
# salias_pages=normal; capacities normal=4194304 huge2m=4194304 huge1g=1073741824
# pin_cpus=1; cpu_base=0; cpu_stride=1; aeron_driver_cpu=3; aeron_term_length=4194304
# scenarios=fifo ordered; FIFO=2P/1C; ORDERED=2P/1C
# warmup round=1 scenario=fifo
# warmup round=2 scenario=fifo
# warmup round=3 scenario=fifo
# measured round=1 scenario=fifo
LATENCY library=salias-ipc scenario=fifo consumer=0 samples=0 p50_ns=0 p99_ns=0 p999_ns=0 max_ns=0
RESULT library=salias-ipc scenario=fifo page=normal pinning=on cpu_base=0 cpu_stride=1 producers=2 consumers=1 payload=64 capacity=4194304 batch_size=8 publication_window=0 poll_limit=64 published=4000000 delivered=4000000 seconds=0.107626 publish_msg_per_sec=3.71657e+07 delivery_msg_per_sec=3.71657e+07 delivery_mib_per_sec=2268.42 latency_sample_rate=0 latency_samples=0 latency_p50_ns=0 latency_p99_ns=0 latency_p999_ns=0 latency_max_ns=0
LATENCY library=aeron-cpp scenario=mpsc consumer=0 samples=0 p50_ns=0 p99_ns=0 p999_ns=0 max_ns=0
RESULT library=aeron-cpp scenario=mpsc pinning=on cpu_base=0 cpu_stride=1 term_length=4194304 producers=2 consumers=1 payload=64 published=4000000 delivered=4000000 seconds=0.119185 publish_msg_per_sec=3.35612e+07 delivery_msg_per_sec=3.35612e+07 delivery_mib_per_sec=2048.41 latency_sample_rate=0 latency_samples=0 latency_p50_ns=0 latency_p99_ns=0 latency_p999_ns=0 latency_max_ns=0
# measured round=2 scenario=fifo
LATENCY library=salias-ipc scenario=fifo consumer=0 samples=0 p50_ns=0 p99_ns=0 p999_ns=0 max_ns=0
RESULT library=salias-ipc scenario=fifo page=normal pinning=on cpu_base=0 cpu_stride=1 producers=2 consumers=1 payload=64 capacity=4194304 batch_size=8 publication_window=0 poll_limit=64 published=4000000 delivered=4000000 seconds=0.108049 publish_msg_per_sec=3.70202e+07 delivery_msg_per_sec=3.70202e+07 delivery_mib_per_sec=2259.54 latency_sample_rate=0 latency_samples=0 latency_p50_ns=0 latency_p99_ns=0 latency_p999_ns=0 latency_max_ns=0
LATENCY library=aeron-cpp scenario=mpsc consumer=0 samples=0 p50_ns=0 p99_ns=0 p999_ns=0 max_ns=0
RESULT library=aeron-cpp scenario=mpsc pinning=on cpu_base=0 cpu_stride=1 term_length=4194304 producers=2 consumers=1 payload=64 published=4000000 delivered=4000000 seconds=0.110767 publish_msg_per_sec=3.61117e+07 delivery_msg_per_sec=3.61117e+07 delivery_mib_per_sec=2204.08 latency_sample_rate=0 latency_samples=0 latency_p50_ns=0 latency_p99_ns=0 latency_p999_ns=0 latency_max_ns=0
# measured round=3 scenario=fifo
LATENCY library=salias-ipc scenario=fifo consumer=0 samples=0 p50_ns=0 p99_ns=0 p999_ns=0 max_ns=0
RESULT library=salias-ipc scenario=fifo page=normal pinning=on cpu_base=0 cpu_stride=1 producers=2 consumers=1 payload=64 capacity=4194304 batch_size=8 publication_window=0 poll_limit=64 published=4000000 delivered=4000000 seconds=0.102318 publish_msg_per_sec=3.90937e+07 delivery_msg_per_sec=3.90937e+07 delivery_mib_per_sec=2386.09 latency_sample_rate=0 latency_samples=0 latency_p50_ns=0 latency_p99_ns=0 latency_p999_ns=0 latency_max_ns=0
LATENCY library=aeron-cpp scenario=mpsc consumer=0 samples=0 p50_ns=0 p99_ns=0 p999_ns=0 max_ns=0
RESULT library=aeron-cpp scenario=mpsc pinning=on cpu_base=0 cpu_stride=1 term_length=4194304 producers=2 consumers=1 payload=64 published=4000000 delivered=4000000 seconds=0.0936573 publish_msg_per_sec=4.27089e+07 delivery_msg_per_sec=4.27089e+07 delivery_mib_per_sec=2606.74 latency_sample_rate=0 latency_samples=0 latency_p50_ns=0 latency_p99_ns=0 latency_p999_ns=0 latency_max_ns=0
# measured round=4 scenario=fifo
LATENCY library=salias-ipc scenario=fifo consumer=0 samples=0 p50_ns=0 p99_ns=0 p999_ns=0 max_ns=0
RESULT library=salias-ipc scenario=fifo page=normal pinning=on cpu_base=0 cpu_stride=1 producers=2 consumers=1 payload=64 capacity=4194304 batch_size=8 publication_window=0 poll_limit=64 published=4000000 delivered=4000000 seconds=0.150238 publish_msg_per_sec=2.66245e+07 delivery_msg_per_sec=2.66245e+07 delivery_mib_per_sec=1625.03 latency_sample_rate=0 latency_samples=0 latency_p50_ns=0 latency_p99_ns=0 latency_p999_ns=0 latency_max_ns=0
LATENCY library=aeron-cpp scenario=mpsc consumer=0 samples=0 p50_ns=0 p99_ns=0 p999_ns=0 max_ns=0
RESULT library=aeron-cpp scenario=mpsc pinning=on cpu_base=0 cpu_stride=1 term_length=4194304 producers=2 consumers=1 payload=64 published=4000000 delivered=4000000 seconds=0.108384 publish_msg_per_sec=3.69059e+07 delivery_msg_per_sec=3.69059e+07 delivery_mib_per_sec=2252.56 latency_sample_rate=0 latency_samples=0 latency_p50_ns=0 latency_p99_ns=0 latency_p999_ns=0 latency_max_ns=0
# measured round=5 scenario=fifo
LATENCY library=salias-ipc scenario=fifo consumer=0 samples=0 p50_ns=0 p99_ns=0 p999_ns=0 max_ns=0
RESULT library=salias-ipc scenario=fifo page=normal pinning=on cpu_base=0 cpu_stride=1 producers=2 consumers=1 payload=64 capacity=4194304 batch_size=8 publication_window=0 poll_limit=64 published=4000000 delivered=4000000 seconds=0.125971 publish_msg_per_sec=3.17534e+07 delivery_msg_per_sec=3.17534e+07 delivery_mib_per_sec=1938.07 latency_sample_rate=0 latency_samples=0 latency_p50_ns=0 latency_p99_ns=0 latency_p999_ns=0 latency_max_ns=0
LATENCY library=aeron-cpp scenario=mpsc consumer=0 samples=0 p50_ns=0 p99_ns=0 p999_ns=0 max_ns=0
RESULT library=aeron-cpp scenario=mpsc pinning=on cpu_base=0 cpu_stride=1 term_length=4194304 producers=2 consumers=1 payload=64 published=4000000 delivered=4000000 seconds=0.124321 publish_msg_per_sec=3.21747e+07 delivery_msg_per_sec=3.21747e+07 delivery_mib_per_sec=1963.79 latency_sample_rate=0 latency_samples=0 latency_p50_ns=0 latency_p99_ns=0 latency_p999_ns=0 latency_max_ns=0
# measured round=6 scenario=fifo
LATENCY library=salias-ipc scenario=fifo consumer=0 samples=0 p50_ns=0 p99_ns=0 p999_ns=0 max_ns=0
RESULT library=salias-ipc scenario=fifo page=normal pinning=on cpu_base=0 cpu_stride=1 producers=2 consumers=1 payload=64 capacity=4194304 batch_size=8 publication_window=0 poll_limit=64 published=4000000 delivered=4000000 seconds=0.107812 publish_msg_per_sec=3.71017e+07 delivery_msg_per_sec=3.71017e+07 delivery_mib_per_sec=2264.51 latency_sample_rate=0 latency_samples=0 latency_p50_ns=0 latency_p99_ns=0 latency_p999_ns=0 latency_max_ns=0
LATENCY library=aeron-cpp scenario=mpsc consumer=0 samples=0 p50_ns=0 p99_ns=0 p999_ns=0 max_ns=0
RESULT library=aeron-cpp scenario=mpsc pinning=on cpu_base=0 cpu_stride=1 term_length=4194304 producers=2 consumers=1 payload=64 published=4000000 delivered=4000000 seconds=0.170046 publish_msg_per_sec=2.35231e+07 delivery_msg_per_sec=2.35231e+07 delivery_mib_per_sec=1435.74 latency_sample_rate=0 latency_samples=0 latency_p50_ns=0 latency_p99_ns=0 latency_p999_ns=0 latency_max_ns=0
# measured round=7 scenario=fifo
LATENCY library=salias-ipc scenario=fifo consumer=0 samples=0 p50_ns=0 p99_ns=0 p999_ns=0 max_ns=0
RESULT library=salias-ipc scenario=fifo page=normal pinning=on cpu_base=0 cpu_stride=1 producers=2 consumers=1 payload=64 capacity=4194304 batch_size=8 publication_window=0 poll_limit=64 published=4000000 delivered=4000000 seconds=0.119438 publish_msg_per_sec=3.34902e+07 delivery_msg_per_sec=3.34902e+07 delivery_mib_per_sec=2044.08 latency_sample_rate=0 latency_samples=0 latency_p50_ns=0 latency_p99_ns=0 latency_p999_ns=0 latency_max_ns=0
LATENCY library=aeron-cpp scenario=mpsc consumer=0 samples=0 p50_ns=0 p99_ns=0 p999_ns=0 max_ns=0
RESULT library=aeron-cpp scenario=mpsc pinning=on cpu_base=0 cpu_stride=1 term_length=4194304 producers=2 consumers=1 payload=64 published=4000000 delivered=4000000 seconds=0.117473 publish_msg_per_sec=3.40505e+07 delivery_msg_per_sec=3.40505e+07 delivery_mib_per_sec=2078.27 latency_sample_rate=0 latency_samples=0 latency_p50_ns=0 latency_p99_ns=0 latency_p999_ns=0 latency_max_ns=0
# measured round=8 scenario=fifo
LATENCY library=salias-ipc scenario=fifo consumer=0 samples=0 p50_ns=0 p99_ns=0 p999_ns=0 max_ns=0
RESULT library=salias-ipc scenario=fifo page=normal pinning=on cpu_base=0 cpu_stride=1 producers=2 consumers=1 payload=64 capacity=4194304 batch_size=8 publication_window=0 poll_limit=64 published=4000000 delivered=4000000 seconds=0.119049 publish_msg_per_sec=3.35995e+07 delivery_msg_per_sec=3.35995e+07 delivery_mib_per_sec=2050.75 latency_sample_rate=0 latency_samples=0 latency_p50_ns=0 latency_p99_ns=0 latency_p999_ns=0 latency_max_ns=0
LATENCY library=aeron-cpp scenario=mpsc consumer=0 samples=0 p50_ns=0 p99_ns=0 p999_ns=0 max_ns=0
RESULT library=aeron-cpp scenario=mpsc pinning=on cpu_base=0 cpu_stride=1 term_length=4194304 producers=2 consumers=1 payload=64 published=4000000 delivered=4000000 seconds=0.10701 publish_msg_per_sec=3.73797e+07 delivery_msg_per_sec=3.73797e+07 delivery_mib_per_sec=2281.47 latency_sample_rate=0 latency_samples=0 latency_p50_ns=0 latency_p99_ns=0 latency_p999_ns=0 latency_max_ns=0
# measured round=9 scenario=fifo
LATENCY library=salias-ipc scenario=fifo consumer=0 samples=0 p50_ns=0 p99_ns=0 p999_ns=0 max_ns=0
RESULT library=salias-ipc scenario=fifo page=normal pinning=on cpu_base=0 cpu_stride=1 producers=2 consumers=1 payload=64 capacity=4194304 batch_size=8 publication_window=0 poll_limit=64 published=4000000 delivered=4000000 seconds=0.123038 publish_msg_per_sec=3.25103e+07 delivery_msg_per_sec=3.25103e+07 delivery_mib_per_sec=1984.27 latency_sample_rate=0 latency_samples=0 latency_p50_ns=0 latency_p99_ns=0 latency_p999_ns=0 latency_max_ns=0
LATENCY library=aeron-cpp scenario=mpsc consumer=0 samples=0 p50_ns=0 p99_ns=0 p999_ns=0 max_ns=0
RESULT library=aeron-cpp scenario=mpsc pinning=on cpu_base=0 cpu_stride=1 term_length=4194304 producers=2 consumers=1 payload=64 published=4000000 delivered=4000000 seconds=0.106112 publish_msg_per_sec=3.76959e+07 delivery_msg_per_sec=3.76959e+07 delivery_mib_per_sec=2300.78 latency_sample_rate=0 latency_samples=0 latency_p50_ns=0 latency_p99_ns=0 latency_p999_ns=0 latency_max_ns=0
# measured round=10 scenario=fifo
LATENCY library=salias-ipc scenario=fifo consumer=0 samples=0 p50_ns=0 p99_ns=0 p999_ns=0 max_ns=0
RESULT library=salias-ipc scenario=fifo page=normal pinning=on cpu_base=0 cpu_stride=1 producers=2 consumers=1 payload=64 capacity=4194304 batch_size=8 publication_window=0 poll_limit=64 published=4000000 delivered=4000000 seconds=0.116072 publish_msg_per_sec=3.44614e+07 delivery_msg_per_sec=3.44614e+07 delivery_mib_per_sec=2103.36 latency_sample_rate=0 latency_samples=0 latency_p50_ns=0 latency_p99_ns=0 latency_p999_ns=0 latency_max_ns=0
LATENCY library=aeron-cpp scenario=mpsc consumer=0 samples=0 p50_ns=0 p99_ns=0 p999_ns=0 max_ns=0
RESULT library=aeron-cpp scenario=mpsc pinning=on cpu_base=0 cpu_stride=1 term_length=4194304 producers=2 consumers=1 payload=64 published=4000000 delivered=4000000 seconds=0.129494 publish_msg_per_sec=3.08896e+07 delivery_msg_per_sec=3.08896e+07 delivery_mib_per_sec=1885.35 latency_sample_rate=0 latency_samples=0 latency_p50_ns=0 latency_p99_ns=0 latency_p999_ns=0 latency_max_ns=0
# measured round=11 scenario=fifo
LATENCY library=salias-ipc scenario=fifo consumer=0 samples=0 p50_ns=0 p99_ns=0 p999_ns=0 max_ns=0
RESULT library=salias-ipc scenario=fifo page=normal pinning=on cpu_base=0 cpu_stride=1 producers=2 consumers=1 payload=64 capacity=4194304 batch_size=8 publication_window=0 poll_limit=64 published=4000000 delivered=4000000 seconds=0.0923536 publish_msg_per_sec=4.33118e+07 delivery_msg_per_sec=4.33118e+07 delivery_mib_per_sec=2643.54 latency_sample_rate=0 latency_samples=0 latency_p50_ns=0 latency_p99_ns=0 latency_p999_ns=0 latency_max_ns=0
LATENCY library=aeron-cpp scenario=mpsc consumer=0 samples=0 p50_ns=0 p99_ns=0 p999_ns=0 max_ns=0
RESULT library=aeron-cpp scenario=mpsc pinning=on cpu_base=0 cpu_stride=1 term_length=4194304 producers=2 consumers=1 payload=64 published=4000000 delivered=4000000 seconds=0.100556 publish_msg_per_sec=3.97789e+07 delivery_msg_per_sec=3.97789e+07 delivery_mib_per_sec=2427.91 latency_sample_rate=0 latency_samples=0 latency_p50_ns=0 latency_p99_ns=0 latency_p999_ns=0 latency_max_ns=0
# measured round=12 scenario=fifo
LATENCY library=salias-ipc scenario=fifo consumer=0 samples=0 p50_ns=0 p99_ns=0 p999_ns=0 max_ns=0
RESULT library=salias-ipc scenario=fifo page=normal pinning=on cpu_base=0 cpu_stride=1 producers=2 consumers=1 payload=64 capacity=4194304 batch_size=8 publication_window=0 poll_limit=64 published=4000000 delivered=4000000 seconds=0.098506 publish_msg_per_sec=4.06066e+07 delivery_msg_per_sec=4.06066e+07 delivery_mib_per_sec=2478.43 latency_sample_rate=0 latency_samples=0 latency_p50_ns=0 latency_p99_ns=0 latency_p999_ns=0 latency_max_ns=0
LATENCY library=aeron-cpp scenario=mpsc consumer=0 samples=0 p50_ns=0 p99_ns=0 p999_ns=0 max_ns=0
RESULT library=aeron-cpp scenario=mpsc pinning=on cpu_base=0 cpu_stride=1 term_length=4194304 producers=2 consumers=1 payload=64 published=4000000 delivered=4000000 seconds=0.108888 publish_msg_per_sec=3.67348e+07 delivery_msg_per_sec=3.67348e+07 delivery_mib_per_sec=2242.12 latency_sample_rate=0 latency_samples=0 latency_p50_ns=0 latency_p99_ns=0 latency_p999_ns=0 latency_max_ns=0
# measured round=13 scenario=fifo
LATENCY library=salias-ipc scenario=fifo consumer=0 samples=0 p50_ns=0 p99_ns=0 p999_ns=0 max_ns=0
RESULT library=salias-ipc scenario=fifo page=normal pinning=on cpu_base=0 cpu_stride=1 producers=2 consumers=1 payload=64 capacity=4194304 batch_size=8 publication_window=0 poll_limit=64 published=4000000 delivered=4000000 seconds=0.0907202 publish_msg_per_sec=4.40916e+07 delivery_msg_per_sec=4.40916e+07 delivery_mib_per_sec=2691.14 latency_sample_rate=0 latency_samples=0 latency_p50_ns=0 latency_p99_ns=0 latency_p999_ns=0 latency_max_ns=0
LATENCY library=aeron-cpp scenario=mpsc consumer=0 samples=0 p50_ns=0 p99_ns=0 p999_ns=0 max_ns=0
RESULT library=aeron-cpp scenario=mpsc pinning=on cpu_base=0 cpu_stride=1 term_length=4194304 producers=2 consumers=1 payload=64 published=4000000 delivered=4000000 seconds=0.101221 publish_msg_per_sec=3.95174e+07 delivery_msg_per_sec=3.95174e+07 delivery_mib_per_sec=2411.95 latency_sample_rate=0 latency_samples=0 latency_p50_ns=0 latency_p99_ns=0 latency_p999_ns=0 latency_max_ns=0
# measured round=14 scenario=fifo
LATENCY library=salias-ipc scenario=fifo consumer=0 samples=0 p50_ns=0 p99_ns=0 p999_ns=0 max_ns=0
RESULT library=salias-ipc scenario=fifo page=normal pinning=on cpu_base=0 cpu_stride=1 producers=2 consumers=1 payload=64 capacity=4194304 batch_size=8 publication_window=0 poll_limit=64 published=4000000 delivered=4000000 seconds=0.0899852 publish_msg_per_sec=4.44517e+07 delivery_msg_per_sec=4.44517e+07 delivery_mib_per_sec=2713.12 latency_sample_rate=0 latency_samples=0 latency_p50_ns=0 latency_p99_ns=0 latency_p999_ns=0 latency_max_ns=0
LATENCY library=aeron-cpp scenario=mpsc consumer=0 samples=0 p50_ns=0 p99_ns=0 p999_ns=0 max_ns=0
RESULT library=aeron-cpp scenario=mpsc pinning=on cpu_base=0 cpu_stride=1 term_length=4194304 producers=2 consumers=1 payload=64 published=4000000 delivered=4000000 seconds=0.100104 publish_msg_per_sec=3.99584e+07 delivery_msg_per_sec=3.99584e+07 delivery_mib_per_sec=2438.87 latency_sample_rate=0 latency_samples=0 latency_p50_ns=0 latency_p99_ns=0 latency_p999_ns=0 latency_max_ns=0
# measured round=15 scenario=fifo
LATENCY library=salias-ipc scenario=fifo consumer=0 samples=0 p50_ns=0 p99_ns=0 p999_ns=0 max_ns=0
RESULT library=salias-ipc scenario=fifo page=normal pinning=on cpu_base=0 cpu_stride=1 producers=2 consumers=1 payload=64 capacity=4194304 batch_size=8 publication_window=0 poll_limit=64 published=4000000 delivered=4000000 seconds=0.0906642 publish_msg_per_sec=4.41188e+07 delivery_msg_per_sec=4.41188e+07 delivery_mib_per_sec=2692.8 latency_sample_rate=0 latency_samples=0 latency_p50_ns=0 latency_p99_ns=0 latency_p999_ns=0 latency_max_ns=0
LATENCY library=aeron-cpp scenario=mpsc consumer=0 samples=0 p50_ns=0 p99_ns=0 p999_ns=0 max_ns=0
RESULT library=aeron-cpp scenario=mpsc pinning=on cpu_base=0 cpu_stride=1 term_length=4194304 producers=2 consumers=1 payload=64 published=4000000 delivered=4000000 seconds=0.111232 publish_msg_per_sec=3.59609e+07 delivery_msg_per_sec=3.59609e+07 delivery_mib_per_sec=2194.88 latency_sample_rate=0 latency_samples=0 latency_p50_ns=0 latency_p99_ns=0 latency_p999_ns=0 latency_max_ns=0
# measured round=16 scenario=fifo
LATENCY library=salias-ipc scenario=fifo consumer=0 samples=0 p50_ns=0 p99_ns=0 p999_ns=0 max_ns=0
RESULT library=salias-ipc scenario=fifo page=normal pinning=on cpu_base=0 cpu_stride=1 producers=2 consumers=1 payload=64 capacity=4194304 batch_size=8 publication_window=0 poll_limit=64 published=4000000 delivered=4000000 seconds=0.0924223 publish_msg_per_sec=4.32796e+07 delivery_msg_per_sec=4.32796e+07 delivery_mib_per_sec=2641.58 latency_sample_rate=0 latency_samples=0 latency_p50_ns=0 latency_p99_ns=0 latency_p999_ns=0 latency_max_ns=0
LATENCY library=aeron-cpp scenario=mpsc consumer=0 samples=0 p50_ns=0 p99_ns=0 p999_ns=0 max_ns=0
RESULT library=aeron-cpp scenario=mpsc pinning=on cpu_base=0 cpu_stride=1 term_length=4194304 producers=2 consumers=1 payload=64 published=4000000 delivered=4000000 seconds=0.125469 publish_msg_per_sec=3.18804e+07 delivery_msg_per_sec=3.18804e+07 delivery_mib_per_sec=1945.82 latency_sample_rate=0 latency_samples=0 latency_p50_ns=0 latency_p99_ns=0 latency_p999_ns=0 latency_max_ns=0
# measured round=17 scenario=fifo
LATENCY library=salias-ipc scenario=fifo consumer=0 samples=0 p50_ns=0 p99_ns=0 p999_ns=0 max_ns=0
RESULT library=salias-ipc scenario=fifo page=normal pinning=on cpu_base=0 cpu_stride=1 producers=2 consumers=1 payload=64 capacity=4194304 batch_size=8 publication_window=0 poll_limit=64 published=4000000 delivered=4000000 seconds=0.0963311 publish_msg_per_sec=4.15235e+07 delivery_msg_per_sec=4.15235e+07 delivery_mib_per_sec=2534.39 latency_sample_rate=0 latency_samples=0 latency_p50_ns=0 latency_p99_ns=0 latency_p999_ns=0 latency_max_ns=0
LATENCY library=aeron-cpp scenario=mpsc consumer=0 samples=0 p50_ns=0 p99_ns=0 p999_ns=0 max_ns=0
RESULT library=aeron-cpp scenario=mpsc pinning=on cpu_base=0 cpu_stride=1 term_length=4194304 producers=2 consumers=1 payload=64 published=4000000 delivered=4000000 seconds=0.115356 publish_msg_per_sec=3.46752e+07 delivery_msg_per_sec=3.46752e+07 delivery_mib_per_sec=2116.41 latency_sample_rate=0 latency_samples=0 latency_p50_ns=0 latency_p99_ns=0 latency_p999_ns=0 latency_max_ns=0
# measured round=18 scenario=fifo
LATENCY library=salias-ipc scenario=fifo consumer=0 samples=0 p50_ns=0 p99_ns=0 p999_ns=0 max_ns=0
RESULT library=salias-ipc scenario=fifo page=normal pinning=on cpu_base=0 cpu_stride=1 producers=2 consumers=1 payload=64 capacity=4194304 batch_size=8 publication_window=0 poll_limit=64 published=4000000 delivered=4000000 seconds=0.119734 publish_msg_per_sec=3.34075e+07 delivery_msg_per_sec=3.34075e+07 delivery_mib_per_sec=2039.03 latency_sample_rate=0 latency_samples=0 latency_p50_ns=0 latency_p99_ns=0 latency_p999_ns=0 latency_max_ns=0
LATENCY library=aeron-cpp scenario=mpsc consumer=0 samples=0 p50_ns=0 p99_ns=0 p999_ns=0 max_ns=0
RESULT library=aeron-cpp scenario=mpsc pinning=on cpu_base=0 cpu_stride=1 term_length=4194304 producers=2 consumers=1 payload=64 published=4000000 delivered=4000000 seconds=0.109607 publish_msg_per_sec=3.64939e+07 delivery_msg_per_sec=3.64939e+07 delivery_mib_per_sec=2227.41 latency_sample_rate=0 latency_samples=0 latency_p50_ns=0 latency_p99_ns=0 latency_p999_ns=0 latency_max_ns=0
# measured round=19 scenario=fifo
LATENCY library=salias-ipc scenario=fifo consumer=0 samples=0 p50_ns=0 p99_ns=0 p999_ns=0 max_ns=0
RESULT library=salias-ipc scenario=fifo page=normal pinning=on cpu_base=0 cpu_stride=1 producers=2 consumers=1 payload=64 capacity=4194304 batch_size=8 publication_window=0 poll_limit=64 published=4000000 delivered=4000000 seconds=0.0922251 publish_msg_per_sec=4.33722e+07 delivery_msg_per_sec=4.33722e+07 delivery_mib_per_sec=2647.23 latency_sample_rate=0 latency_samples=0 latency_p50_ns=0 latency_p99_ns=0 latency_p999_ns=0 latency_max_ns=0
LATENCY library=aeron-cpp scenario=mpsc consumer=0 samples=0 p50_ns=0 p99_ns=0 p999_ns=0 max_ns=0
RESULT library=aeron-cpp scenario=mpsc pinning=on cpu_base=0 cpu_stride=1 term_length=4194304 producers=2 consumers=1 payload=64 published=4000000 delivered=4000000 seconds=0.106368 publish_msg_per_sec=3.76055e+07 delivery_msg_per_sec=3.76055e+07 delivery_mib_per_sec=2295.25 latency_sample_rate=0 latency_samples=0 latency_p50_ns=0 latency_p99_ns=0 latency_p999_ns=0 latency_max_ns=0
# measured round=20 scenario=fifo
LATENCY library=salias-ipc scenario=fifo consumer=0 samples=0 p50_ns=0 p99_ns=0 p999_ns=0 max_ns=0
RESULT library=salias-ipc scenario=fifo page=normal pinning=on cpu_base=0 cpu_stride=1 producers=2 consumers=1 payload=64 capacity=4194304 batch_size=8 publication_window=0 poll_limit=64 published=4000000 delivered=4000000 seconds=0.103671 publish_msg_per_sec=3.85836e+07 delivery_msg_per_sec=3.85836e+07 delivery_mib_per_sec=2354.96 latency_sample_rate=0 latency_samples=0 latency_p50_ns=0 latency_p99_ns=0 latency_p999_ns=0 latency_max_ns=0
LATENCY library=aeron-cpp scenario=mpsc consumer=0 samples=0 p50_ns=0 p99_ns=0 p999_ns=0 max_ns=0
RESULT library=aeron-cpp scenario=mpsc pinning=on cpu_base=0 cpu_stride=1 term_length=4194304 producers=2 consumers=1 payload=64 published=4000000 delivered=4000000 seconds=0.112745 publish_msg_per_sec=3.54782e+07 delivery_msg_per_sec=3.54782e+07 delivery_mib_per_sec=2165.42 latency_sample_rate=0 latency_samples=0 latency_p50_ns=0 latency_p99_ns=0 latency_p999_ns=0 latency_max_ns=0
# warmup round=1 scenario=ordered
# warmup round=2 scenario=ordered
# warmup round=3 scenario=ordered
# measured round=1 scenario=ordered
LATENCY library=salias-ipc scenario=ordered consumer=0 samples=0 p50_ns=0 p99_ns=0 p999_ns=0 max_ns=0
RESULT library=salias-ipc scenario=ordered page=normal pinning=on cpu_base=0 cpu_stride=1 producers=2 consumers=1 payload=64 capacity=4194304 batch_size=8 publication_window=0 poll_limit=64 published=4000000 delivered=4000000 seconds=0.121754 publish_msg_per_sec=3.28531e+07 delivery_msg_per_sec=3.28531e+07 delivery_mib_per_sec=2005.19 latency_sample_rate=0 latency_samples=0 latency_p50_ns=0 latency_p99_ns=0 latency_p999_ns=0 latency_max_ns=0
LATENCY library=aeron-cpp scenario=mpsc consumer=0 samples=0 p50_ns=0 p99_ns=0 p999_ns=0 max_ns=0
RESULT library=aeron-cpp scenario=mpsc pinning=on cpu_base=0 cpu_stride=1 term_length=4194304 producers=2 consumers=1 payload=64 published=4000000 delivered=4000000 seconds=0.0992758 publish_msg_per_sec=4.02918e+07 delivery_msg_per_sec=4.02918e+07 delivery_mib_per_sec=2459.21 latency_sample_rate=0 latency_samples=0 latency_p50_ns=0 latency_p99_ns=0 latency_p999_ns=0 latency_max_ns=0
# measured round=2 scenario=ordered
LATENCY library=salias-ipc scenario=ordered consumer=0 samples=0 p50_ns=0 p99_ns=0 p999_ns=0 max_ns=0
RESULT library=salias-ipc scenario=ordered page=normal pinning=on cpu_base=0 cpu_stride=1 producers=2 consumers=1 payload=64 capacity=4194304 batch_size=8 publication_window=0 poll_limit=64 published=4000000 delivered=4000000 seconds=0.118857 publish_msg_per_sec=3.36539e+07 delivery_msg_per_sec=3.36539e+07 delivery_mib_per_sec=2054.07 latency_sample_rate=0 latency_samples=0 latency_p50_ns=0 latency_p99_ns=0 latency_p999_ns=0 latency_max_ns=0
LATENCY library=aeron-cpp scenario=mpsc consumer=0 samples=0 p50_ns=0 p99_ns=0 p999_ns=0 max_ns=0
RESULT library=aeron-cpp scenario=mpsc pinning=on cpu_base=0 cpu_stride=1 term_length=4194304 producers=2 consumers=1 payload=64 published=4000000 delivered=4000000 seconds=0.105288 publish_msg_per_sec=3.7991e+07 delivery_msg_per_sec=3.7991e+07 delivery_mib_per_sec=2318.79 latency_sample_rate=0 latency_samples=0 latency_p50_ns=0 latency_p99_ns=0 latency_p999_ns=0 latency_max_ns=0
# measured round=3 scenario=ordered
LATENCY library=salias-ipc scenario=ordered consumer=0 samples=0 p50_ns=0 p99_ns=0 p999_ns=0 max_ns=0
RESULT library=salias-ipc scenario=ordered page=normal pinning=on cpu_base=0 cpu_stride=1 producers=2 consumers=1 payload=64 capacity=4194304 batch_size=8 publication_window=0 poll_limit=64 published=4000000 delivered=4000000 seconds=0.112073 publish_msg_per_sec=3.5691e+07 delivery_msg_per_sec=3.5691e+07 delivery_mib_per_sec=2178.41 latency_sample_rate=0 latency_samples=0 latency_p50_ns=0 latency_p99_ns=0 latency_p999_ns=0 latency_max_ns=0
LATENCY library=aeron-cpp scenario=mpsc consumer=0 samples=0 p50_ns=0 p99_ns=0 p999_ns=0 max_ns=0
RESULT library=aeron-cpp scenario=mpsc pinning=on cpu_base=0 cpu_stride=1 term_length=4194304 producers=2 consumers=1 payload=64 published=4000000 delivered=4000000 seconds=0.119729 publish_msg_per_sec=3.34087e+07 delivery_msg_per_sec=3.34087e+07 delivery_mib_per_sec=2039.1 latency_sample_rate=0 latency_samples=0 latency_p50_ns=0 latency_p99_ns=0 latency_p999_ns=0 latency_max_ns=0
# measured round=4 scenario=ordered
LATENCY library=salias-ipc scenario=ordered consumer=0 samples=0 p50_ns=0 p99_ns=0 p999_ns=0 max_ns=0
RESULT library=salias-ipc scenario=ordered page=normal pinning=on cpu_base=0 cpu_stride=1 producers=2 consumers=1 payload=64 capacity=4194304 batch_size=8 publication_window=0 poll_limit=64 published=4000000 delivered=4000000 seconds=0.121852 publish_msg_per_sec=3.28266e+07 delivery_msg_per_sec=3.28266e+07 delivery_mib_per_sec=2003.58 latency_sample_rate=0 latency_samples=0 latency_p50_ns=0 latency_p99_ns=0 latency_p999_ns=0 latency_max_ns=0
LATENCY library=aeron-cpp scenario=mpsc consumer=0 samples=0 p50_ns=0 p99_ns=0 p999_ns=0 max_ns=0
RESULT library=aeron-cpp scenario=mpsc pinning=on cpu_base=0 cpu_stride=1 term_length=4194304 producers=2 consumers=1 payload=64 published=4000000 delivered=4000000 seconds=0.0932199 publish_msg_per_sec=4.29093e+07 delivery_msg_per_sec=4.29093e+07 delivery_mib_per_sec=2618.98 latency_sample_rate=0 latency_samples=0 latency_p50_ns=0 latency_p99_ns=0 latency_p999_ns=0 latency_max_ns=0
# measured round=5 scenario=ordered
LATENCY library=salias-ipc scenario=ordered consumer=0 samples=0 p50_ns=0 p99_ns=0 p999_ns=0 max_ns=0
RESULT library=salias-ipc scenario=ordered page=normal pinning=on cpu_base=0 cpu_stride=1 producers=2 consumers=1 payload=64 capacity=4194304 batch_size=8 publication_window=0 poll_limit=64 published=4000000 delivered=4000000 seconds=0.120969 publish_msg_per_sec=3.30664e+07 delivery_msg_per_sec=3.30664e+07 delivery_mib_per_sec=2018.21 latency_sample_rate=0 latency_samples=0 latency_p50_ns=0 latency_p99_ns=0 latency_p999_ns=0 latency_max_ns=0
LATENCY library=aeron-cpp scenario=mpsc consumer=0 samples=0 p50_ns=0 p99_ns=0 p999_ns=0 max_ns=0
RESULT library=aeron-cpp scenario=mpsc pinning=on cpu_base=0 cpu_stride=1 term_length=4194304 producers=2 consumers=1 payload=64 published=4000000 delivered=4000000 seconds=0.105142 publish_msg_per_sec=3.80437e+07 delivery_msg_per_sec=3.80437e+07 delivery_mib_per_sec=2322 latency_sample_rate=0 latency_samples=0 latency_p50_ns=0 latency_p99_ns=0 latency_p999_ns=0 latency_max_ns=0
# measured round=6 scenario=ordered
LATENCY library=salias-ipc scenario=ordered consumer=0 samples=0 p50_ns=0 p99_ns=0 p999_ns=0 max_ns=0
RESULT library=salias-ipc scenario=ordered page=normal pinning=on cpu_base=0 cpu_stride=1 producers=2 consumers=1 payload=64 capacity=4194304 batch_size=8 publication_window=0 poll_limit=64 published=4000000 delivered=4000000 seconds=0.107911 publish_msg_per_sec=3.70677e+07 delivery_msg_per_sec=3.70677e+07 delivery_mib_per_sec=2262.43 latency_sample_rate=0 latency_samples=0 latency_p50_ns=0 latency_p99_ns=0 latency_p999_ns=0 latency_max_ns=0
LATENCY library=aeron-cpp scenario=mpsc consumer=0 samples=0 p50_ns=0 p99_ns=0 p999_ns=0 max_ns=0
RESULT library=aeron-cpp scenario=mpsc pinning=on cpu_base=0 cpu_stride=1 term_length=4194304 producers=2 consumers=1 payload=64 published=4000000 delivered=4000000 seconds=0.100241 publish_msg_per_sec=3.99039e+07 delivery_msg_per_sec=3.99039e+07 delivery_mib_per_sec=2435.54 latency_sample_rate=0 latency_samples=0 latency_p50_ns=0 latency_p99_ns=0 latency_p999_ns=0 latency_max_ns=0
# measured round=7 scenario=ordered
LATENCY library=salias-ipc scenario=ordered consumer=0 samples=0 p50_ns=0 p99_ns=0 p999_ns=0 max_ns=0
RESULT library=salias-ipc scenario=ordered page=normal pinning=on cpu_base=0 cpu_stride=1 producers=2 consumers=1 payload=64 capacity=4194304 batch_size=8 publication_window=0 poll_limit=64 published=4000000 delivered=4000000 seconds=0.103719 publish_msg_per_sec=3.85659e+07 delivery_msg_per_sec=3.85659e+07 delivery_mib_per_sec=2353.88 latency_sample_rate=0 latency_samples=0 latency_p50_ns=0 latency_p99_ns=0 latency_p999_ns=0 latency_max_ns=0
LATENCY library=aeron-cpp scenario=mpsc consumer=0 samples=0 p50_ns=0 p99_ns=0 p999_ns=0 max_ns=0
RESULT library=aeron-cpp scenario=mpsc pinning=on cpu_base=0 cpu_stride=1 term_length=4194304 producers=2 consumers=1 payload=64 published=4000000 delivered=4000000 seconds=0.102228 publish_msg_per_sec=3.9128e+07 delivery_msg_per_sec=3.9128e+07 delivery_mib_per_sec=2388.19 latency_sample_rate=0 latency_samples=0 latency_p50_ns=0 latency_p99_ns=0 latency_p999_ns=0 latency_max_ns=0
# measured round=8 scenario=ordered
LATENCY library=salias-ipc scenario=ordered consumer=0 samples=0 p50_ns=0 p99_ns=0 p999_ns=0 max_ns=0
RESULT library=salias-ipc scenario=ordered page=normal pinning=on cpu_base=0 cpu_stride=1 producers=2 consumers=1 payload=64 capacity=4194304 batch_size=8 publication_window=0 poll_limit=64 published=4000000 delivered=4000000 seconds=0.1111 publish_msg_per_sec=3.60035e+07 delivery_msg_per_sec=3.60035e+07 delivery_mib_per_sec=2197.48 latency_sample_rate=0 latency_samples=0 latency_p50_ns=0 latency_p99_ns=0 latency_p999_ns=0 latency_max_ns=0
LATENCY library=aeron-cpp scenario=mpsc consumer=0 samples=0 p50_ns=0 p99_ns=0 p999_ns=0 max_ns=0
RESULT library=aeron-cpp scenario=mpsc pinning=on cpu_base=0 cpu_stride=1 term_length=4194304 producers=2 consumers=1 payload=64 published=4000000 delivered=4000000 seconds=0.105276 publish_msg_per_sec=3.79952e+07 delivery_msg_per_sec=3.79952e+07 delivery_mib_per_sec=2319.04 latency_sample_rate=0 latency_samples=0 latency_p50_ns=0 latency_p99_ns=0 latency_p999_ns=0 latency_max_ns=0
# measured round=9 scenario=ordered
LATENCY library=salias-ipc scenario=ordered consumer=0 samples=0 p50_ns=0 p99_ns=0 p999_ns=0 max_ns=0
RESULT library=salias-ipc scenario=ordered page=normal pinning=on cpu_base=0 cpu_stride=1 producers=2 consumers=1 payload=64 capacity=4194304 batch_size=8 publication_window=0 poll_limit=64 published=4000000 delivered=4000000 seconds=0.112788 publish_msg_per_sec=3.54647e+07 delivery_msg_per_sec=3.54647e+07 delivery_mib_per_sec=2164.6 latency_sample_rate=0 latency_samples=0 latency_p50_ns=0 latency_p99_ns=0 latency_p999_ns=0 latency_max_ns=0
LATENCY library=aeron-cpp scenario=mpsc consumer=0 samples=0 p50_ns=0 p99_ns=0 p999_ns=0 max_ns=0
RESULT library=aeron-cpp scenario=mpsc pinning=on cpu_base=0 cpu_stride=1 term_length=4194304 producers=2 consumers=1 payload=64 published=4000000 delivered=4000000 seconds=0.0949584 publish_msg_per_sec=4.21237e+07 delivery_msg_per_sec=4.21237e+07 delivery_mib_per_sec=2571.03 latency_sample_rate=0 latency_samples=0 latency_p50_ns=0 latency_p99_ns=0 latency_p999_ns=0 latency_max_ns=0
# measured round=10 scenario=ordered
LATENCY library=salias-ipc scenario=ordered consumer=0 samples=0 p50_ns=0 p99_ns=0 p999_ns=0 max_ns=0
RESULT library=salias-ipc scenario=ordered page=normal pinning=on cpu_base=0 cpu_stride=1 producers=2 consumers=1 payload=64 capacity=4194304 batch_size=8 publication_window=0 poll_limit=64 published=4000000 delivered=4000000 seconds=0.100582 publish_msg_per_sec=3.97685e+07 delivery_msg_per_sec=3.97685e+07 delivery_mib_per_sec=2427.27 latency_sample_rate=0 latency_samples=0 latency_p50_ns=0 latency_p99_ns=0 latency_p999_ns=0 latency_max_ns=0
LATENCY library=aeron-cpp scenario=mpsc consumer=0 samples=0 p50_ns=0 p99_ns=0 p999_ns=0 max_ns=0
RESULT library=aeron-cpp scenario=mpsc pinning=on cpu_base=0 cpu_stride=1 term_length=4194304 producers=2 consumers=1 payload=64 published=4000000 delivered=4000000 seconds=0.108565 publish_msg_per_sec=3.68443e+07 delivery_msg_per_sec=3.68443e+07 delivery_mib_per_sec=2248.8 latency_sample_rate=0 latency_samples=0 latency_p50_ns=0 latency_p99_ns=0 latency_p999_ns=0 latency_max_ns=0
# measured round=11 scenario=ordered
LATENCY library=salias-ipc scenario=ordered consumer=0 samples=0 p50_ns=0 p99_ns=0 p999_ns=0 max_ns=0
RESULT library=salias-ipc scenario=ordered page=normal pinning=on cpu_base=0 cpu_stride=1 producers=2 consumers=1 payload=64 capacity=4194304 batch_size=8 publication_window=0 poll_limit=64 published=4000000 delivered=4000000 seconds=0.112631 publish_msg_per_sec=3.55142e+07 delivery_msg_per_sec=3.55142e+07 delivery_mib_per_sec=2167.62 latency_sample_rate=0 latency_samples=0 latency_p50_ns=0 latency_p99_ns=0 latency_p999_ns=0 latency_max_ns=0
LATENCY library=aeron-cpp scenario=mpsc consumer=0 samples=0 p50_ns=0 p99_ns=0 p999_ns=0 max_ns=0
RESULT library=aeron-cpp scenario=mpsc pinning=on cpu_base=0 cpu_stride=1 term_length=4194304 producers=2 consumers=1 payload=64 published=4000000 delivered=4000000 seconds=0.0970673 publish_msg_per_sec=4.12085e+07 delivery_msg_per_sec=4.12085e+07 delivery_mib_per_sec=2515.17 latency_sample_rate=0 latency_samples=0 latency_p50_ns=0 latency_p99_ns=0 latency_p999_ns=0 latency_max_ns=0
# measured round=12 scenario=ordered
LATENCY library=salias-ipc scenario=ordered consumer=0 samples=0 p50_ns=0 p99_ns=0 p999_ns=0 max_ns=0
RESULT library=salias-ipc scenario=ordered page=normal pinning=on cpu_base=0 cpu_stride=1 producers=2 consumers=1 payload=64 capacity=4194304 batch_size=8 publication_window=0 poll_limit=64 published=4000000 delivered=4000000 seconds=0.128061 publish_msg_per_sec=3.12351e+07 delivery_msg_per_sec=3.12351e+07 delivery_mib_per_sec=1906.44 latency_sample_rate=0 latency_samples=0 latency_p50_ns=0 latency_p99_ns=0 latency_p999_ns=0 latency_max_ns=0
LATENCY library=aeron-cpp scenario=mpsc consumer=0 samples=0 p50_ns=0 p99_ns=0 p999_ns=0 max_ns=0
RESULT library=aeron-cpp scenario=mpsc pinning=on cpu_base=0 cpu_stride=1 term_length=4194304 producers=2 consumers=1 payload=64 published=4000000 delivered=4000000 seconds=0.108327 publish_msg_per_sec=3.69251e+07 delivery_msg_per_sec=3.69251e+07 delivery_mib_per_sec=2253.73 latency_sample_rate=0 latency_samples=0 latency_p50_ns=0 latency_p99_ns=0 latency_p999_ns=0 latency_max_ns=0
# measured round=13 scenario=ordered
LATENCY library=salias-ipc scenario=ordered consumer=0 samples=0 p50_ns=0 p99_ns=0 p999_ns=0 max_ns=0
RESULT library=salias-ipc scenario=ordered page=normal pinning=on cpu_base=0 cpu_stride=1 producers=2 consumers=1 payload=64 capacity=4194304 batch_size=8 publication_window=0 poll_limit=64 published=4000000 delivered=4000000 seconds=0.125404 publish_msg_per_sec=3.18969e+07 delivery_msg_per_sec=3.18969e+07 delivery_mib_per_sec=1946.83 latency_sample_rate=0 latency_samples=0 latency_p50_ns=0 latency_p99_ns=0 latency_p999_ns=0 latency_max_ns=0
LATENCY library=aeron-cpp scenario=mpsc consumer=0 samples=0 p50_ns=0 p99_ns=0 p999_ns=0 max_ns=0
RESULT library=aeron-cpp scenario=mpsc pinning=on cpu_base=0 cpu_stride=1 term_length=4194304 producers=2 consumers=1 payload=64 published=4000000 delivered=4000000 seconds=0.10869 publish_msg_per_sec=3.68021e+07 delivery_msg_per_sec=3.68021e+07 delivery_mib_per_sec=2246.22 latency_sample_rate=0 latency_samples=0 latency_p50_ns=0 latency_p99_ns=0 latency_p999_ns=0 latency_max_ns=0
# measured round=14 scenario=ordered
LATENCY library=salias-ipc scenario=ordered consumer=0 samples=0 p50_ns=0 p99_ns=0 p999_ns=0 max_ns=0
RESULT library=salias-ipc scenario=ordered page=normal pinning=on cpu_base=0 cpu_stride=1 producers=2 consumers=1 payload=64 capacity=4194304 batch_size=8 publication_window=0 poll_limit=64 published=4000000 delivered=4000000 seconds=0.113778 publish_msg_per_sec=3.51563e+07 delivery_msg_per_sec=3.51563e+07 delivery_mib_per_sec=2145.77 latency_sample_rate=0 latency_samples=0 latency_p50_ns=0 latency_p99_ns=0 latency_p999_ns=0 latency_max_ns=0
LATENCY library=aeron-cpp scenario=mpsc consumer=0 samples=0 p50_ns=0 p99_ns=0 p999_ns=0 max_ns=0
RESULT library=aeron-cpp scenario=mpsc pinning=on cpu_base=0 cpu_stride=1 term_length=4194304 producers=2 consumers=1 payload=64 published=4000000 delivered=4000000 seconds=0.111273 publish_msg_per_sec=3.59475e+07 delivery_msg_per_sec=3.59475e+07 delivery_mib_per_sec=2194.06 latency_sample_rate=0 latency_samples=0 latency_p50_ns=0 latency_p99_ns=0 latency_p999_ns=0 latency_max_ns=0
# measured round=15 scenario=ordered
LATENCY library=salias-ipc scenario=ordered consumer=0 samples=0 p50_ns=0 p99_ns=0 p999_ns=0 max_ns=0
RESULT library=salias-ipc scenario=ordered page=normal pinning=on cpu_base=0 cpu_stride=1 producers=2 consumers=1 payload=64 capacity=4194304 batch_size=8 publication_window=0 poll_limit=64 published=4000000 delivered=4000000 seconds=0.111193 publish_msg_per_sec=3.59734e+07 delivery_msg_per_sec=3.59734e+07 delivery_mib_per_sec=2195.65 latency_sample_rate=0 latency_samples=0 latency_p50_ns=0 latency_p99_ns=0 latency_p999_ns=0 latency_max_ns=0
LATENCY library=aeron-cpp scenario=mpsc consumer=0 samples=0 p50_ns=0 p99_ns=0 p999_ns=0 max_ns=0
RESULT library=aeron-cpp scenario=mpsc pinning=on cpu_base=0 cpu_stride=1 term_length=4194304 producers=2 consumers=1 payload=64 published=4000000 delivered=4000000 seconds=0.102666 publish_msg_per_sec=3.89615e+07 delivery_msg_per_sec=3.89615e+07 delivery_mib_per_sec=2378.02 latency_sample_rate=0 latency_samples=0 latency_p50_ns=0 latency_p99_ns=0 latency_p999_ns=0 latency_max_ns=0
# measured round=16 scenario=ordered
LATENCY library=salias-ipc scenario=ordered consumer=0 samples=0 p50_ns=0 p99_ns=0 p999_ns=0 max_ns=0
RESULT library=salias-ipc scenario=ordered page=normal pinning=on cpu_base=0 cpu_stride=1 producers=2 consumers=1 payload=64 capacity=4194304 batch_size=8 publication_window=0 poll_limit=64 published=4000000 delivered=4000000 seconds=0.108316 publish_msg_per_sec=3.6929e+07 delivery_msg_per_sec=3.6929e+07 delivery_mib_per_sec=2253.97 latency_sample_rate=0 latency_samples=0 latency_p50_ns=0 latency_p99_ns=0 latency_p999_ns=0 latency_max_ns=0
LATENCY library=aeron-cpp scenario=mpsc consumer=0 samples=0 p50_ns=0 p99_ns=0 p999_ns=0 max_ns=0
RESULT library=aeron-cpp scenario=mpsc pinning=on cpu_base=0 cpu_stride=1 term_length=4194304 producers=2 consumers=1 payload=64 published=4000000 delivered=4000000 seconds=0.118819 publish_msg_per_sec=3.36646e+07 delivery_msg_per_sec=3.36646e+07 delivery_mib_per_sec=2054.73 latency_sample_rate=0 latency_samples=0 latency_p50_ns=0 latency_p99_ns=0 latency_p999_ns=0 latency_max_ns=0
# measured round=17 scenario=ordered
LATENCY library=salias-ipc scenario=ordered consumer=0 samples=0 p50_ns=0 p99_ns=0 p999_ns=0 max_ns=0
RESULT library=salias-ipc scenario=ordered page=normal pinning=on cpu_base=0 cpu_stride=1 producers=2 consumers=1 payload=64 capacity=4194304 batch_size=8 publication_window=0 poll_limit=64 published=4000000 delivered=4000000 seconds=0.114577 publish_msg_per_sec=3.4911e+07 delivery_msg_per_sec=3.4911e+07 delivery_mib_per_sec=2130.8 latency_sample_rate=0 latency_samples=0 latency_p50_ns=0 latency_p99_ns=0 latency_p999_ns=0 latency_max_ns=0
LATENCY library=aeron-cpp scenario=mpsc consumer=0 samples=0 p50_ns=0 p99_ns=0 p999_ns=0 max_ns=0
RESULT library=aeron-cpp scenario=mpsc pinning=on cpu_base=0 cpu_stride=1 term_length=4194304 producers=2 consumers=1 payload=64 published=4000000 delivered=4000000 seconds=0.105999 publish_msg_per_sec=3.77361e+07 delivery_msg_per_sec=3.77361e+07 delivery_mib_per_sec=2303.23 latency_sample_rate=0 latency_samples=0 latency_p50_ns=0 latency_p99_ns=0 latency_p999_ns=0 latency_max_ns=0
# measured round=18 scenario=ordered
LATENCY library=salias-ipc scenario=ordered consumer=0 samples=0 p50_ns=0 p99_ns=0 p999_ns=0 max_ns=0
RESULT library=salias-ipc scenario=ordered page=normal pinning=on cpu_base=0 cpu_stride=1 producers=2 consumers=1 payload=64 capacity=4194304 batch_size=8 publication_window=0 poll_limit=64 published=4000000 delivered=4000000 seconds=0.107188 publish_msg_per_sec=3.73176e+07 delivery_msg_per_sec=3.73176e+07 delivery_mib_per_sec=2277.68 latency_sample_rate=0 latency_samples=0 latency_p50_ns=0 latency_p99_ns=0 latency_p999_ns=0 latency_max_ns=0
LATENCY library=aeron-cpp scenario=mpsc consumer=0 samples=0 p50_ns=0 p99_ns=0 p999_ns=0 max_ns=0
RESULT library=aeron-cpp scenario=mpsc pinning=on cpu_base=0 cpu_stride=1 term_length=4194304 producers=2 consumers=1 payload=64 published=4000000 delivered=4000000 seconds=0.158782 publish_msg_per_sec=2.51918e+07 delivery_msg_per_sec=2.51918e+07 delivery_mib_per_sec=1537.58 latency_sample_rate=0 latency_samples=0 latency_p50_ns=0 latency_p99_ns=0 latency_p999_ns=0 latency_max_ns=0
# measured round=19 scenario=ordered
LATENCY library=salias-ipc scenario=ordered consumer=0 samples=0 p50_ns=0 p99_ns=0 p999_ns=0 max_ns=0
RESULT library=salias-ipc scenario=ordered page=normal pinning=on cpu_base=0 cpu_stride=1 producers=2 consumers=1 payload=64 capacity=4194304 batch_size=8 publication_window=0 poll_limit=64 published=4000000 delivered=4000000 seconds=0.109622 publish_msg_per_sec=3.64889e+07 delivery_msg_per_sec=3.64889e+07 delivery_mib_per_sec=2227.1 latency_sample_rate=0 latency_samples=0 latency_p50_ns=0 latency_p99_ns=0 latency_p999_ns=0 latency_max_ns=0
LATENCY library=aeron-cpp scenario=mpsc consumer=0 samples=0 p50_ns=0 p99_ns=0 p999_ns=0 max_ns=0
RESULT library=aeron-cpp scenario=mpsc pinning=on cpu_base=0 cpu_stride=1 term_length=4194304 producers=2 consumers=1 payload=64 published=4000000 delivered=4000000 seconds=0.116918 publish_msg_per_sec=3.42121e+07 delivery_msg_per_sec=3.42121e+07 delivery_mib_per_sec=2088.14 latency_sample_rate=0 latency_samples=0 latency_p50_ns=0 latency_p99_ns=0 latency_p999_ns=0 latency_max_ns=0
# measured round=20 scenario=ordered
LATENCY library=salias-ipc scenario=ordered consumer=0 samples=0 p50_ns=0 p99_ns=0 p999_ns=0 max_ns=0
RESULT library=salias-ipc scenario=ordered page=normal pinning=on cpu_base=0 cpu_stride=1 producers=2 consumers=1 payload=64 capacity=4194304 batch_size=8 publication_window=0 poll_limit=64 published=4000000 delivered=4000000 seconds=0.113077 publish_msg_per_sec=3.53741e+07 delivery_msg_per_sec=3.53741e+07 delivery_mib_per_sec=2159.06 latency_sample_rate=0 latency_samples=0 latency_p50_ns=0 latency_p99_ns=0 latency_p999_ns=0 latency_max_ns=0
LATENCY library=aeron-cpp scenario=mpsc consumer=0 samples=0 p50_ns=0 p99_ns=0 p999_ns=0 max_ns=0
RESULT library=aeron-cpp scenario=mpsc pinning=on cpu_base=0 cpu_stride=1 term_length=4194304 producers=2 consumers=1 payload=64 published=4000000 delivered=4000000 seconds=0.0982173 publish_msg_per_sec=4.0726e+07 delivery_msg_per_sec=4.0726e+07 delivery_mib_per_sec=2485.72 latency_sample_rate=0 latency_samples=0 latency_p50_ns=0 latency_p99_ns=0 latency_p999_ns=0 latency_max_ns=0
