# salias named IPC vs Aeron C++ IPC release comparison
# payload=64B; salias_batch_size=16; poll_limit=64; fragment_limit=64; warmup=3; rounds=20; latency_sample_rate=0
# salias_pages=normal; capacities normal=4194304 huge2m=4194304 huge1g=1073741824
# pin_cpus=1; cpu_base=0; cpu_stride=1; aeron_driver_cpu=3; aeron_term_length=4194304
# scenarios=fifo ordered; FIFO=2P/1C; ORDERED=2P/1C
# warmup round=1 scenario=fifo
# warmup round=2 scenario=fifo
# warmup round=3 scenario=fifo
# measured round=1 scenario=fifo
LATENCY library=salias-ipc scenario=fifo consumer=0 samples=0 p50_ns=0 p99_ns=0 p999_ns=0 max_ns=0
RESULT library=salias-ipc scenario=fifo page=normal pinning=on cpu_base=0 cpu_stride=1 producers=2 consumers=1 payload=64 capacity=4194304 batch_size=16 publication_window=0 poll_limit=64 published=4000000 delivered=4000000 seconds=0.105278 publish_msg_per_sec=3.79947e+07 delivery_msg_per_sec=3.79947e+07 delivery_mib_per_sec=2319.01 latency_sample_rate=0 latency_samples=0 latency_p50_ns=0 latency_p99_ns=0 latency_p999_ns=0 latency_max_ns=0
LATENCY library=aeron-cpp scenario=mpsc consumer=0 samples=0 p50_ns=0 p99_ns=0 p999_ns=0 max_ns=0
RESULT library=aeron-cpp scenario=mpsc pinning=on cpu_base=0 cpu_stride=1 term_length=4194304 producers=2 consumers=1 payload=64 published=4000000 delivered=4000000 seconds=0.116873 publish_msg_per_sec=3.42253e+07 delivery_msg_per_sec=3.42253e+07 delivery_mib_per_sec=2088.95 latency_sample_rate=0 latency_samples=0 latency_p50_ns=0 latency_p99_ns=0 latency_p999_ns=0 latency_max_ns=0
# measured round=2 scenario=fifo
LATENCY library=salias-ipc scenario=fifo consumer=0 samples=0 p50_ns=0 p99_ns=0 p999_ns=0 max_ns=0
RESULT library=salias-ipc scenario=fifo page=normal pinning=on cpu_base=0 cpu_stride=1 producers=2 consumers=1 payload=64 capacity=4194304 batch_size=16 publication_window=0 poll_limit=64 published=4000000 delivered=4000000 seconds=0.125043 publish_msg_per_sec=3.1989e+07 delivery_msg_per_sec=3.1989e+07 delivery_mib_per_sec=1952.45 latency_sample_rate=0 latency_samples=0 latency_p50_ns=0 latency_p99_ns=0 latency_p999_ns=0 latency_max_ns=0
LATENCY library=aeron-cpp scenario=mpsc consumer=0 samples=0 p50_ns=0 p99_ns=0 p999_ns=0 max_ns=0
RESULT library=aeron-cpp scenario=mpsc pinning=on cpu_base=0 cpu_stride=1 term_length=4194304 producers=2 consumers=1 payload=64 published=4000000 delivered=4000000 seconds=0.104479 publish_msg_per_sec=3.82853e+07 delivery_msg_per_sec=3.82853e+07 delivery_mib_per_sec=2336.75 latency_sample_rate=0 latency_samples=0 latency_p50_ns=0 latency_p99_ns=0 latency_p999_ns=0 latency_max_ns=0
# measured round=3 scenario=fifo
LATENCY library=salias-ipc scenario=fifo consumer=0 samples=0 p50_ns=0 p99_ns=0 p999_ns=0 max_ns=0
RESULT library=salias-ipc scenario=fifo page=normal pinning=on cpu_base=0 cpu_stride=1 producers=2 consumers=1 payload=64 capacity=4194304 batch_size=16 publication_window=0 poll_limit=64 published=4000000 delivered=4000000 seconds=0.132231 publish_msg_per_sec=3.02502e+07 delivery_msg_per_sec=3.02502e+07 delivery_mib_per_sec=1846.32 latency_sample_rate=0 latency_samples=0 latency_p50_ns=0 latency_p99_ns=0 latency_p999_ns=0 latency_max_ns=0
LATENCY library=aeron-cpp scenario=mpsc consumer=0 samples=0 p50_ns=0 p99_ns=0 p999_ns=0 max_ns=0
RESULT library=aeron-cpp scenario=mpsc pinning=on cpu_base=0 cpu_stride=1 term_length=4194304 producers=2 consumers=1 payload=64 published=4000000 delivered=4000000 seconds=0.120155 publish_msg_per_sec=3.32903e+07 delivery_msg_per_sec=3.32903e+07 delivery_mib_per_sec=2031.88 latency_sample_rate=0 latency_samples=0 latency_p50_ns=0 latency_p99_ns=0 latency_p999_ns=0 latency_max_ns=0
# measured round=4 scenario=fifo
LATENCY library=salias-ipc scenario=fifo consumer=0 samples=0 p50_ns=0 p99_ns=0 p999_ns=0 max_ns=0
RESULT library=salias-ipc scenario=fifo page=normal pinning=on cpu_base=0 cpu_stride=1 producers=2 consumers=1 payload=64 capacity=4194304 batch_size=16 publication_window=0 poll_limit=64 published=4000000 delivered=4000000 seconds=0.102813 publish_msg_per_sec=3.89056e+07 delivery_msg_per_sec=3.89056e+07 delivery_mib_per_sec=2374.61 latency_sample_rate=0 latency_samples=0 latency_p50_ns=0 latency_p99_ns=0 latency_p999_ns=0 latency_max_ns=0
LATENCY library=aeron-cpp scenario=mpsc consumer=0 samples=0 p50_ns=0 p99_ns=0 p999_ns=0 max_ns=0
RESULT library=aeron-cpp scenario=mpsc pinning=on cpu_base=0 cpu_stride=1 term_length=4194304 producers=2 consumers=1 payload=64 published=4000000 delivered=4000000 seconds=0.11693 publish_msg_per_sec=3.42086e+07 delivery_msg_per_sec=3.42086e+07 delivery_mib_per_sec=2087.93 latency_sample_rate=0 latency_samples=0 latency_p50_ns=0 latency_p99_ns=0 latency_p999_ns=0 latency_max_ns=0
# measured round=5 scenario=fifo
LATENCY library=salias-ipc scenario=fifo consumer=0 samples=0 p50_ns=0 p99_ns=0 p999_ns=0 max_ns=0
RESULT library=salias-ipc scenario=fifo page=normal pinning=on cpu_base=0 cpu_stride=1 producers=2 consumers=1 payload=64 capacity=4194304 batch_size=16 publication_window=0 poll_limit=64 published=4000000 delivered=4000000 seconds=0.130277 publish_msg_per_sec=3.07039e+07 delivery_msg_per_sec=3.07039e+07 delivery_mib_per_sec=1874.02 latency_sample_rate=0 latency_samples=0 latency_p50_ns=0 latency_p99_ns=0 latency_p999_ns=0 latency_max_ns=0
LATENCY library=aeron-cpp scenario=mpsc consumer=0 samples=0 p50_ns=0 p99_ns=0 p999_ns=0 max_ns=0
RESULT library=aeron-cpp scenario=mpsc pinning=on cpu_base=0 cpu_stride=1 term_length=4194304 producers=2 consumers=1 payload=64 published=4000000 delivered=4000000 seconds=0.128949 publish_msg_per_sec=3.10199e+07 delivery_msg_per_sec=3.10199e+07 delivery_mib_per_sec=1893.31 latency_sample_rate=0 latency_samples=0 latency_p50_ns=0 latency_p99_ns=0 latency_p999_ns=0 latency_max_ns=0
# measured round=6 scenario=fifo
LATENCY library=salias-ipc scenario=fifo consumer=0 samples=0 p50_ns=0 p99_ns=0 p999_ns=0 max_ns=0
RESULT library=salias-ipc scenario=fifo page=normal pinning=on cpu_base=0 cpu_stride=1 producers=2 consumers=1 payload=64 capacity=4194304 batch_size=16 publication_window=0 poll_limit=64 published=4000000 delivered=4000000 seconds=0.130206 publish_msg_per_sec=3.07205e+07 delivery_msg_per_sec=3.07205e+07 delivery_mib_per_sec=1875.03 latency_sample_rate=0 latency_samples=0 latency_p50_ns=0 latency_p99_ns=0 latency_p999_ns=0 latency_max_ns=0
LATENCY library=aeron-cpp scenario=mpsc consumer=0 samples=0 p50_ns=0 p99_ns=0 p999_ns=0 max_ns=0
RESULT library=aeron-cpp scenario=mpsc pinning=on cpu_base=0 cpu_stride=1 term_length=4194304 producers=2 consumers=1 payload=64 published=4000000 delivered=4000000 seconds=0.113988 publish_msg_per_sec=3.50913e+07 delivery_msg_per_sec=3.50913e+07 delivery_mib_per_sec=2141.8 latency_sample_rate=0 latency_samples=0 latency_p50_ns=0 latency_p99_ns=0 latency_p999_ns=0 latency_max_ns=0
# measured round=7 scenario=fifo
LATENCY library=salias-ipc scenario=fifo consumer=0 samples=0 p50_ns=0 p99_ns=0 p999_ns=0 max_ns=0
RESULT library=salias-ipc scenario=fifo page=normal pinning=on cpu_base=0 cpu_stride=1 producers=2 consumers=1 payload=64 capacity=4194304 batch_size=16 publication_window=0 poll_limit=64 published=4000000 delivered=4000000 seconds=0.106121 publish_msg_per_sec=3.76929e+07 delivery_msg_per_sec=3.76929e+07 delivery_mib_per_sec=2300.59 latency_sample_rate=0 latency_samples=0 latency_p50_ns=0 latency_p99_ns=0 latency_p999_ns=0 latency_max_ns=0
LATENCY library=aeron-cpp scenario=mpsc consumer=0 samples=0 p50_ns=0 p99_ns=0 p999_ns=0 max_ns=0
RESULT library=aeron-cpp scenario=mpsc pinning=on cpu_base=0 cpu_stride=1 term_length=4194304 producers=2 consumers=1 payload=64 published=4000000 delivered=4000000 seconds=0.11654 publish_msg_per_sec=3.43228e+07 delivery_msg_per_sec=3.43228e+07 delivery_mib_per_sec=2094.9 latency_sample_rate=0 latency_samples=0 latency_p50_ns=0 latency_p99_ns=0 latency_p999_ns=0 latency_max_ns=0
# measured round=8 scenario=fifo
LATENCY library=salias-ipc scenario=fifo consumer=0 samples=0 p50_ns=0 p99_ns=0 p999_ns=0 max_ns=0
RESULT library=salias-ipc scenario=fifo page=normal pinning=on cpu_base=0 cpu_stride=1 producers=2 consumers=1 payload=64 capacity=4194304 batch_size=16 publication_window=0 poll_limit=64 published=4000000 delivered=4000000 seconds=0.125994 publish_msg_per_sec=3.17477e+07 delivery_msg_per_sec=3.17477e+07 delivery_mib_per_sec=1937.72 latency_sample_rate=0 latency_samples=0 latency_p50_ns=0 latency_p99_ns=0 latency_p999_ns=0 latency_max_ns=0
LATENCY library=aeron-cpp scenario=mpsc consumer=0 samples=0 p50_ns=0 p99_ns=0 p999_ns=0 max_ns=0
RESULT library=aeron-cpp scenario=mpsc pinning=on cpu_base=0 cpu_stride=1 term_length=4194304 producers=2 consumers=1 payload=64 published=4000000 delivered=4000000 seconds=0.12398 publish_msg_per_sec=3.22632e+07 delivery_msg_per_sec=3.22632e+07 delivery_mib_per_sec=1969.19 latency_sample_rate=0 latency_samples=0 latency_p50_ns=0 latency_p99_ns=0 latency_p999_ns=0 latency_max_ns=0
# measured round=9 scenario=fifo
LATENCY library=salias-ipc scenario=fifo consumer=0 samples=0 p50_ns=0 p99_ns=0 p999_ns=0 max_ns=0
RESULT library=salias-ipc scenario=fifo page=normal pinning=on cpu_base=0 cpu_stride=1 producers=2 consumers=1 payload=64 capacity=4194304 batch_size=16 publication_window=0 poll_limit=64 published=4000000 delivered=4000000 seconds=0.129575 publish_msg_per_sec=3.08702e+07 delivery_msg_per_sec=3.08702e+07 delivery_mib_per_sec=1884.17 latency_sample_rate=0 latency_samples=0 latency_p50_ns=0 latency_p99_ns=0 latency_p999_ns=0 latency_max_ns=0
LATENCY library=aeron-cpp scenario=mpsc consumer=0 samples=0 p50_ns=0 p99_ns=0 p999_ns=0 max_ns=0
RESULT library=aeron-cpp scenario=mpsc pinning=on cpu_base=0 cpu_stride=1 term_length=4194304 producers=2 consumers=1 payload=64 published=4000000 delivered=4000000 seconds=0.12456 publish_msg_per_sec=3.2113e+07 delivery_msg_per_sec=3.2113e+07 delivery_mib_per_sec=1960.02 latency_sample_rate=0 latency_samples=0 latency_p50_ns=0 latency_p99_ns=0 latency_p999_ns=0 latency_max_ns=0
# measured round=10 scenario=fifo
LATENCY library=salias-ipc scenario=fifo consumer=0 samples=0 p50_ns=0 p99_ns=0 p999_ns=0 max_ns=0
RESULT library=salias-ipc scenario=fifo page=normal pinning=on cpu_base=0 cpu_stride=1 producers=2 consumers=1 payload=64 capacity=4194304 batch_size=16 publication_window=0 poll_limit=64 published=4000000 delivered=4000000 seconds=0.116553 publish_msg_per_sec=3.43191e+07 delivery_msg_per_sec=3.43191e+07 delivery_mib_per_sec=2094.67 latency_sample_rate=0 latency_samples=0 latency_p50_ns=0 latency_p99_ns=0 latency_p999_ns=0 latency_max_ns=0
LATENCY library=aeron-cpp scenario=mpsc consumer=0 samples=0 p50_ns=0 p99_ns=0 p999_ns=0 max_ns=0
RESULT library=aeron-cpp scenario=mpsc pinning=on cpu_base=0 cpu_stride=1 term_length=4194304 producers=2 consumers=1 payload=64 published=4000000 delivered=4000000 seconds=0.100705 publish_msg_per_sec=3.97201e+07 delivery_msg_per_sec=3.97201e+07 delivery_mib_per_sec=2424.32 latency_sample_rate=0 latency_samples=0 latency_p50_ns=0 latency_p99_ns=0 latency_p999_ns=0 latency_max_ns=0
# measured round=11 scenario=fifo
LATENCY library=salias-ipc scenario=fifo consumer=0 samples=0 p50_ns=0 p99_ns=0 p999_ns=0 max_ns=0
RESULT library=salias-ipc scenario=fifo page=normal pinning=on cpu_base=0 cpu_stride=1 producers=2 consumers=1 payload=64 capacity=4194304 batch_size=16 publication_window=0 poll_limit=64 published=4000000 delivered=4000000 seconds=0.110306 publish_msg_per_sec=3.62628e+07 delivery_msg_per_sec=3.62628e+07 delivery_mib_per_sec=2213.31 latency_sample_rate=0 latency_samples=0 latency_p50_ns=0 latency_p99_ns=0 latency_p999_ns=0 latency_max_ns=0
LATENCY library=aeron-cpp scenario=mpsc consumer=0 samples=0 p50_ns=0 p99_ns=0 p999_ns=0 max_ns=0
RESULT library=aeron-cpp scenario=mpsc pinning=on cpu_base=0 cpu_stride=1 term_length=4194304 producers=2 consumers=1 payload=64 published=4000000 delivered=4000000 seconds=0.115754 publish_msg_per_sec=3.4556e+07 delivery_msg_per_sec=3.4556e+07 delivery_mib_per_sec=2109.13 latency_sample_rate=0 latency_samples=0 latency_p50_ns=0 latency_p99_ns=0 latency_p999_ns=0 latency_max_ns=0
# measured round=12 scenario=fifo
LATENCY library=salias-ipc scenario=fifo consumer=0 samples=0 p50_ns=0 p99_ns=0 p999_ns=0 max_ns=0
RESULT library=salias-ipc scenario=fifo page=normal pinning=on cpu_base=0 cpu_stride=1 producers=2 consumers=1 payload=64 capacity=4194304 batch_size=16 publication_window=0 poll_limit=64 published=4000000 delivered=4000000 seconds=0.1052 publish_msg_per_sec=3.80228e+07 delivery_msg_per_sec=3.80228e+07 delivery_mib_per_sec=2320.73 latency_sample_rate=0 latency_samples=0 latency_p50_ns=0 latency_p99_ns=0 latency_p999_ns=0 latency_max_ns=0
LATENCY library=aeron-cpp scenario=mpsc consumer=0 samples=0 p50_ns=0 p99_ns=0 p999_ns=0 max_ns=0
RESULT library=aeron-cpp scenario=mpsc pinning=on cpu_base=0 cpu_stride=1 term_length=4194304 producers=2 consumers=1 payload=64 published=4000000 delivered=4000000 seconds=0.119169 publish_msg_per_sec=3.35659e+07 delivery_msg_per_sec=3.35659e+07 delivery_mib_per_sec=2048.7 latency_sample_rate=0 latency_samples=0 latency_p50_ns=0 latency_p99_ns=0 latency_p999_ns=0 latency_max_ns=0
# measured round=13 scenario=fifo
LATENCY library=salias-ipc scenario=fifo consumer=0 samples=0 p50_ns=0 p99_ns=0 p999_ns=0 max_ns=0
RESULT library=salias-ipc scenario=fifo page=normal pinning=on cpu_base=0 cpu_stride=1 producers=2 consumers=1 payload=64 capacity=4194304 batch_size=16 publication_window=0 poll_limit=64 published=4000000 delivered=4000000 seconds=0.128925 publish_msg_per_sec=3.10258e+07 delivery_msg_per_sec=3.10258e+07 delivery_mib_per_sec=1893.66 latency_sample_rate=0 latency_samples=0 latency_p50_ns=0 latency_p99_ns=0 latency_p999_ns=0 latency_max_ns=0
LATENCY library=aeron-cpp scenario=mpsc consumer=0 samples=0 p50_ns=0 p99_ns=0 p999_ns=0 max_ns=0
RESULT library=aeron-cpp scenario=mpsc pinning=on cpu_base=0 cpu_stride=1 term_length=4194304 producers=2 consumers=1 payload=64 published=4000000 delivered=4000000 seconds=0.120732 publish_msg_per_sec=3.31313e+07 delivery_msg_per_sec=3.31313e+07 delivery_mib_per_sec=2022.18 latency_sample_rate=0 latency_samples=0 latency_p50_ns=0 latency_p99_ns=0 latency_p999_ns=0 latency_max_ns=0
# measured round=14 scenario=fifo
LATENCY library=salias-ipc scenario=fifo consumer=0 samples=0 p50_ns=0 p99_ns=0 p999_ns=0 max_ns=0
RESULT library=salias-ipc scenario=fifo page=normal pinning=on cpu_base=0 cpu_stride=1 producers=2 consumers=1 payload=64 capacity=4194304 batch_size=16 publication_window=0 poll_limit=64 published=4000000 delivered=4000000 seconds=0.133981 publish_msg_per_sec=2.98549e+07 delivery_msg_per_sec=2.98549e+07 delivery_mib_per_sec=1822.2 latency_sample_rate=0 latency_samples=0 latency_p50_ns=0 latency_p99_ns=0 latency_p999_ns=0 latency_max_ns=0
LATENCY library=aeron-cpp scenario=mpsc consumer=0 samples=0 p50_ns=0 p99_ns=0 p999_ns=0 max_ns=0
RESULT library=aeron-cpp scenario=mpsc pinning=on cpu_base=0 cpu_stride=1 term_length=4194304 producers=2 consumers=1 payload=64 published=4000000 delivered=4000000 seconds=0.107069 publish_msg_per_sec=3.73592e+07 delivery_msg_per_sec=3.73592e+07 delivery_mib_per_sec=2280.22 latency_sample_rate=0 latency_samples=0 latency_p50_ns=0 latency_p99_ns=0 latency_p999_ns=0 latency_max_ns=0
# measured round=15 scenario=fifo
LATENCY library=salias-ipc scenario=fifo consumer=0 samples=0 p50_ns=0 p99_ns=0 p999_ns=0 max_ns=0
RESULT library=salias-ipc scenario=fifo page=normal pinning=on cpu_base=0 cpu_stride=1 producers=2 consumers=1 payload=64 capacity=4194304 batch_size=16 publication_window=0 poll_limit=64 published=4000000 delivered=4000000 seconds=0.121522 publish_msg_per_sec=3.29158e+07 delivery_msg_per_sec=3.29158e+07 delivery_mib_per_sec=2009.02 latency_sample_rate=0 latency_samples=0 latency_p50_ns=0 latency_p99_ns=0 latency_p999_ns=0 latency_max_ns=0
LATENCY library=aeron-cpp scenario=mpsc consumer=0 samples=0 p50_ns=0 p99_ns=0 p999_ns=0 max_ns=0
RESULT library=aeron-cpp scenario=mpsc pinning=on cpu_base=0 cpu_stride=1 term_length=4194304 producers=2 consumers=1 payload=64 published=4000000 delivered=4000000 seconds=0.110866 publish_msg_per_sec=3.60796e+07 delivery_msg_per_sec=3.60796e+07 delivery_mib_per_sec=2202.12 latency_sample_rate=0 latency_samples=0 latency_p50_ns=0 latency_p99_ns=0 latency_p999_ns=0 latency_max_ns=0
# measured round=16 scenario=fifo
LATENCY library=salias-ipc scenario=fifo consumer=0 samples=0 p50_ns=0 p99_ns=0 p999_ns=0 max_ns=0
RESULT library=salias-ipc scenario=fifo page=normal pinning=on cpu_base=0 cpu_stride=1 producers=2 consumers=1 payload=64 capacity=4194304 batch_size=16 publication_window=0 poll_limit=64 published=4000000 delivered=4000000 seconds=0.11603 publish_msg_per_sec=3.44737e+07 delivery_msg_per_sec=3.44737e+07 delivery_mib_per_sec=2104.11 latency_sample_rate=0 latency_samples=0 latency_p50_ns=0 latency_p99_ns=0 latency_p999_ns=0 latency_max_ns=0
LATENCY library=aeron-cpp scenario=mpsc consumer=0 samples=0 p50_ns=0 p99_ns=0 p999_ns=0 max_ns=0
RESULT library=aeron-cpp scenario=mpsc pinning=on cpu_base=0 cpu_stride=1 term_length=4194304 producers=2 consumers=1 payload=64 published=4000000 delivered=4000000 seconds=0.123548 publish_msg_per_sec=3.23762e+07 delivery_msg_per_sec=3.23762e+07 delivery_mib_per_sec=1976.08 latency_sample_rate=0 latency_samples=0 latency_p50_ns=0 latency_p99_ns=0 latency_p999_ns=0 latency_max_ns=0
# measured round=17 scenario=fifo
LATENCY library=salias-ipc scenario=fifo consumer=0 samples=0 p50_ns=0 p99_ns=0 p999_ns=0 max_ns=0
RESULT library=salias-ipc scenario=fifo page=normal pinning=on cpu_base=0 cpu_stride=1 producers=2 consumers=1 payload=64 capacity=4194304 batch_size=16 publication_window=0 poll_limit=64 published=4000000 delivered=4000000 seconds=0.130568 publish_msg_per_sec=3.06353e+07 delivery_msg_per_sec=3.06353e+07 delivery_mib_per_sec=1869.83 latency_sample_rate=0 latency_samples=0 latency_p50_ns=0 latency_p99_ns=0 latency_p999_ns=0 latency_max_ns=0
LATENCY library=aeron-cpp scenario=mpsc consumer=0 samples=0 p50_ns=0 p99_ns=0 p999_ns=0 max_ns=0
RESULT library=aeron-cpp scenario=mpsc pinning=on cpu_base=0 cpu_stride=1 term_length=4194304 producers=2 consumers=1 payload=64 published=4000000 delivered=4000000 seconds=0.0972059 publish_msg_per_sec=4.11498e+07 delivery_msg_per_sec=4.11498e+07 delivery_mib_per_sec=2511.58 latency_sample_rate=0 latency_samples=0 latency_p50_ns=0 latency_p99_ns=0 latency_p999_ns=0 latency_max_ns=0
# measured round=18 scenario=fifo
LATENCY library=salias-ipc scenario=fifo consumer=0 samples=0 p50_ns=0 p99_ns=0 p999_ns=0 max_ns=0
RESULT library=salias-ipc scenario=fifo page=normal pinning=on cpu_base=0 cpu_stride=1 producers=2 consumers=1 payload=64 capacity=4194304 batch_size=16 publication_window=0 poll_limit=64 published=4000000 delivered=4000000 seconds=0.114295 publish_msg_per_sec=3.49973e+07 delivery_msg_per_sec=3.49973e+07 delivery_mib_per_sec=2136.06 latency_sample_rate=0 latency_samples=0 latency_p50_ns=0 latency_p99_ns=0 latency_p999_ns=0 latency_max_ns=0
LATENCY library=aeron-cpp scenario=mpsc consumer=0 samples=0 p50_ns=0 p99_ns=0 p999_ns=0 max_ns=0
RESULT library=aeron-cpp scenario=mpsc pinning=on cpu_base=0 cpu_stride=1 term_length=4194304 producers=2 consumers=1 payload=64 published=4000000 delivered=4000000 seconds=0.106053 publish_msg_per_sec=3.77169e+07 delivery_msg_per_sec=3.77169e+07 delivery_mib_per_sec=2302.06 latency_sample_rate=0 latency_samples=0 latency_p50_ns=0 latency_p99_ns=0 latency_p999_ns=0 latency_max_ns=0
# measured round=19 scenario=fifo
LATENCY library=salias-ipc scenario=fifo consumer=0 samples=0 p50_ns=0 p99_ns=0 p999_ns=0 max_ns=0
RESULT library=salias-ipc scenario=fifo page=normal pinning=on cpu_base=0 cpu_stride=1 producers=2 consumers=1 payload=64 capacity=4194304 batch_size=16 publication_window=0 poll_limit=64 published=4000000 delivered=4000000 seconds=0.140095 publish_msg_per_sec=2.85521e+07 delivery_msg_per_sec=2.85521e+07 delivery_mib_per_sec=1742.68 latency_sample_rate=0 latency_samples=0 latency_p50_ns=0 latency_p99_ns=0 latency_p999_ns=0 latency_max_ns=0
LATENCY library=aeron-cpp scenario=mpsc consumer=0 samples=0 p50_ns=0 p99_ns=0 p999_ns=0 max_ns=0
RESULT library=aeron-cpp scenario=mpsc pinning=on cpu_base=0 cpu_stride=1 term_length=4194304 producers=2 consumers=1 payload=64 published=4000000 delivered=4000000 seconds=0.119485 publish_msg_per_sec=3.3477e+07 delivery_msg_per_sec=3.3477e+07 delivery_mib_per_sec=2043.27 latency_sample_rate=0 latency_samples=0 latency_p50_ns=0 latency_p99_ns=0 latency_p999_ns=0 latency_max_ns=0
# measured round=20 scenario=fifo
LATENCY library=salias-ipc scenario=fifo consumer=0 samples=0 p50_ns=0 p99_ns=0 p999_ns=0 max_ns=0
RESULT library=salias-ipc scenario=fifo page=normal pinning=on cpu_base=0 cpu_stride=1 producers=2 consumers=1 payload=64 capacity=4194304 batch_size=16 publication_window=0 poll_limit=64 published=4000000 delivered=4000000 seconds=0.10959 publish_msg_per_sec=3.64995e+07 delivery_msg_per_sec=3.64995e+07 delivery_mib_per_sec=2227.75 latency_sample_rate=0 latency_samples=0 latency_p50_ns=0 latency_p99_ns=0 latency_p999_ns=0 latency_max_ns=0
LATENCY library=aeron-cpp scenario=mpsc consumer=0 samples=0 p50_ns=0 p99_ns=0 p999_ns=0 max_ns=0
RESULT library=aeron-cpp scenario=mpsc pinning=on cpu_base=0 cpu_stride=1 term_length=4194304 producers=2 consumers=1 payload=64 published=4000000 delivered=4000000 seconds=0.131217 publish_msg_per_sec=3.04838e+07 delivery_msg_per_sec=3.04838e+07 delivery_mib_per_sec=1860.58 latency_sample_rate=0 latency_samples=0 latency_p50_ns=0 latency_p99_ns=0 latency_p999_ns=0 latency_max_ns=0
# warmup round=1 scenario=ordered
# warmup round=2 scenario=ordered
# warmup round=3 scenario=ordered
# measured round=1 scenario=ordered
LATENCY library=salias-ipc scenario=ordered consumer=0 samples=0 p50_ns=0 p99_ns=0 p999_ns=0 max_ns=0
RESULT library=salias-ipc scenario=ordered page=normal pinning=on cpu_base=0 cpu_stride=1 producers=2 consumers=1 payload=64 capacity=4194304 batch_size=16 publication_window=0 poll_limit=64 published=4000000 delivered=4000000 seconds=0.118512 publish_msg_per_sec=3.37518e+07 delivery_msg_per_sec=3.37518e+07 delivery_mib_per_sec=2060.05 latency_sample_rate=0 latency_samples=0 latency_p50_ns=0 latency_p99_ns=0 latency_p999_ns=0 latency_max_ns=0
LATENCY library=aeron-cpp scenario=mpsc consumer=0 samples=0 p50_ns=0 p99_ns=0 p999_ns=0 max_ns=0
RESULT library=aeron-cpp scenario=mpsc pinning=on cpu_base=0 cpu_stride=1 term_length=4194304 producers=2 consumers=1 payload=64 published=4000000 delivered=4000000 seconds=0.110579 publish_msg_per_sec=3.61733e+07 delivery_msg_per_sec=3.61733e+07 delivery_mib_per_sec=2207.85 latency_sample_rate=0 latency_samples=0 latency_p50_ns=0 latency_p99_ns=0 latency_p999_ns=0 latency_max_ns=0
# measured round=2 scenario=ordered
LATENCY library=salias-ipc scenario=ordered consumer=0 samples=0 p50_ns=0 p99_ns=0 p999_ns=0 max_ns=0
RESULT library=salias-ipc scenario=ordered page=normal pinning=on cpu_base=0 cpu_stride=1 producers=2 consumers=1 payload=64 capacity=4194304 batch_size=16 publication_window=0 poll_limit=64 published=4000000 delivered=4000000 seconds=0.139462 publish_msg_per_sec=2.86817e+07 delivery_msg_per_sec=2.86817e+07 delivery_mib_per_sec=1750.59 latency_sample_rate=0 latency_samples=0 latency_p50_ns=0 latency_p99_ns=0 latency_p999_ns=0 latency_max_ns=0
LATENCY library=aeron-cpp scenario=mpsc consumer=0 samples=0 p50_ns=0 p99_ns=0 p999_ns=0 max_ns=0
RESULT library=aeron-cpp scenario=mpsc pinning=on cpu_base=0 cpu_stride=1 term_length=4194304 producers=2 consumers=1 payload=64 published=4000000 delivered=4000000 seconds=0.126948 publish_msg_per_sec=3.1509e+07 delivery_msg_per_sec=3.1509e+07 delivery_mib_per_sec=1923.16 latency_sample_rate=0 latency_samples=0 latency_p50_ns=0 latency_p99_ns=0 latency_p999_ns=0 latency_max_ns=0
# measured round=3 scenario=ordered
LATENCY library=salias-ipc scenario=ordered consumer=0 samples=0 p50_ns=0 p99_ns=0 p999_ns=0 max_ns=0
RESULT library=salias-ipc scenario=ordered page=normal pinning=on cpu_base=0 cpu_stride=1 producers=2 consumers=1 payload=64 capacity=4194304 batch_size=16 publication_window=0 poll_limit=64 published=4000000 delivered=4000000 seconds=0.154165 publish_msg_per_sec=2.59462e+07 delivery_msg_per_sec=2.59462e+07 delivery_mib_per_sec=1583.63 latency_sample_rate=0 latency_samples=0 latency_p50_ns=0 latency_p99_ns=0 latency_p999_ns=0 latency_max_ns=0
LATENCY library=aeron-cpp scenario=mpsc consumer=0 samples=0 p50_ns=0 p99_ns=0 p999_ns=0 max_ns=0
RESULT library=aeron-cpp scenario=mpsc pinning=on cpu_base=0 cpu_stride=1 term_length=4194304 producers=2 consumers=1 payload=64 published=4000000 delivered=4000000 seconds=0.135871 publish_msg_per_sec=2.94397e+07 delivery_msg_per_sec=2.94397e+07 delivery_mib_per_sec=1796.86 latency_sample_rate=0 latency_samples=0 latency_p50_ns=0 latency_p99_ns=0 latency_p999_ns=0 latency_max_ns=0
# measured round=4 scenario=ordered
LATENCY library=salias-ipc scenario=ordered consumer=0 samples=0 p50_ns=0 p99_ns=0 p999_ns=0 max_ns=0
RESULT library=salias-ipc scenario=ordered page=normal pinning=on cpu_base=0 cpu_stride=1 producers=2 consumers=1 payload=64 capacity=4194304 batch_size=16 publication_window=0 poll_limit=64 published=4000000 delivered=4000000 seconds=0.114469 publish_msg_per_sec=3.49441e+07 delivery_msg_per_sec=3.49441e+07 delivery_mib_per_sec=2132.82 latency_sample_rate=0 latency_samples=0 latency_p50_ns=0 latency_p99_ns=0 latency_p999_ns=0 latency_max_ns=0
LATENCY library=aeron-cpp scenario=mpsc consumer=0 samples=0 p50_ns=0 p99_ns=0 p999_ns=0 max_ns=0
RESULT library=aeron-cpp scenario=mpsc pinning=on cpu_base=0 cpu_stride=1 term_length=4194304 producers=2 consumers=1 payload=64 published=4000000 delivered=4000000 seconds=0.128531 publish_msg_per_sec=3.11208e+07 delivery_msg_per_sec=3.11208e+07 delivery_mib_per_sec=1899.47 latency_sample_rate=0 latency_samples=0 latency_p50_ns=0 latency_p99_ns=0 latency_p999_ns=0 latency_max_ns=0
# measured round=5 scenario=ordered
LATENCY library=salias-ipc scenario=ordered consumer=0 samples=0 p50_ns=0 p99_ns=0 p999_ns=0 max_ns=0
RESULT library=salias-ipc scenario=ordered page=normal pinning=on cpu_base=0 cpu_stride=1 producers=2 consumers=1 payload=64 capacity=4194304 batch_size=16 publication_window=0 poll_limit=64 published=4000000 delivered=4000000 seconds=0.135667 publish_msg_per_sec=2.94839e+07 delivery_msg_per_sec=2.94839e+07 delivery_mib_per_sec=1799.56 latency_sample_rate=0 latency_samples=0 latency_p50_ns=0 latency_p99_ns=0 latency_p999_ns=0 latency_max_ns=0
LATENCY library=aeron-cpp scenario=mpsc consumer=0 samples=0 p50_ns=0 p99_ns=0 p999_ns=0 max_ns=0
RESULT library=aeron-cpp scenario=mpsc pinning=on cpu_base=0 cpu_stride=1 term_length=4194304 producers=2 consumers=1 payload=64 published=4000000 delivered=4000000 seconds=0.117107 publish_msg_per_sec=3.41567e+07 delivery_msg_per_sec=3.41567e+07 delivery_mib_per_sec=2084.76 latency_sample_rate=0 latency_samples=0 latency_p50_ns=0 latency_p99_ns=0 latency_p999_ns=0 latency_max_ns=0
# measured round=6 scenario=ordered
LATENCY library=salias-ipc scenario=ordered consumer=0 samples=0 p50_ns=0 p99_ns=0 p999_ns=0 max_ns=0
RESULT library=salias-ipc scenario=ordered page=normal pinning=on cpu_base=0 cpu_stride=1 producers=2 consumers=1 payload=64 capacity=4194304 batch_size=16 publication_window=0 poll_limit=64 published=4000000 delivered=4000000 seconds=0.119584 publish_msg_per_sec=3.34493e+07 delivery_msg_per_sec=3.34493e+07 delivery_mib_per_sec=2041.58 latency_sample_rate=0 latency_samples=0 latency_p50_ns=0 latency_p99_ns=0 latency_p999_ns=0 latency_max_ns=0
LATENCY library=aeron-cpp scenario=mpsc consumer=0 samples=0 p50_ns=0 p99_ns=0 p999_ns=0 max_ns=0
RESULT library=aeron-cpp scenario=mpsc pinning=on cpu_base=0 cpu_stride=1 term_length=4194304 producers=2 consumers=1 payload=64 published=4000000 delivered=4000000 seconds=0.110788 publish_msg_per_sec=3.61051e+07 delivery_msg_per_sec=3.61051e+07 delivery_mib_per_sec=2203.68 latency_sample_rate=0 latency_samples=0 latency_p50_ns=0 latency_p99_ns=0 latency_p999_ns=0 latency_max_ns=0
# measured round=7 scenario=ordered
LATENCY library=salias-ipc scenario=ordered consumer=0 samples=0 p50_ns=0 p99_ns=0 p999_ns=0 max_ns=0
RESULT library=salias-ipc scenario=ordered page=normal pinning=on cpu_base=0 cpu_stride=1 producers=2 consumers=1 payload=64 capacity=4194304 batch_size=16 publication_window=0 poll_limit=64 published=4000000 delivered=4000000 seconds=0.120048 publish_msg_per_sec=3.33201e+07 delivery_msg_per_sec=3.33201e+07 delivery_mib_per_sec=2033.7 latency_sample_rate=0 latency_samples=0 latency_p50_ns=0 latency_p99_ns=0 latency_p999_ns=0 latency_max_ns=0
LATENCY library=aeron-cpp scenario=mpsc consumer=0 samples=0 p50_ns=0 p99_ns=0 p999_ns=0 max_ns=0
RESULT library=aeron-cpp scenario=mpsc pinning=on cpu_base=0 cpu_stride=1 term_length=4194304 producers=2 consumers=1 payload=64 published=4000000 delivered=4000000 seconds=0.123857 publish_msg_per_sec=3.22952e+07 delivery_msg_per_sec=3.22952e+07 delivery_mib_per_sec=1971.14 latency_sample_rate=0 latency_samples=0 latency_p50_ns=0 latency_p99_ns=0 latency_p999_ns=0 latency_max_ns=0
# measured round=8 scenario=ordered
LATENCY library=salias-ipc scenario=ordered consumer=0 samples=0 p50_ns=0 p99_ns=0 p999_ns=0 max_ns=0
RESULT library=salias-ipc scenario=ordered page=normal pinning=on cpu_base=0 cpu_stride=1 producers=2 consumers=1 payload=64 capacity=4194304 batch_size=16 publication_window=0 poll_limit=64 published=4000000 delivered=4000000 seconds=0.121047 publish_msg_per_sec=3.30449e+07 delivery_msg_per_sec=3.30449e+07 delivery_mib_per_sec=2016.9 latency_sample_rate=0 latency_samples=0 latency_p50_ns=0 latency_p99_ns=0 latency_p999_ns=0 latency_max_ns=0
LATENCY library=aeron-cpp scenario=mpsc consumer=0 samples=0 p50_ns=0 p99_ns=0 p999_ns=0 max_ns=0
RESULT library=aeron-cpp scenario=mpsc pinning=on cpu_base=0 cpu_stride=1 term_length=4194304 producers=2 consumers=1 payload=64 published=4000000 delivered=4000000 seconds=0.114508 publish_msg_per_sec=3.49319e+07 delivery_msg_per_sec=3.49319e+07 delivery_mib_per_sec=2132.07 latency_sample_rate=0 latency_samples=0 latency_p50_ns=0 latency_p99_ns=0 latency_p999_ns=0 latency_max_ns=0
# measured round=9 scenario=ordered
LATENCY library=salias-ipc scenario=ordered consumer=0 samples=0 p50_ns=0 p99_ns=0 p999_ns=0 max_ns=0
RESULT library=salias-ipc scenario=ordered page=normal pinning=on cpu_base=0 cpu_stride=1 producers=2 consumers=1 payload=64 capacity=4194304 batch_size=16 publication_window=0 poll_limit=64 published=4000000 delivered=4000000 seconds=0.124056 publish_msg_per_sec=3.22436e+07 delivery_msg_per_sec=3.22436e+07 delivery_mib_per_sec=1967.99 latency_sample_rate=0 latency_samples=0 latency_p50_ns=0 latency_p99_ns=0 latency_p999_ns=0 latency_max_ns=0
LATENCY library=aeron-cpp scenario=mpsc consumer=0 samples=0 p50_ns=0 p99_ns=0 p999_ns=0 max_ns=0
RESULT library=aeron-cpp scenario=mpsc pinning=on cpu_base=0 cpu_stride=1 term_length=4194304 producers=2 consumers=1 payload=64 published=4000000 delivered=4000000 seconds=0.110813 publish_msg_per_sec=3.60969e+07 delivery_msg_per_sec=3.60969e+07 delivery_mib_per_sec=2203.18 latency_sample_rate=0 latency_samples=0 latency_p50_ns=0 latency_p99_ns=0 latency_p999_ns=0 latency_max_ns=0
# measured round=10 scenario=ordered
LATENCY library=salias-ipc scenario=ordered consumer=0 samples=0 p50_ns=0 p99_ns=0 p999_ns=0 max_ns=0
RESULT library=salias-ipc scenario=ordered page=normal pinning=on cpu_base=0 cpu_stride=1 producers=2 consumers=1 payload=64 capacity=4194304 batch_size=16 publication_window=0 poll_limit=64 published=4000000 delivered=4000000 seconds=0.127535 publish_msg_per_sec=3.1364e+07 delivery_msg_per_sec=3.1364e+07 delivery_mib_per_sec=1914.31 latency_sample_rate=0 latency_samples=0 latency_p50_ns=0 latency_p99_ns=0 latency_p999_ns=0 latency_max_ns=0
LATENCY library=aeron-cpp scenario=mpsc consumer=0 samples=0 p50_ns=0 p99_ns=0 p999_ns=0 max_ns=0
RESULT library=aeron-cpp scenario=mpsc pinning=on cpu_base=0 cpu_stride=1 term_length=4194304 producers=2 consumers=1 payload=64 published=4000000 delivered=4000000 seconds=0.109183 publish_msg_per_sec=3.66357e+07 delivery_msg_per_sec=3.66357e+07 delivery_mib_per_sec=2236.07 latency_sample_rate=0 latency_samples=0 latency_p50_ns=0 latency_p99_ns=0 latency_p999_ns=0 latency_max_ns=0
# measured round=11 scenario=ordered
LATENCY library=salias-ipc scenario=ordered consumer=0 samples=0 p50_ns=0 p99_ns=0 p999_ns=0 max_ns=0
RESULT library=salias-ipc scenario=ordered page=normal pinning=on cpu_base=0 cpu_stride=1 producers=2 consumers=1 payload=64 capacity=4194304 batch_size=16 publication_window=0 poll_limit=64 published=4000000 delivered=4000000 seconds=0.123879 publish_msg_per_sec=3.22897e+07 delivery_msg_per_sec=3.22897e+07 delivery_mib_per_sec=1970.8 latency_sample_rate=0 latency_samples=0 latency_p50_ns=0 latency_p99_ns=0 latency_p999_ns=0 latency_max_ns=0
LATENCY library=aeron-cpp scenario=mpsc consumer=0 samples=0 p50_ns=0 p99_ns=0 p999_ns=0 max_ns=0
RESULT library=aeron-cpp scenario=mpsc pinning=on cpu_base=0 cpu_stride=1 term_length=4194304 producers=2 consumers=1 payload=64 published=4000000 delivered=4000000 seconds=0.118622 publish_msg_per_sec=3.37206e+07 delivery_msg_per_sec=3.37206e+07 delivery_mib_per_sec=2058.14 latency_sample_rate=0 latency_samples=0 latency_p50_ns=0 latency_p99_ns=0 latency_p999_ns=0 latency_max_ns=0
# measured round=12 scenario=ordered
LATENCY library=salias-ipc scenario=ordered consumer=0 samples=0 p50_ns=0 p99_ns=0 p999_ns=0 max_ns=0
RESULT library=salias-ipc scenario=ordered page=normal pinning=on cpu_base=0 cpu_stride=1 producers=2 consumers=1 payload=64 capacity=4194304 batch_size=16 publication_window=0 poll_limit=64 published=4000000 delivered=4000000 seconds=0.132242 publish_msg_per_sec=3.02475e+07 delivery_msg_per_sec=3.02475e+07 delivery_mib_per_sec=1846.16 latency_sample_rate=0 latency_samples=0 latency_p50_ns=0 latency_p99_ns=0 latency_p999_ns=0 latency_max_ns=0
LATENCY library=aeron-cpp scenario=mpsc consumer=0 samples=0 p50_ns=0 p99_ns=0 p999_ns=0 max_ns=0
RESULT library=aeron-cpp scenario=mpsc pinning=on cpu_base=0 cpu_stride=1 term_length=4194304 producers=2 consumers=1 payload=64 published=4000000 delivered=4000000 seconds=0.114012 publish_msg_per_sec=3.50841e+07 delivery_msg_per_sec=3.50841e+07 delivery_mib_per_sec=2141.36 latency_sample_rate=0 latency_samples=0 latency_p50_ns=0 latency_p99_ns=0 latency_p999_ns=0 latency_max_ns=0
# measured round=13 scenario=ordered
LATENCY library=salias-ipc scenario=ordered consumer=0 samples=0 p50_ns=0 p99_ns=0 p999_ns=0 max_ns=0
RESULT library=salias-ipc scenario=ordered page=normal pinning=on cpu_base=0 cpu_stride=1 producers=2 consumers=1 payload=64 capacity=4194304 batch_size=16 publication_window=0 poll_limit=64 published=4000000 delivered=4000000 seconds=0.113009 publish_msg_per_sec=3.53954e+07 delivery_msg_per_sec=3.53954e+07 delivery_mib_per_sec=2160.36 latency_sample_rate=0 latency_samples=0 latency_p50_ns=0 latency_p99_ns=0 latency_p999_ns=0 latency_max_ns=0
LATENCY library=aeron-cpp scenario=mpsc consumer=0 samples=0 p50_ns=0 p99_ns=0 p999_ns=0 max_ns=0
RESULT library=aeron-cpp scenario=mpsc pinning=on cpu_base=0 cpu_stride=1 term_length=4194304 producers=2 consumers=1 payload=64 published=4000000 delivered=4000000 seconds=0.108564 publish_msg_per_sec=3.68446e+07 delivery_msg_per_sec=3.68446e+07 delivery_mib_per_sec=2248.82 latency_sample_rate=0 latency_samples=0 latency_p50_ns=0 latency_p99_ns=0 latency_p999_ns=0 latency_max_ns=0
# measured round=14 scenario=ordered
LATENCY library=salias-ipc scenario=ordered consumer=0 samples=0 p50_ns=0 p99_ns=0 p999_ns=0 max_ns=0
RESULT library=salias-ipc scenario=ordered page=normal pinning=on cpu_base=0 cpu_stride=1 producers=2 consumers=1 payload=64 capacity=4194304 batch_size=16 publication_window=0 poll_limit=64 published=4000000 delivered=4000000 seconds=0.131645 publish_msg_per_sec=3.03847e+07 delivery_msg_per_sec=3.03847e+07 delivery_mib_per_sec=1854.53 latency_sample_rate=0 latency_samples=0 latency_p50_ns=0 latency_p99_ns=0 latency_p999_ns=0 latency_max_ns=0
LATENCY library=aeron-cpp scenario=mpsc consumer=0 samples=0 p50_ns=0 p99_ns=0 p999_ns=0 max_ns=0
RESULT library=aeron-cpp scenario=mpsc pinning=on cpu_base=0 cpu_stride=1 term_length=4194304 producers=2 consumers=1 payload=64 published=4000000 delivered=4000000 seconds=0.113134 publish_msg_per_sec=3.53563e+07 delivery_msg_per_sec=3.53563e+07 delivery_mib_per_sec=2157.98 latency_sample_rate=0 latency_samples=0 latency_p50_ns=0 latency_p99_ns=0 latency_p999_ns=0 latency_max_ns=0
# measured round=15 scenario=ordered
LATENCY library=salias-ipc scenario=ordered consumer=0 samples=0 p50_ns=0 p99_ns=0 p999_ns=0 max_ns=0
RESULT library=salias-ipc scenario=ordered page=normal pinning=on cpu_base=0 cpu_stride=1 producers=2 consumers=1 payload=64 capacity=4194304 batch_size=16 publication_window=0 poll_limit=64 published=4000000 delivered=4000000 seconds=0.130377 publish_msg_per_sec=3.06803e+07 delivery_msg_per_sec=3.06803e+07 delivery_mib_per_sec=1872.58 latency_sample_rate=0 latency_samples=0 latency_p50_ns=0 latency_p99_ns=0 latency_p999_ns=0 latency_max_ns=0
LATENCY library=aeron-cpp scenario=mpsc consumer=0 samples=0 p50_ns=0 p99_ns=0 p999_ns=0 max_ns=0
RESULT library=aeron-cpp scenario=mpsc pinning=on cpu_base=0 cpu_stride=1 term_length=4194304 producers=2 consumers=1 payload=64 published=4000000 delivered=4000000 seconds=0.104838 publish_msg_per_sec=3.81543e+07 delivery_msg_per_sec=3.81543e+07 delivery_mib_per_sec=2328.75 latency_sample_rate=0 latency_samples=0 latency_p50_ns=0 latency_p99_ns=0 latency_p999_ns=0 latency_max_ns=0
# measured round=16 scenario=ordered
LATENCY library=salias-ipc scenario=ordered consumer=0 samples=0 p50_ns=0 p99_ns=0 p999_ns=0 max_ns=0
RESULT library=salias-ipc scenario=ordered page=normal pinning=on cpu_base=0 cpu_stride=1 producers=2 consumers=1 payload=64 capacity=4194304 batch_size=16 publication_window=0 poll_limit=64 published=4000000 delivered=4000000 seconds=0.114261 publish_msg_per_sec=3.50074e+07 delivery_msg_per_sec=3.50074e+07 delivery_mib_per_sec=2136.68 latency_sample_rate=0 latency_samples=0 latency_p50_ns=0 latency_p99_ns=0 latency_p999_ns=0 latency_max_ns=0
LATENCY library=aeron-cpp scenario=mpsc consumer=0 samples=0 p50_ns=0 p99_ns=0 p999_ns=0 max_ns=0
RESULT library=aeron-cpp scenario=mpsc pinning=on cpu_base=0 cpu_stride=1 term_length=4194304 producers=2 consumers=1 payload=64 published=4000000 delivered=4000000 seconds=0.117385 publish_msg_per_sec=3.4076e+07 delivery_msg_per_sec=3.4076e+07 delivery_mib_per_sec=2079.83 latency_sample_rate=0 latency_samples=0 latency_p50_ns=0 latency_p99_ns=0 latency_p999_ns=0 latency_max_ns=0
# measured round=17 scenario=ordered
LATENCY library=salias-ipc scenario=ordered consumer=0 samples=0 p50_ns=0 p99_ns=0 p999_ns=0 max_ns=0
RESULT library=salias-ipc scenario=ordered page=normal pinning=on cpu_base=0 cpu_stride=1 producers=2 consumers=1 payload=64 capacity=4194304 batch_size=16 publication_window=0 poll_limit=64 published=4000000 delivered=4000000 seconds=0.0971138 publish_msg_per_sec=4.11888e+07 delivery_msg_per_sec=4.11888e+07 delivery_mib_per_sec=2513.96 latency_sample_rate=0 latency_samples=0 latency_p50_ns=0 latency_p99_ns=0 latency_p999_ns=0 latency_max_ns=0
LATENCY library=aeron-cpp scenario=mpsc consumer=0 samples=0 p50_ns=0 p99_ns=0 p999_ns=0 max_ns=0
RESULT library=aeron-cpp scenario=mpsc pinning=on cpu_base=0 cpu_stride=1 term_length=4194304 producers=2 consumers=1 payload=64 published=4000000 delivered=4000000 seconds=0.113397 publish_msg_per_sec=3.52743e+07 delivery_msg_per_sec=3.52743e+07 delivery_mib_per_sec=2152.97 latency_sample_rate=0 latency_samples=0 latency_p50_ns=0 latency_p99_ns=0 latency_p999_ns=0 latency_max_ns=0
# measured round=18 scenario=ordered
LATENCY library=salias-ipc scenario=ordered consumer=0 samples=0 p50_ns=0 p99_ns=0 p999_ns=0 max_ns=0
RESULT library=salias-ipc scenario=ordered page=normal pinning=on cpu_base=0 cpu_stride=1 producers=2 consumers=1 payload=64 capacity=4194304 batch_size=16 publication_window=0 poll_limit=64 published=4000000 delivered=4000000 seconds=0.110953 publish_msg_per_sec=3.60513e+07 delivery_msg_per_sec=3.60513e+07 delivery_mib_per_sec=2200.39 latency_sample_rate=0 latency_samples=0 latency_p50_ns=0 latency_p99_ns=0 latency_p999_ns=0 latency_max_ns=0
LATENCY library=aeron-cpp scenario=mpsc consumer=0 samples=0 p50_ns=0 p99_ns=0 p999_ns=0 max_ns=0
RESULT library=aeron-cpp scenario=mpsc pinning=on cpu_base=0 cpu_stride=1 term_length=4194304 producers=2 consumers=1 payload=64 published=4000000 delivered=4000000 seconds=0.104934 publish_msg_per_sec=3.81192e+07 delivery_msg_per_sec=3.81192e+07 delivery_mib_per_sec=2326.61 latency_sample_rate=0 latency_samples=0 latency_p50_ns=0 latency_p99_ns=0 latency_p999_ns=0 latency_max_ns=0
# measured round=19 scenario=ordered
LATENCY library=salias-ipc scenario=ordered consumer=0 samples=0 p50_ns=0 p99_ns=0 p999_ns=0 max_ns=0
RESULT library=salias-ipc scenario=ordered page=normal pinning=on cpu_base=0 cpu_stride=1 producers=2 consumers=1 payload=64 capacity=4194304 batch_size=16 publication_window=0 poll_limit=64 published=4000000 delivered=4000000 seconds=0.102765 publish_msg_per_sec=3.89237e+07 delivery_msg_per_sec=3.89237e+07 delivery_mib_per_sec=2375.72 latency_sample_rate=0 latency_samples=0 latency_p50_ns=0 latency_p99_ns=0 latency_p999_ns=0 latency_max_ns=0
LATENCY library=aeron-cpp scenario=mpsc consumer=0 samples=0 p50_ns=0 p99_ns=0 p999_ns=0 max_ns=0
RESULT library=aeron-cpp scenario=mpsc pinning=on cpu_base=0 cpu_stride=1 term_length=4194304 producers=2 consumers=1 payload=64 published=4000000 delivered=4000000 seconds=0.122686 publish_msg_per_sec=3.26037e+07 delivery_msg_per_sec=3.26037e+07 delivery_mib_per_sec=1989.97 latency_sample_rate=0 latency_samples=0 latency_p50_ns=0 latency_p99_ns=0 latency_p999_ns=0 latency_max_ns=0
# measured round=20 scenario=ordered
LATENCY library=salias-ipc scenario=ordered consumer=0 samples=0 p50_ns=0 p99_ns=0 p999_ns=0 max_ns=0
RESULT library=salias-ipc scenario=ordered page=normal pinning=on cpu_base=0 cpu_stride=1 producers=2 consumers=1 payload=64 capacity=4194304 batch_size=16 publication_window=0 poll_limit=64 published=4000000 delivered=4000000 seconds=0.103878 publish_msg_per_sec=3.85066e+07 delivery_msg_per_sec=3.85066e+07 delivery_mib_per_sec=2350.26 latency_sample_rate=0 latency_samples=0 latency_p50_ns=0 latency_p99_ns=0 latency_p999_ns=0 latency_max_ns=0
LATENCY library=aeron-cpp scenario=mpsc consumer=0 samples=0 p50_ns=0 p99_ns=0 p999_ns=0 max_ns=0
RESULT library=aeron-cpp scenario=mpsc pinning=on cpu_base=0 cpu_stride=1 term_length=4194304 producers=2 consumers=1 payload=64 published=4000000 delivered=4000000 seconds=0.0988318 publish_msg_per_sec=4.04728e+07 delivery_msg_per_sec=4.04728e+07 delivery_mib_per_sec=2470.26 latency_sample_rate=0 latency_samples=0 latency_p50_ns=0 latency_p99_ns=0 latency_p999_ns=0 latency_max_ns=0
