# Tencent 4-vCPU equal-budget MPMC comparison
# batch=16 messages_per_producer=2000000 producers=2 consumers=2 payload=64 warmup=3 rounds=20
# workers cpu0,1,2,3; Aeron driver shares cpu0 with consumer0
# warmup round=1 scenario=fifo
# warmup round=2 scenario=fifo
# warmup round=3 scenario=fifo
# measured round=1 scenario=fifo
RESULT library=salias-ipc scenario=fifo page=normal pinning=on cpu_base=0 cpu_stride=1 producers=2 consumers=2 payload=64 capacity=4194304 batch_size=16 poll_limit=64 published=4000000 delivered=8000000 seconds=0.345904 publish_msg_per_sec=1.15639e+07 delivery_msg_per_sec=2.31278e+07 delivery_mib_per_sec=1411.61
RESULT library=aeron-cpp scenario=mpmc pinning=on cpu_base=0 cpu_stride=1 term_length=4194304 producers=2 consumers=2 payload=64 published=4000000 delivered=8000000 seconds=0.21985 publish_msg_per_sec=1.81942e+07 delivery_msg_per_sec=3.63885e+07 delivery_mib_per_sec=2220.98
# measured round=2 scenario=fifo
RESULT library=salias-ipc scenario=fifo page=normal pinning=on cpu_base=0 cpu_stride=1 producers=2 consumers=2 payload=64 capacity=4194304 batch_size=16 poll_limit=64 published=4000000 delivered=8000000 seconds=0.38628 publish_msg_per_sec=1.03552e+07 delivery_msg_per_sec=2.07103e+07 delivery_mib_per_sec=1264.06
RESULT library=aeron-cpp scenario=mpmc pinning=on cpu_base=0 cpu_stride=1 term_length=4194304 producers=2 consumers=2 payload=64 published=4000000 delivered=8000000 seconds=0.160157 publish_msg_per_sec=2.49755e+07 delivery_msg_per_sec=4.9951e+07 delivery_mib_per_sec=3048.77
# measured round=3 scenario=fifo
RESULT library=salias-ipc scenario=fifo page=normal pinning=on cpu_base=0 cpu_stride=1 producers=2 consumers=2 payload=64 capacity=4194304 batch_size=16 poll_limit=64 published=4000000 delivered=8000000 seconds=0.391352 publish_msg_per_sec=1.0221e+07 delivery_msg_per_sec=2.0442e+07 delivery_mib_per_sec=1247.68
RESULT library=aeron-cpp scenario=mpmc pinning=on cpu_base=0 cpu_stride=1 term_length=4194304 producers=2 consumers=2 payload=64 published=4000000 delivered=8000000 seconds=0.172582 publish_msg_per_sec=2.31774e+07 delivery_msg_per_sec=4.63547e+07 delivery_mib_per_sec=2829.27
# measured round=4 scenario=fifo
RESULT library=salias-ipc scenario=fifo page=normal pinning=on cpu_base=0 cpu_stride=1 producers=2 consumers=2 payload=64 capacity=4194304 batch_size=16 poll_limit=64 published=4000000 delivered=8000000 seconds=0.363634 publish_msg_per_sec=1.10001e+07 delivery_msg_per_sec=2.20001e+07 delivery_mib_per_sec=1342.78
RESULT library=aeron-cpp scenario=mpmc pinning=on cpu_base=0 cpu_stride=1 term_length=4194304 producers=2 consumers=2 payload=64 published=4000000 delivered=8000000 seconds=0.223389 publish_msg_per_sec=1.79059e+07 delivery_msg_per_sec=3.58119e+07 delivery_mib_per_sec=2185.78
# measured round=5 scenario=fifo
RESULT library=salias-ipc scenario=fifo page=normal pinning=on cpu_base=0 cpu_stride=1 producers=2 consumers=2 payload=64 capacity=4194304 batch_size=16 poll_limit=64 published=4000000 delivered=8000000 seconds=0.384485 publish_msg_per_sec=1.04035e+07 delivery_msg_per_sec=2.0807e+07 delivery_mib_per_sec=1269.96
RESULT library=aeron-cpp scenario=mpmc pinning=on cpu_base=0 cpu_stride=1 term_length=4194304 producers=2 consumers=2 payload=64 published=4000000 delivered=8000000 seconds=0.166346 publish_msg_per_sec=2.40462e+07 delivery_msg_per_sec=4.80924e+07 delivery_mib_per_sec=2935.33
# measured round=6 scenario=fifo
RESULT library=salias-ipc scenario=fifo page=normal pinning=on cpu_base=0 cpu_stride=1 producers=2 consumers=2 payload=64 capacity=4194304 batch_size=16 poll_limit=64 published=4000000 delivered=8000000 seconds=0.353707 publish_msg_per_sec=1.13088e+07 delivery_msg_per_sec=2.26176e+07 delivery_mib_per_sec=1380.47
RESULT library=aeron-cpp scenario=mpmc pinning=on cpu_base=0 cpu_stride=1 term_length=4194304 producers=2 consumers=2 payload=64 published=4000000 delivered=8000000 seconds=0.23174 publish_msg_per_sec=1.72608e+07 delivery_msg_per_sec=3.45215e+07 delivery_mib_per_sec=2107.03
# measured round=7 scenario=fifo
RESULT library=salias-ipc scenario=fifo page=normal pinning=on cpu_base=0 cpu_stride=1 producers=2 consumers=2 payload=64 capacity=4194304 batch_size=16 poll_limit=64 published=4000000 delivered=8000000 seconds=0.332637 publish_msg_per_sec=1.20251e+07 delivery_msg_per_sec=2.40502e+07 delivery_mib_per_sec=1467.91
RESULT library=aeron-cpp scenario=mpmc pinning=on cpu_base=0 cpu_stride=1 term_length=4194304 producers=2 consumers=2 payload=64 published=4000000 delivered=8000000 seconds=0.178687 publish_msg_per_sec=2.23855e+07 delivery_msg_per_sec=4.47709e+07 delivery_mib_per_sec=2732.6
# measured round=8 scenario=fifo
RESULT library=salias-ipc scenario=fifo page=normal pinning=on cpu_base=0 cpu_stride=1 producers=2 consumers=2 payload=64 capacity=4194304 batch_size=16 poll_limit=64 published=4000000 delivered=8000000 seconds=0.40657 publish_msg_per_sec=9.83839e+06 delivery_msg_per_sec=1.96768e+07 delivery_mib_per_sec=1200.98
RESULT library=aeron-cpp scenario=mpmc pinning=on cpu_base=0 cpu_stride=1 term_length=4194304 producers=2 consumers=2 payload=64 published=4000000 delivered=8000000 seconds=0.163519 publish_msg_per_sec=2.44619e+07 delivery_msg_per_sec=4.89239e+07 delivery_mib_per_sec=2986.08
# measured round=9 scenario=fifo
RESULT library=salias-ipc scenario=fifo page=normal pinning=on cpu_base=0 cpu_stride=1 producers=2 consumers=2 payload=64 capacity=4194304 batch_size=16 poll_limit=64 published=4000000 delivered=8000000 seconds=0.358405 publish_msg_per_sec=1.11606e+07 delivery_msg_per_sec=2.23211e+07 delivery_mib_per_sec=1362.37
RESULT library=aeron-cpp scenario=mpmc pinning=on cpu_base=0 cpu_stride=1 term_length=4194304 producers=2 consumers=2 payload=64 published=4000000 delivered=8000000 seconds=0.174851 publish_msg_per_sec=2.28766e+07 delivery_msg_per_sec=4.57533e+07 delivery_mib_per_sec=2792.56
# measured round=10 scenario=fifo
RESULT library=salias-ipc scenario=fifo page=normal pinning=on cpu_base=0 cpu_stride=1 producers=2 consumers=2 payload=64 capacity=4194304 batch_size=16 poll_limit=64 published=4000000 delivered=8000000 seconds=0.376743 publish_msg_per_sec=1.06173e+07 delivery_msg_per_sec=2.12346e+07 delivery_mib_per_sec=1296.06
RESULT library=aeron-cpp scenario=mpmc pinning=on cpu_base=0 cpu_stride=1 term_length=4194304 producers=2 consumers=2 payload=64 published=4000000 delivered=8000000 seconds=0.336223 publish_msg_per_sec=1.18969e+07 delivery_msg_per_sec=2.37937e+07 delivery_mib_per_sec=1452.25
# measured round=11 scenario=fifo
RESULT library=salias-ipc scenario=fifo page=normal pinning=on cpu_base=0 cpu_stride=1 producers=2 consumers=2 payload=64 capacity=4194304 batch_size=16 poll_limit=64 published=4000000 delivered=8000000 seconds=0.323242 publish_msg_per_sec=1.23746e+07 delivery_msg_per_sec=2.47493e+07 delivery_mib_per_sec=1510.58
RESULT library=aeron-cpp scenario=mpmc pinning=on cpu_base=0 cpu_stride=1 term_length=4194304 producers=2 consumers=2 payload=64 published=4000000 delivered=8000000 seconds=0.168612 publish_msg_per_sec=2.37232e+07 delivery_msg_per_sec=4.74463e+07 delivery_mib_per_sec=2895.9
# measured round=12 scenario=fifo
RESULT library=salias-ipc scenario=fifo page=normal pinning=on cpu_base=0 cpu_stride=1 producers=2 consumers=2 payload=64 capacity=4194304 batch_size=16 poll_limit=64 published=4000000 delivered=8000000 seconds=0.326134 publish_msg_per_sec=1.22649e+07 delivery_msg_per_sec=2.45298e+07 delivery_mib_per_sec=1497.18
RESULT library=aeron-cpp scenario=mpmc pinning=on cpu_base=0 cpu_stride=1 term_length=4194304 producers=2 consumers=2 payload=64 published=4000000 delivered=8000000 seconds=0.310784 publish_msg_per_sec=1.28707e+07 delivery_msg_per_sec=2.57413e+07 delivery_mib_per_sec=1571.13
# measured round=13 scenario=fifo
RESULT library=salias-ipc scenario=fifo page=normal pinning=on cpu_base=0 cpu_stride=1 producers=2 consumers=2 payload=64 capacity=4194304 batch_size=16 poll_limit=64 published=4000000 delivered=8000000 seconds=0.388116 publish_msg_per_sec=1.03062e+07 delivery_msg_per_sec=2.06124e+07 delivery_mib_per_sec=1258.08
RESULT library=aeron-cpp scenario=mpmc pinning=on cpu_base=0 cpu_stride=1 term_length=4194304 producers=2 consumers=2 payload=64 published=4000000 delivered=8000000 seconds=0.206194 publish_msg_per_sec=1.93992e+07 delivery_msg_per_sec=3.87984e+07 delivery_mib_per_sec=2368.07
# measured round=14 scenario=fifo
RESULT library=salias-ipc scenario=fifo page=normal pinning=on cpu_base=0 cpu_stride=1 producers=2 consumers=2 payload=64 capacity=4194304 batch_size=16 poll_limit=64 published=4000000 delivered=8000000 seconds=0.301334 publish_msg_per_sec=1.32743e+07 delivery_msg_per_sec=2.65486e+07 delivery_mib_per_sec=1620.4
RESULT library=aeron-cpp scenario=mpmc pinning=on cpu_base=0 cpu_stride=1 term_length=4194304 producers=2 consumers=2 payload=64 published=4000000 delivered=8000000 seconds=0.159794 publish_msg_per_sec=2.50322e+07 delivery_msg_per_sec=5.00643e+07 delivery_mib_per_sec=3055.68
# measured round=15 scenario=fifo
RESULT library=salias-ipc scenario=fifo page=normal pinning=on cpu_base=0 cpu_stride=1 producers=2 consumers=2 payload=64 capacity=4194304 batch_size=16 poll_limit=64 published=4000000 delivered=8000000 seconds=0.349663 publish_msg_per_sec=1.14396e+07 delivery_msg_per_sec=2.28791e+07 delivery_mib_per_sec=1396.43
RESULT library=aeron-cpp scenario=mpmc pinning=on cpu_base=0 cpu_stride=1 term_length=4194304 producers=2 consumers=2 payload=64 published=4000000 delivered=8000000 seconds=0.364613 publish_msg_per_sec=1.09705e+07 delivery_msg_per_sec=2.19411e+07 delivery_mib_per_sec=1339.18
# measured round=16 scenario=fifo
RESULT library=salias-ipc scenario=fifo page=normal pinning=on cpu_base=0 cpu_stride=1 producers=2 consumers=2 payload=64 capacity=4194304 batch_size=16 poll_limit=64 published=4000000 delivered=8000000 seconds=0.331262 publish_msg_per_sec=1.2075e+07 delivery_msg_per_sec=2.41501e+07 delivery_mib_per_sec=1474
RESULT library=aeron-cpp scenario=mpmc pinning=on cpu_base=0 cpu_stride=1 term_length=4194304 producers=2 consumers=2 payload=64 published=4000000 delivered=8000000 seconds=0.157501 publish_msg_per_sec=2.53966e+07 delivery_msg_per_sec=5.07932e+07 delivery_mib_per_sec=3100.17
# measured round=17 scenario=fifo
RESULT library=salias-ipc scenario=fifo page=normal pinning=on cpu_base=0 cpu_stride=1 producers=2 consumers=2 payload=64 capacity=4194304 batch_size=16 poll_limit=64 published=4000000 delivered=8000000 seconds=0.359977 publish_msg_per_sec=1.11118e+07 delivery_msg_per_sec=2.22237e+07 delivery_mib_per_sec=1356.42
RESULT library=aeron-cpp scenario=mpmc pinning=on cpu_base=0 cpu_stride=1 term_length=4194304 producers=2 consumers=2 payload=64 published=4000000 delivered=8000000 seconds=0.166884 publish_msg_per_sec=2.39687e+07 delivery_msg_per_sec=4.79374e+07 delivery_mib_per_sec=2925.87
# measured round=18 scenario=fifo
RESULT library=salias-ipc scenario=fifo page=normal pinning=on cpu_base=0 cpu_stride=1 producers=2 consumers=2 payload=64 capacity=4194304 batch_size=16 poll_limit=64 published=4000000 delivered=8000000 seconds=0.370462 publish_msg_per_sec=1.07973e+07 delivery_msg_per_sec=2.15946e+07 delivery_mib_per_sec=1318.03
RESULT library=aeron-cpp scenario=mpmc pinning=on cpu_base=0 cpu_stride=1 term_length=4194304 producers=2 consumers=2 payload=64 published=4000000 delivered=8000000 seconds=0.179692 publish_msg_per_sec=2.22603e+07 delivery_msg_per_sec=4.45206e+07 delivery_mib_per_sec=2717.32
# measured round=19 scenario=fifo
RESULT library=salias-ipc scenario=fifo page=normal pinning=on cpu_base=0 cpu_stride=1 producers=2 consumers=2 payload=64 capacity=4194304 batch_size=16 poll_limit=64 published=4000000 delivered=8000000 seconds=0.341661 publish_msg_per_sec=1.17075e+07 delivery_msg_per_sec=2.3415e+07 delivery_mib_per_sec=1429.14
RESULT library=aeron-cpp scenario=mpmc pinning=on cpu_base=0 cpu_stride=1 term_length=4194304 producers=2 consumers=2 payload=64 published=4000000 delivered=8000000 seconds=0.288182 publish_msg_per_sec=1.38801e+07 delivery_msg_per_sec=2.77602e+07 delivery_mib_per_sec=1694.35
# measured round=20 scenario=fifo
RESULT library=salias-ipc scenario=fifo page=normal pinning=on cpu_base=0 cpu_stride=1 producers=2 consumers=2 payload=64 capacity=4194304 batch_size=16 poll_limit=64 published=4000000 delivered=8000000 seconds=0.37153 publish_msg_per_sec=1.07663e+07 delivery_msg_per_sec=2.15326e+07 delivery_mib_per_sec=1314.25
RESULT library=aeron-cpp scenario=mpmc pinning=on cpu_base=0 cpu_stride=1 term_length=4194304 producers=2 consumers=2 payload=64 published=4000000 delivered=8000000 seconds=0.19009 publish_msg_per_sec=2.10426e+07 delivery_msg_per_sec=4.20853e+07 delivery_mib_per_sec=2568.68
# warmup round=1 scenario=ordered
# warmup round=2 scenario=ordered
# warmup round=3 scenario=ordered
# measured round=1 scenario=ordered
RESULT library=salias-ipc scenario=ordered page=normal pinning=on cpu_base=0 cpu_stride=1 producers=2 consumers=2 payload=64 capacity=4194304 batch_size=16 poll_limit=64 published=4000000 delivered=8000000 seconds=0.468348 publish_msg_per_sec=8.54065e+06 delivery_msg_per_sec=1.70813e+07 delivery_mib_per_sec=1042.56
RESULT library=aeron-cpp scenario=mpmc pinning=on cpu_base=0 cpu_stride=1 term_length=4194304 producers=2 consumers=2 payload=64 published=4000000 delivered=8000000 seconds=0.156165 publish_msg_per_sec=2.56139e+07 delivery_msg_per_sec=5.12278e+07 delivery_mib_per_sec=3126.7
# measured round=2 scenario=ordered
RESULT library=salias-ipc scenario=ordered page=normal pinning=on cpu_base=0 cpu_stride=1 producers=2 consumers=2 payload=64 capacity=4194304 batch_size=16 poll_limit=64 published=4000000 delivered=8000000 seconds=0.480788 publish_msg_per_sec=8.31968e+06 delivery_msg_per_sec=1.66394e+07 delivery_mib_per_sec=1015.59
RESULT library=aeron-cpp scenario=mpmc pinning=on cpu_base=0 cpu_stride=1 term_length=4194304 producers=2 consumers=2 payload=64 published=4000000 delivered=8000000 seconds=0.188682 publish_msg_per_sec=2.11997e+07 delivery_msg_per_sec=4.23993e+07 delivery_mib_per_sec=2587.85
# measured round=3 scenario=ordered
RESULT library=salias-ipc scenario=ordered page=normal pinning=on cpu_base=0 cpu_stride=1 producers=2 consumers=2 payload=64 capacity=4194304 batch_size=16 poll_limit=64 published=4000000 delivered=8000000 seconds=0.460898 publish_msg_per_sec=8.67871e+06 delivery_msg_per_sec=1.73574e+07 delivery_mib_per_sec=1059.41
RESULT library=aeron-cpp scenario=mpmc pinning=on cpu_base=0 cpu_stride=1 term_length=4194304 producers=2 consumers=2 payload=64 published=4000000 delivered=8000000 seconds=0.177451 publish_msg_per_sec=2.25415e+07 delivery_msg_per_sec=4.50829e+07 delivery_mib_per_sec=2751.64
# measured round=4 scenario=ordered
RESULT library=salias-ipc scenario=ordered page=normal pinning=on cpu_base=0 cpu_stride=1 producers=2 consumers=2 payload=64 capacity=4194304 batch_size=16 poll_limit=64 published=4000000 delivered=8000000 seconds=0.351232 publish_msg_per_sec=1.13885e+07 delivery_msg_per_sec=2.2777e+07 delivery_mib_per_sec=1390.2
RESULT library=aeron-cpp scenario=mpmc pinning=on cpu_base=0 cpu_stride=1 term_length=4194304 producers=2 consumers=2 payload=64 published=4000000 delivered=8000000 seconds=0.407736 publish_msg_per_sec=9.81028e+06 delivery_msg_per_sec=1.96206e+07 delivery_mib_per_sec=1197.54
# measured round=5 scenario=ordered
RESULT library=salias-ipc scenario=ordered page=normal pinning=on cpu_base=0 cpu_stride=1 producers=2 consumers=2 payload=64 capacity=4194304 batch_size=16 poll_limit=64 published=4000000 delivered=8000000 seconds=0.490939 publish_msg_per_sec=8.14764e+06 delivery_msg_per_sec=1.62953e+07 delivery_mib_per_sec=994.585
RESULT library=aeron-cpp scenario=mpmc pinning=on cpu_base=0 cpu_stride=1 term_length=4194304 producers=2 consumers=2 payload=64 published=4000000 delivered=8000000 seconds=0.183743 publish_msg_per_sec=2.17695e+07 delivery_msg_per_sec=4.3539e+07 delivery_mib_per_sec=2657.41
# measured round=6 scenario=ordered
RESULT library=salias-ipc scenario=ordered page=normal pinning=on cpu_base=0 cpu_stride=1 producers=2 consumers=2 payload=64 capacity=4194304 batch_size=16 poll_limit=64 published=4000000 delivered=8000000 seconds=0.419736 publish_msg_per_sec=9.52979e+06 delivery_msg_per_sec=1.90596e+07 delivery_mib_per_sec=1163.3
RESULT library=aeron-cpp scenario=mpmc pinning=on cpu_base=0 cpu_stride=1 term_length=4194304 producers=2 consumers=2 payload=64 published=4000000 delivered=8000000 seconds=0.179597 publish_msg_per_sec=2.22721e+07 delivery_msg_per_sec=4.45441e+07 delivery_mib_per_sec=2718.76
# measured round=7 scenario=ordered
RESULT library=salias-ipc scenario=ordered page=normal pinning=on cpu_base=0 cpu_stride=1 producers=2 consumers=2 payload=64 capacity=4194304 batch_size=16 poll_limit=64 published=4000000 delivered=8000000 seconds=0.468959 publish_msg_per_sec=8.52954e+06 delivery_msg_per_sec=1.70591e+07 delivery_mib_per_sec=1041.2
RESULT library=aeron-cpp scenario=mpmc pinning=on cpu_base=0 cpu_stride=1 term_length=4194304 producers=2 consumers=2 payload=64 published=4000000 delivered=8000000 seconds=0.65563 publish_msg_per_sec=6.10101e+06 delivery_msg_per_sec=1.2202e+07 delivery_mib_per_sec=744.752
# measured round=8 scenario=ordered
RESULT library=salias-ipc scenario=ordered page=normal pinning=on cpu_base=0 cpu_stride=1 producers=2 consumers=2 payload=64 capacity=4194304 batch_size=16 poll_limit=64 published=4000000 delivered=8000000 seconds=0.354997 publish_msg_per_sec=1.12677e+07 delivery_msg_per_sec=2.25354e+07 delivery_mib_per_sec=1375.45
RESULT library=aeron-cpp scenario=mpmc pinning=on cpu_base=0 cpu_stride=1 term_length=4194304 producers=2 consumers=2 payload=64 published=4000000 delivered=8000000 seconds=0.169375 publish_msg_per_sec=2.36162e+07 delivery_msg_per_sec=4.72324e+07 delivery_mib_per_sec=2882.84
# measured round=9 scenario=ordered
RESULT library=salias-ipc scenario=ordered page=normal pinning=on cpu_base=0 cpu_stride=1 producers=2 consumers=2 payload=64 capacity=4194304 batch_size=16 poll_limit=64 published=4000000 delivered=8000000 seconds=0.347239 publish_msg_per_sec=1.15195e+07 delivery_msg_per_sec=2.30389e+07 delivery_mib_per_sec=1406.18
RESULT library=aeron-cpp scenario=mpmc pinning=on cpu_base=0 cpu_stride=1 term_length=4194304 producers=2 consumers=2 payload=64 published=4000000 delivered=8000000 seconds=0.164381 publish_msg_per_sec=2.43337e+07 delivery_msg_per_sec=4.86675e+07 delivery_mib_per_sec=2970.43
# measured round=10 scenario=ordered
RESULT library=salias-ipc scenario=ordered page=normal pinning=on cpu_base=0 cpu_stride=1 producers=2 consumers=2 payload=64 capacity=4194304 batch_size=16 poll_limit=64 published=4000000 delivered=8000000 seconds=0.361611 publish_msg_per_sec=1.10616e+07 delivery_msg_per_sec=2.21232e+07 delivery_mib_per_sec=1350.3
RESULT library=aeron-cpp scenario=mpmc pinning=on cpu_base=0 cpu_stride=1 term_length=4194304 producers=2 consumers=2 payload=64 published=4000000 delivered=8000000 seconds=0.164058 publish_msg_per_sec=2.43817e+07 delivery_msg_per_sec=4.87634e+07 delivery_mib_per_sec=2976.28
# measured round=11 scenario=ordered
RESULT library=salias-ipc scenario=ordered page=normal pinning=on cpu_base=0 cpu_stride=1 producers=2 consumers=2 payload=64 capacity=4194304 batch_size=16 poll_limit=64 published=4000000 delivered=8000000 seconds=0.331737 publish_msg_per_sec=1.20578e+07 delivery_msg_per_sec=2.41155e+07 delivery_mib_per_sec=1471.89
RESULT library=aeron-cpp scenario=mpmc pinning=on cpu_base=0 cpu_stride=1 term_length=4194304 producers=2 consumers=2 payload=64 published=4000000 delivered=8000000 seconds=0.165916 publish_msg_per_sec=2.41086e+07 delivery_msg_per_sec=4.82171e+07 delivery_mib_per_sec=2942.94
# measured round=12 scenario=ordered
RESULT library=salias-ipc scenario=ordered page=normal pinning=on cpu_base=0 cpu_stride=1 producers=2 consumers=2 payload=64 capacity=4194304 batch_size=16 poll_limit=64 published=4000000 delivered=8000000 seconds=0.399302 publish_msg_per_sec=1.00175e+07 delivery_msg_per_sec=2.0035e+07 delivery_mib_per_sec=1222.84
RESULT library=aeron-cpp scenario=mpmc pinning=on cpu_base=0 cpu_stride=1 term_length=4194304 producers=2 consumers=2 payload=64 published=4000000 delivered=8000000 seconds=0.18622 publish_msg_per_sec=2.148e+07 delivery_msg_per_sec=4.29599e+07 delivery_mib_per_sec=2622.06
# measured round=13 scenario=ordered
RESULT library=salias-ipc scenario=ordered page=normal pinning=on cpu_base=0 cpu_stride=1 producers=2 consumers=2 payload=64 capacity=4194304 batch_size=16 poll_limit=64 published=4000000 delivered=8000000 seconds=0.348651 publish_msg_per_sec=1.14728e+07 delivery_msg_per_sec=2.29456e+07 delivery_mib_per_sec=1400.49
RESULT library=aeron-cpp scenario=mpmc pinning=on cpu_base=0 cpu_stride=1 term_length=4194304 producers=2 consumers=2 payload=64 published=4000000 delivered=8000000 seconds=0.165555 publish_msg_per_sec=2.41612e+07 delivery_msg_per_sec=4.83223e+07 delivery_mib_per_sec=2949.36
# measured round=14 scenario=ordered
RESULT library=salias-ipc scenario=ordered page=normal pinning=on cpu_base=0 cpu_stride=1 producers=2 consumers=2 payload=64 capacity=4194304 batch_size=16 poll_limit=64 published=4000000 delivered=8000000 seconds=0.406118 publish_msg_per_sec=9.84935e+06 delivery_msg_per_sec=1.96987e+07 delivery_mib_per_sec=1202.31
RESULT library=aeron-cpp scenario=mpmc pinning=on cpu_base=0 cpu_stride=1 term_length=4194304 producers=2 consumers=2 payload=64 published=4000000 delivered=8000000 seconds=0.17809 publish_msg_per_sec=2.24605e+07 delivery_msg_per_sec=4.4921e+07 delivery_mib_per_sec=2741.76
# measured round=15 scenario=ordered
RESULT library=salias-ipc scenario=ordered page=normal pinning=on cpu_base=0 cpu_stride=1 producers=2 consumers=2 payload=64 capacity=4194304 batch_size=16 poll_limit=64 published=4000000 delivered=8000000 seconds=0.452938 publish_msg_per_sec=8.83123e+06 delivery_msg_per_sec=1.76625e+07 delivery_mib_per_sec=1078.03
RESULT library=aeron-cpp scenario=mpmc pinning=on cpu_base=0 cpu_stride=1 term_length=4194304 producers=2 consumers=2 payload=64 published=4000000 delivered=8000000 seconds=0.15671 publish_msg_per_sec=2.55248e+07 delivery_msg_per_sec=5.10496e+07 delivery_mib_per_sec=3115.82
# measured round=16 scenario=ordered
RESULT library=salias-ipc scenario=ordered page=normal pinning=on cpu_base=0 cpu_stride=1 producers=2 consumers=2 payload=64 capacity=4194304 batch_size=16 poll_limit=64 published=4000000 delivered=8000000 seconds=0.395585 publish_msg_per_sec=1.01116e+07 delivery_msg_per_sec=2.02232e+07 delivery_mib_per_sec=1234.33
RESULT library=aeron-cpp scenario=mpmc pinning=on cpu_base=0 cpu_stride=1 term_length=4194304 producers=2 consumers=2 payload=64 published=4000000 delivered=8000000 seconds=0.153533 publish_msg_per_sec=2.60531e+07 delivery_msg_per_sec=5.21062e+07 delivery_mib_per_sec=3180.31
# measured round=17 scenario=ordered
RESULT library=salias-ipc scenario=ordered page=normal pinning=on cpu_base=0 cpu_stride=1 producers=2 consumers=2 payload=64 capacity=4194304 batch_size=16 poll_limit=64 published=4000000 delivered=8000000 seconds=0.378206 publish_msg_per_sec=1.05763e+07 delivery_msg_per_sec=2.11525e+07 delivery_mib_per_sec=1291.05
RESULT library=aeron-cpp scenario=mpmc pinning=on cpu_base=0 cpu_stride=1 term_length=4194304 producers=2 consumers=2 payload=64 published=4000000 delivered=8000000 seconds=0.160509 publish_msg_per_sec=2.49207e+07 delivery_msg_per_sec=4.98415e+07 delivery_mib_per_sec=3042.08
# measured round=18 scenario=ordered
RESULT library=salias-ipc scenario=ordered page=normal pinning=on cpu_base=0 cpu_stride=1 producers=2 consumers=2 payload=64 capacity=4194304 batch_size=16 poll_limit=64 published=4000000 delivered=8000000 seconds=0.311966 publish_msg_per_sec=1.28219e+07 delivery_msg_per_sec=2.56438e+07 delivery_mib_per_sec=1565.17
RESULT library=aeron-cpp scenario=mpmc pinning=on cpu_base=0 cpu_stride=1 term_length=4194304 producers=2 consumers=2 payload=64 published=4000000 delivered=8000000 seconds=0.259856 publish_msg_per_sec=1.53931e+07 delivery_msg_per_sec=3.07862e+07 delivery_mib_per_sec=1879.04
# measured round=19 scenario=ordered
RESULT library=salias-ipc scenario=ordered page=normal pinning=on cpu_base=0 cpu_stride=1 producers=2 consumers=2 payload=64 capacity=4194304 batch_size=16 poll_limit=64 published=4000000 delivered=8000000 seconds=0.344888 publish_msg_per_sec=1.1598e+07 delivery_msg_per_sec=2.31959e+07 delivery_mib_per_sec=1415.77
RESULT library=aeron-cpp scenario=mpmc pinning=on cpu_base=0 cpu_stride=1 term_length=4194304 producers=2 consumers=2 payload=64 published=4000000 delivered=8000000 seconds=0.166471 publish_msg_per_sec=2.40282e+07 delivery_msg_per_sec=4.80563e+07 delivery_mib_per_sec=2933.13
# measured round=20 scenario=ordered
RESULT library=salias-ipc scenario=ordered page=normal pinning=on cpu_base=0 cpu_stride=1 producers=2 consumers=2 payload=64 capacity=4194304 batch_size=16 poll_limit=64 published=4000000 delivered=8000000 seconds=0.359632 publish_msg_per_sec=1.11225e+07 delivery_msg_per_sec=2.2245e+07 delivery_mib_per_sec=1357.73
RESULT library=aeron-cpp scenario=mpmc pinning=on cpu_base=0 cpu_stride=1 term_length=4194304 producers=2 consumers=2 payload=64 published=4000000 delivered=8000000 seconds=0.179753 publish_msg_per_sec=2.22528e+07 delivery_msg_per_sec=4.45055e+07 delivery_mib_per_sec=2716.4
