# salias named IPC vs Aeron C++ IPC release comparison
# payload=64B; salias_batch_size=16; poll_limit=64; fragment_limit=64; warmup=1; rounds=10; latency_sample_rate=0
# salias_pages=normal; capacities normal=4194304 huge2m=4194304 huge1g=1073741824
# pin_cpus=1; cpu_base=0; cpu_stride=1; aeron_driver_cpu=3; aeron_term_length=4194304
# scenarios=fifo ordered; FIFO=2P/1C; ORDERED=2P/1C
# warmup round=1 scenario=fifo
# measured round=1 scenario=fifo
LATENCY library=salias-ipc scenario=fifo consumer=0 samples=0 p50_ns=0 p99_ns=0 p999_ns=0 max_ns=0
RESULT library=salias-ipc scenario=fifo page=normal pinning=on cpu_base=0 cpu_stride=1 producers=2 consumers=1 payload=64 capacity=4194304 batch_size=16 publication_window=0 poll_limit=64 published=2000000 delivered=2000000 seconds=0.103423 publish_msg_per_sec=1.9338e+07 delivery_msg_per_sec=1.9338e+07 delivery_mib_per_sec=1180.3 latency_sample_rate=0 latency_samples=0 latency_p50_ns=0 latency_p99_ns=0 latency_p999_ns=0 latency_max_ns=0
LATENCY library=aeron-cpp scenario=mpsc consumer=0 samples=0 p50_ns=0 p99_ns=0 p999_ns=0 max_ns=0
RESULT library=aeron-cpp scenario=mpsc pinning=on cpu_base=0 cpu_stride=1 term_length=4194304 producers=2 consumers=1 payload=64 published=2000000 delivered=2000000 seconds=0.0595934 publish_msg_per_sec=3.35607e+07 delivery_msg_per_sec=3.35607e+07 delivery_mib_per_sec=2048.39 latency_sample_rate=0 latency_samples=0 latency_p50_ns=0 latency_p99_ns=0 latency_p999_ns=0 latency_max_ns=0
# measured round=2 scenario=fifo
LATENCY library=salias-ipc scenario=fifo consumer=0 samples=0 p50_ns=0 p99_ns=0 p999_ns=0 max_ns=0
RESULT library=salias-ipc scenario=fifo page=normal pinning=on cpu_base=0 cpu_stride=1 producers=2 consumers=1 payload=64 capacity=4194304 batch_size=16 publication_window=0 poll_limit=64 published=2000000 delivered=2000000 seconds=0.0903809 publish_msg_per_sec=2.21286e+07 delivery_msg_per_sec=2.21286e+07 delivery_mib_per_sec=1350.62 latency_sample_rate=0 latency_samples=0 latency_p50_ns=0 latency_p99_ns=0 latency_p999_ns=0 latency_max_ns=0
LATENCY library=aeron-cpp scenario=mpsc consumer=0 samples=0 p50_ns=0 p99_ns=0 p999_ns=0 max_ns=0
RESULT library=aeron-cpp scenario=mpsc pinning=on cpu_base=0 cpu_stride=1 term_length=4194304 producers=2 consumers=1 payload=64 published=2000000 delivered=2000000 seconds=0.0605636 publish_msg_per_sec=3.30231e+07 delivery_msg_per_sec=3.30231e+07 delivery_mib_per_sec=2015.57 latency_sample_rate=0 latency_samples=0 latency_p50_ns=0 latency_p99_ns=0 latency_p999_ns=0 latency_max_ns=0
# measured round=3 scenario=fifo
LATENCY library=salias-ipc scenario=fifo consumer=0 samples=0 p50_ns=0 p99_ns=0 p999_ns=0 max_ns=0
RESULT library=salias-ipc scenario=fifo page=normal pinning=on cpu_base=0 cpu_stride=1 producers=2 consumers=1 payload=64 capacity=4194304 batch_size=16 publication_window=0 poll_limit=64 published=2000000 delivered=2000000 seconds=0.0937377 publish_msg_per_sec=2.13361e+07 delivery_msg_per_sec=2.13361e+07 delivery_mib_per_sec=1302.25 latency_sample_rate=0 latency_samples=0 latency_p50_ns=0 latency_p99_ns=0 latency_p999_ns=0 latency_max_ns=0
LATENCY library=aeron-cpp scenario=mpsc consumer=0 samples=0 p50_ns=0 p99_ns=0 p999_ns=0 max_ns=0
RESULT library=aeron-cpp scenario=mpsc pinning=on cpu_base=0 cpu_stride=1 term_length=4194304 producers=2 consumers=1 payload=64 published=2000000 delivered=2000000 seconds=0.0655073 publish_msg_per_sec=3.05309e+07 delivery_msg_per_sec=3.05309e+07 delivery_mib_per_sec=1863.46 latency_sample_rate=0 latency_samples=0 latency_p50_ns=0 latency_p99_ns=0 latency_p999_ns=0 latency_max_ns=0
# measured round=4 scenario=fifo
LATENCY library=salias-ipc scenario=fifo consumer=0 samples=0 p50_ns=0 p99_ns=0 p999_ns=0 max_ns=0
RESULT library=salias-ipc scenario=fifo page=normal pinning=on cpu_base=0 cpu_stride=1 producers=2 consumers=1 payload=64 capacity=4194304 batch_size=16 publication_window=0 poll_limit=64 published=2000000 delivered=2000000 seconds=0.107125 publish_msg_per_sec=1.86697e+07 delivery_msg_per_sec=1.86697e+07 delivery_mib_per_sec=1139.51 latency_sample_rate=0 latency_samples=0 latency_p50_ns=0 latency_p99_ns=0 latency_p999_ns=0 latency_max_ns=0
LATENCY library=aeron-cpp scenario=mpsc consumer=0 samples=0 p50_ns=0 p99_ns=0 p999_ns=0 max_ns=0
RESULT library=aeron-cpp scenario=mpsc pinning=on cpu_base=0 cpu_stride=1 term_length=4194304 producers=2 consumers=1 payload=64 published=2000000 delivered=2000000 seconds=0.0608145 publish_msg_per_sec=3.28869e+07 delivery_msg_per_sec=3.28869e+07 delivery_mib_per_sec=2007.26 latency_sample_rate=0 latency_samples=0 latency_p50_ns=0 latency_p99_ns=0 latency_p999_ns=0 latency_max_ns=0
# measured round=5 scenario=fifo
LATENCY library=salias-ipc scenario=fifo consumer=0 samples=0 p50_ns=0 p99_ns=0 p999_ns=0 max_ns=0
RESULT library=salias-ipc scenario=fifo page=normal pinning=on cpu_base=0 cpu_stride=1 producers=2 consumers=1 payload=64 capacity=4194304 batch_size=16 publication_window=0 poll_limit=64 published=2000000 delivered=2000000 seconds=0.129551 publish_msg_per_sec=1.54379e+07 delivery_msg_per_sec=1.54379e+07 delivery_mib_per_sec=942.257 latency_sample_rate=0 latency_samples=0 latency_p50_ns=0 latency_p99_ns=0 latency_p999_ns=0 latency_max_ns=0
LATENCY library=aeron-cpp scenario=mpsc consumer=0 samples=0 p50_ns=0 p99_ns=0 p999_ns=0 max_ns=0
RESULT library=aeron-cpp scenario=mpsc pinning=on cpu_base=0 cpu_stride=1 term_length=4194304 producers=2 consumers=1 payload=64 published=2000000 delivered=2000000 seconds=0.0592836 publish_msg_per_sec=3.37361e+07 delivery_msg_per_sec=3.37361e+07 delivery_mib_per_sec=2059.09 latency_sample_rate=0 latency_samples=0 latency_p50_ns=0 latency_p99_ns=0 latency_p999_ns=0 latency_max_ns=0
# measured round=6 scenario=fifo
LATENCY library=salias-ipc scenario=fifo consumer=0 samples=0 p50_ns=0 p99_ns=0 p999_ns=0 max_ns=0
RESULT library=salias-ipc scenario=fifo page=normal pinning=on cpu_base=0 cpu_stride=1 producers=2 consumers=1 payload=64 capacity=4194304 batch_size=16 publication_window=0 poll_limit=64 published=2000000 delivered=2000000 seconds=0.117269 publish_msg_per_sec=1.70548e+07 delivery_msg_per_sec=1.70548e+07 delivery_mib_per_sec=1040.94 latency_sample_rate=0 latency_samples=0 latency_p50_ns=0 latency_p99_ns=0 latency_p999_ns=0 latency_max_ns=0
LATENCY library=aeron-cpp scenario=mpsc consumer=0 samples=0 p50_ns=0 p99_ns=0 p999_ns=0 max_ns=0
RESULT library=aeron-cpp scenario=mpsc pinning=on cpu_base=0 cpu_stride=1 term_length=4194304 producers=2 consumers=1 payload=64 published=2000000 delivered=2000000 seconds=0.0581035 publish_msg_per_sec=3.44213e+07 delivery_msg_per_sec=3.44213e+07 delivery_mib_per_sec=2100.91 latency_sample_rate=0 latency_samples=0 latency_p50_ns=0 latency_p99_ns=0 latency_p999_ns=0 latency_max_ns=0
# measured round=7 scenario=fifo
LATENCY library=salias-ipc scenario=fifo consumer=0 samples=0 p50_ns=0 p99_ns=0 p999_ns=0 max_ns=0
RESULT library=salias-ipc scenario=fifo page=normal pinning=on cpu_base=0 cpu_stride=1 producers=2 consumers=1 payload=64 capacity=4194304 batch_size=16 publication_window=0 poll_limit=64 published=2000000 delivered=2000000 seconds=0.100826 publish_msg_per_sec=1.98362e+07 delivery_msg_per_sec=1.98362e+07 delivery_mib_per_sec=1210.71 latency_sample_rate=0 latency_samples=0 latency_p50_ns=0 latency_p99_ns=0 latency_p999_ns=0 latency_max_ns=0
LATENCY library=aeron-cpp scenario=mpsc consumer=0 samples=0 p50_ns=0 p99_ns=0 p999_ns=0 max_ns=0
RESULT library=aeron-cpp scenario=mpsc pinning=on cpu_base=0 cpu_stride=1 term_length=4194304 producers=2 consumers=1 payload=64 published=2000000 delivered=2000000 seconds=0.0544605 publish_msg_per_sec=3.67239e+07 delivery_msg_per_sec=3.67239e+07 delivery_mib_per_sec=2241.45 latency_sample_rate=0 latency_samples=0 latency_p50_ns=0 latency_p99_ns=0 latency_p999_ns=0 latency_max_ns=0
# measured round=8 scenario=fifo
LATENCY library=salias-ipc scenario=fifo consumer=0 samples=0 p50_ns=0 p99_ns=0 p999_ns=0 max_ns=0
RESULT library=salias-ipc scenario=fifo page=normal pinning=on cpu_base=0 cpu_stride=1 producers=2 consumers=1 payload=64 capacity=4194304 batch_size=16 publication_window=0 poll_limit=64 published=2000000 delivered=2000000 seconds=0.1014 publish_msg_per_sec=1.97239e+07 delivery_msg_per_sec=1.97239e+07 delivery_mib_per_sec=1203.85 latency_sample_rate=0 latency_samples=0 latency_p50_ns=0 latency_p99_ns=0 latency_p999_ns=0 latency_max_ns=0
LATENCY library=aeron-cpp scenario=mpsc consumer=0 samples=0 p50_ns=0 p99_ns=0 p999_ns=0 max_ns=0
RESULT library=aeron-cpp scenario=mpsc pinning=on cpu_base=0 cpu_stride=1 term_length=4194304 producers=2 consumers=1 payload=64 published=2000000 delivered=2000000 seconds=0.0600434 publish_msg_per_sec=3.33092e+07 delivery_msg_per_sec=3.33092e+07 delivery_mib_per_sec=2033.03 latency_sample_rate=0 latency_samples=0 latency_p50_ns=0 latency_p99_ns=0 latency_p999_ns=0 latency_max_ns=0
# measured round=9 scenario=fifo
LATENCY library=salias-ipc scenario=fifo consumer=0 samples=0 p50_ns=0 p99_ns=0 p999_ns=0 max_ns=0
RESULT library=salias-ipc scenario=fifo page=normal pinning=on cpu_base=0 cpu_stride=1 producers=2 consumers=1 payload=64 capacity=4194304 batch_size=16 publication_window=0 poll_limit=64 published=2000000 delivered=2000000 seconds=0.0974241 publish_msg_per_sec=2.05288e+07 delivery_msg_per_sec=2.05288e+07 delivery_mib_per_sec=1252.98 latency_sample_rate=0 latency_samples=0 latency_p50_ns=0 latency_p99_ns=0 latency_p999_ns=0 latency_max_ns=0
LATENCY library=aeron-cpp scenario=mpsc consumer=0 samples=0 p50_ns=0 p99_ns=0 p999_ns=0 max_ns=0
RESULT library=aeron-cpp scenario=mpsc pinning=on cpu_base=0 cpu_stride=1 term_length=4194304 producers=2 consumers=1 payload=64 published=2000000 delivered=2000000 seconds=0.0617482 publish_msg_per_sec=3.23896e+07 delivery_msg_per_sec=3.23896e+07 delivery_mib_per_sec=1976.9 latency_sample_rate=0 latency_samples=0 latency_p50_ns=0 latency_p99_ns=0 latency_p999_ns=0 latency_max_ns=0
# measured round=10 scenario=fifo
LATENCY library=salias-ipc scenario=fifo consumer=0 samples=0 p50_ns=0 p99_ns=0 p999_ns=0 max_ns=0
RESULT library=salias-ipc scenario=fifo page=normal pinning=on cpu_base=0 cpu_stride=1 producers=2 consumers=1 payload=64 capacity=4194304 batch_size=16 publication_window=0 poll_limit=64 published=2000000 delivered=2000000 seconds=0.0930042 publish_msg_per_sec=2.15044e+07 delivery_msg_per_sec=2.15044e+07 delivery_mib_per_sec=1312.52 latency_sample_rate=0 latency_samples=0 latency_p50_ns=0 latency_p99_ns=0 latency_p999_ns=0 latency_max_ns=0
LATENCY library=aeron-cpp scenario=mpsc consumer=0 samples=0 p50_ns=0 p99_ns=0 p999_ns=0 max_ns=0
RESULT library=aeron-cpp scenario=mpsc pinning=on cpu_base=0 cpu_stride=1 term_length=4194304 producers=2 consumers=1 payload=64 published=2000000 delivered=2000000 seconds=0.0683186 publish_msg_per_sec=2.92746e+07 delivery_msg_per_sec=2.92746e+07 delivery_mib_per_sec=1786.78 latency_sample_rate=0 latency_samples=0 latency_p50_ns=0 latency_p99_ns=0 latency_p999_ns=0 latency_max_ns=0
# warmup round=1 scenario=ordered
# measured round=1 scenario=ordered
LATENCY library=salias-ipc scenario=ordered consumer=0 samples=0 p50_ns=0 p99_ns=0 p999_ns=0 max_ns=0
RESULT library=salias-ipc scenario=ordered page=normal pinning=on cpu_base=0 cpu_stride=1 producers=2 consumers=1 payload=64 capacity=4194304 batch_size=16 publication_window=0 poll_limit=64 published=2000000 delivered=2000000 seconds=0.154525 publish_msg_per_sec=1.29429e+07 delivery_msg_per_sec=1.29429e+07 delivery_mib_per_sec=789.972 latency_sample_rate=0 latency_samples=0 latency_p50_ns=0 latency_p99_ns=0 latency_p999_ns=0 latency_max_ns=0
LATENCY library=aeron-cpp scenario=mpsc consumer=0 samples=0 p50_ns=0 p99_ns=0 p999_ns=0 max_ns=0
RESULT library=aeron-cpp scenario=mpsc pinning=on cpu_base=0 cpu_stride=1 term_length=4194304 producers=2 consumers=1 payload=64 published=2000000 delivered=2000000 seconds=0.0566433 publish_msg_per_sec=3.53087e+07 delivery_msg_per_sec=3.53087e+07 delivery_mib_per_sec=2155.07 latency_sample_rate=0 latency_samples=0 latency_p50_ns=0 latency_p99_ns=0 latency_p999_ns=0 latency_max_ns=0
# measured round=2 scenario=ordered
LATENCY library=salias-ipc scenario=ordered consumer=0 samples=0 p50_ns=0 p99_ns=0 p999_ns=0 max_ns=0
RESULT library=salias-ipc scenario=ordered page=normal pinning=on cpu_base=0 cpu_stride=1 producers=2 consumers=1 payload=64 capacity=4194304 batch_size=16 publication_window=0 poll_limit=64 published=2000000 delivered=2000000 seconds=0.167162 publish_msg_per_sec=1.19644e+07 delivery_msg_per_sec=1.19644e+07 delivery_mib_per_sec=730.251 latency_sample_rate=0 latency_samples=0 latency_p50_ns=0 latency_p99_ns=0 latency_p999_ns=0 latency_max_ns=0
LATENCY library=aeron-cpp scenario=mpsc consumer=0 samples=0 p50_ns=0 p99_ns=0 p999_ns=0 max_ns=0
RESULT library=aeron-cpp scenario=mpsc pinning=on cpu_base=0 cpu_stride=1 term_length=4194304 producers=2 consumers=1 payload=64 published=2000000 delivered=2000000 seconds=0.0679368 publish_msg_per_sec=2.94391e+07 delivery_msg_per_sec=2.94391e+07 delivery_mib_per_sec=1796.82 latency_sample_rate=0 latency_samples=0 latency_p50_ns=0 latency_p99_ns=0 latency_p999_ns=0 latency_max_ns=0
# measured round=3 scenario=ordered
LATENCY library=salias-ipc scenario=ordered consumer=0 samples=0 p50_ns=0 p99_ns=0 p999_ns=0 max_ns=0
RESULT library=salias-ipc scenario=ordered page=normal pinning=on cpu_base=0 cpu_stride=1 producers=2 consumers=1 payload=64 capacity=4194304 batch_size=16 publication_window=0 poll_limit=64 published=2000000 delivered=2000000 seconds=0.136868 publish_msg_per_sec=1.46127e+07 delivery_msg_per_sec=1.46127e+07 delivery_mib_per_sec=891.886 latency_sample_rate=0 latency_samples=0 latency_p50_ns=0 latency_p99_ns=0 latency_p999_ns=0 latency_max_ns=0
LATENCY library=aeron-cpp scenario=mpsc consumer=0 samples=0 p50_ns=0 p99_ns=0 p999_ns=0 max_ns=0
RESULT library=aeron-cpp scenario=mpsc pinning=on cpu_base=0 cpu_stride=1 term_length=4194304 producers=2 consumers=1 payload=64 published=2000000 delivered=2000000 seconds=0.0562929 publish_msg_per_sec=3.55284e+07 delivery_msg_per_sec=3.55284e+07 delivery_mib_per_sec=2168.48 latency_sample_rate=0 latency_samples=0 latency_p50_ns=0 latency_p99_ns=0 latency_p999_ns=0 latency_max_ns=0
# measured round=4 scenario=ordered
LATENCY library=salias-ipc scenario=ordered consumer=0 samples=0 p50_ns=0 p99_ns=0 p999_ns=0 max_ns=0
RESULT library=salias-ipc scenario=ordered page=normal pinning=on cpu_base=0 cpu_stride=1 producers=2 consumers=1 payload=64 capacity=4194304 batch_size=16 publication_window=0 poll_limit=64 published=2000000 delivered=2000000 seconds=0.12633 publish_msg_per_sec=1.58315e+07 delivery_msg_per_sec=1.58315e+07 delivery_mib_per_sec=966.278 latency_sample_rate=0 latency_samples=0 latency_p50_ns=0 latency_p99_ns=0 latency_p999_ns=0 latency_max_ns=0
LATENCY library=aeron-cpp scenario=mpsc consumer=0 samples=0 p50_ns=0 p99_ns=0 p999_ns=0 max_ns=0
RESULT library=aeron-cpp scenario=mpsc pinning=on cpu_base=0 cpu_stride=1 term_length=4194304 producers=2 consumers=1 payload=64 published=2000000 delivered=2000000 seconds=0.062608 publish_msg_per_sec=3.19448e+07 delivery_msg_per_sec=3.19448e+07 delivery_mib_per_sec=1949.76 latency_sample_rate=0 latency_samples=0 latency_p50_ns=0 latency_p99_ns=0 latency_p999_ns=0 latency_max_ns=0
# measured round=5 scenario=ordered
LATENCY library=salias-ipc scenario=ordered consumer=0 samples=0 p50_ns=0 p99_ns=0 p999_ns=0 max_ns=0
RESULT library=salias-ipc scenario=ordered page=normal pinning=on cpu_base=0 cpu_stride=1 producers=2 consumers=1 payload=64 capacity=4194304 batch_size=16 publication_window=0 poll_limit=64 published=2000000 delivered=2000000 seconds=0.153176 publish_msg_per_sec=1.30569e+07 delivery_msg_per_sec=1.30569e+07 delivery_mib_per_sec=796.928 latency_sample_rate=0 latency_samples=0 latency_p50_ns=0 latency_p99_ns=0 latency_p999_ns=0 latency_max_ns=0
LATENCY library=aeron-cpp scenario=mpsc consumer=0 samples=0 p50_ns=0 p99_ns=0 p999_ns=0 max_ns=0
RESULT library=aeron-cpp scenario=mpsc pinning=on cpu_base=0 cpu_stride=1 term_length=4194304 producers=2 consumers=1 payload=64 published=2000000 delivered=2000000 seconds=0.065783 publish_msg_per_sec=3.0403e+07 delivery_msg_per_sec=3.0403e+07 delivery_mib_per_sec=1855.65 latency_sample_rate=0 latency_samples=0 latency_p50_ns=0 latency_p99_ns=0 latency_p999_ns=0 latency_max_ns=0
# measured round=6 scenario=ordered
LATENCY library=salias-ipc scenario=ordered consumer=0 samples=0 p50_ns=0 p99_ns=0 p999_ns=0 max_ns=0
RESULT library=salias-ipc scenario=ordered page=normal pinning=on cpu_base=0 cpu_stride=1 producers=2 consumers=1 payload=64 capacity=4194304 batch_size=16 publication_window=0 poll_limit=64 published=2000000 delivered=2000000 seconds=0.131144 publish_msg_per_sec=1.52504e+07 delivery_msg_per_sec=1.52504e+07 delivery_mib_per_sec=930.809 latency_sample_rate=0 latency_samples=0 latency_p50_ns=0 latency_p99_ns=0 latency_p999_ns=0 latency_max_ns=0
LATENCY library=aeron-cpp scenario=mpsc consumer=0 samples=0 p50_ns=0 p99_ns=0 p999_ns=0 max_ns=0
RESULT library=aeron-cpp scenario=mpsc pinning=on cpu_base=0 cpu_stride=1 term_length=4194304 producers=2 consumers=1 payload=64 published=2000000 delivered=2000000 seconds=0.0628421 publish_msg_per_sec=3.18258e+07 delivery_msg_per_sec=3.18258e+07 delivery_mib_per_sec=1942.49 latency_sample_rate=0 latency_samples=0 latency_p50_ns=0 latency_p99_ns=0 latency_p999_ns=0 latency_max_ns=0
# measured round=7 scenario=ordered
LATENCY library=salias-ipc scenario=ordered consumer=0 samples=0 p50_ns=0 p99_ns=0 p999_ns=0 max_ns=0
RESULT library=salias-ipc scenario=ordered page=normal pinning=on cpu_base=0 cpu_stride=1 producers=2 consumers=1 payload=64 capacity=4194304 batch_size=16 publication_window=0 poll_limit=64 published=2000000 delivered=2000000 seconds=0.153894 publish_msg_per_sec=1.29959e+07 delivery_msg_per_sec=1.29959e+07 delivery_mib_per_sec=793.208 latency_sample_rate=0 latency_samples=0 latency_p50_ns=0 latency_p99_ns=0 latency_p999_ns=0 latency_max_ns=0
LATENCY library=aeron-cpp scenario=mpsc consumer=0 samples=0 p50_ns=0 p99_ns=0 p999_ns=0 max_ns=0
RESULT library=aeron-cpp scenario=mpsc pinning=on cpu_base=0 cpu_stride=1 term_length=4194304 producers=2 consumers=1 payload=64 published=2000000 delivered=2000000 seconds=0.0627266 publish_msg_per_sec=3.18844e+07 delivery_msg_per_sec=3.18844e+07 delivery_mib_per_sec=1946.07 latency_sample_rate=0 latency_samples=0 latency_p50_ns=0 latency_p99_ns=0 latency_p999_ns=0 latency_max_ns=0
# measured round=8 scenario=ordered
LATENCY library=salias-ipc scenario=ordered consumer=0 samples=0 p50_ns=0 p99_ns=0 p999_ns=0 max_ns=0
RESULT library=salias-ipc scenario=ordered page=normal pinning=on cpu_base=0 cpu_stride=1 producers=2 consumers=1 payload=64 capacity=4194304 batch_size=16 publication_window=0 poll_limit=64 published=2000000 delivered=2000000 seconds=0.129319 publish_msg_per_sec=1.54656e+07 delivery_msg_per_sec=1.54656e+07 delivery_mib_per_sec=943.946 latency_sample_rate=0 latency_samples=0 latency_p50_ns=0 latency_p99_ns=0 latency_p999_ns=0 latency_max_ns=0
LATENCY library=aeron-cpp scenario=mpsc consumer=0 samples=0 p50_ns=0 p99_ns=0 p999_ns=0 max_ns=0
RESULT library=aeron-cpp scenario=mpsc pinning=on cpu_base=0 cpu_stride=1 term_length=4194304 producers=2 consumers=1 payload=64 published=2000000 delivered=2000000 seconds=0.0583091 publish_msg_per_sec=3.43e+07 delivery_msg_per_sec=3.43e+07 delivery_mib_per_sec=2093.5 latency_sample_rate=0 latency_samples=0 latency_p50_ns=0 latency_p99_ns=0 latency_p999_ns=0 latency_max_ns=0
# measured round=9 scenario=ordered
LATENCY library=salias-ipc scenario=ordered consumer=0 samples=0 p50_ns=0 p99_ns=0 p999_ns=0 max_ns=0
RESULT library=salias-ipc scenario=ordered page=normal pinning=on cpu_base=0 cpu_stride=1 producers=2 consumers=1 payload=64 capacity=4194304 batch_size=16 publication_window=0 poll_limit=64 published=2000000 delivered=2000000 seconds=0.127704 publish_msg_per_sec=1.56613e+07 delivery_msg_per_sec=1.56613e+07 delivery_mib_per_sec=955.888 latency_sample_rate=0 latency_samples=0 latency_p50_ns=0 latency_p99_ns=0 latency_p999_ns=0 latency_max_ns=0
LATENCY library=aeron-cpp scenario=mpsc consumer=0 samples=0 p50_ns=0 p99_ns=0 p999_ns=0 max_ns=0
RESULT library=aeron-cpp scenario=mpsc pinning=on cpu_base=0 cpu_stride=1 term_length=4194304 producers=2 consumers=1 payload=64 published=2000000 delivered=2000000 seconds=0.058801 publish_msg_per_sec=3.4013e+07 delivery_msg_per_sec=3.4013e+07 delivery_mib_per_sec=2075.99 latency_sample_rate=0 latency_samples=0 latency_p50_ns=0 latency_p99_ns=0 latency_p999_ns=0 latency_max_ns=0
# measured round=10 scenario=ordered
LATENCY library=salias-ipc scenario=ordered consumer=0 samples=0 p50_ns=0 p99_ns=0 p999_ns=0 max_ns=0
RESULT library=salias-ipc scenario=ordered page=normal pinning=on cpu_base=0 cpu_stride=1 producers=2 consumers=1 payload=64 capacity=4194304 batch_size=16 publication_window=0 poll_limit=64 published=2000000 delivered=2000000 seconds=0.157085 publish_msg_per_sec=1.27319e+07 delivery_msg_per_sec=1.27319e+07 delivery_mib_per_sec=777.096 latency_sample_rate=0 latency_samples=0 latency_p50_ns=0 latency_p99_ns=0 latency_p999_ns=0 latency_max_ns=0
LATENCY library=aeron-cpp scenario=mpsc consumer=0 samples=0 p50_ns=0 p99_ns=0 p999_ns=0 max_ns=0
RESULT library=aeron-cpp scenario=mpsc pinning=on cpu_base=0 cpu_stride=1 term_length=4194304 producers=2 consumers=1 payload=64 published=2000000 delivered=2000000 seconds=0.0931339 publish_msg_per_sec=2.14745e+07 delivery_msg_per_sec=2.14745e+07 delivery_mib_per_sec=1310.7 latency_sample_rate=0 latency_samples=0 latency_p50_ns=0 latency_p99_ns=0 latency_p999_ns=0 latency_max_ns=0
