# Tencent 4-vCPU oversubscribed FIFO MPMC scaling matrix
# messages_per_producer=1000000 payload=64 warmup=2 rounds=10 no_affinity
# topologies=3P2C 2P3C 3P3C batches=1,16; Aeron includes one additional media-driver process
# case producers=3 consumers=2 batch=1
# warmup round=1 producers=3 consumers=2 batch=1
# warmup round=2 producers=3 consumers=2 batch=1
# measured round=1 producers=3 consumers=2 batch=1
RESULT library=salias-ipc scenario=fifo page=normal pinning=off cpu_base=-1 cpu_stride=1 producers=3 consumers=2 payload=64 capacity=4194304 batch_size=1 poll_limit=64 published=3000000 delivered=6000000 seconds=0.261942 publish_msg_per_sec=1.14529e+07 delivery_msg_per_sec=2.29058e+07 delivery_mib_per_sec=1398.06
RESULT library=aeron-cpp scenario=mpmc pinning=off cpu_base=-1 cpu_stride=1 term_length=4194304 producers=3 consumers=2 payload=64 published=3000000 delivered=6000000 seconds=0.153988 publish_msg_per_sec=1.94821e+07 delivery_msg_per_sec=3.89642e+07 delivery_mib_per_sec=2378.19
# measured round=2 producers=3 consumers=2 batch=1
RESULT library=salias-ipc scenario=fifo page=normal pinning=off cpu_base=-1 cpu_stride=1 producers=3 consumers=2 payload=64 capacity=4194304 batch_size=1 poll_limit=64 published=3000000 delivered=6000000 seconds=0.217469 publish_msg_per_sec=1.3795e+07 delivery_msg_per_sec=2.75901e+07 delivery_mib_per_sec=1683.96
RESULT library=aeron-cpp scenario=mpmc pinning=off cpu_base=-1 cpu_stride=1 term_length=4194304 producers=3 consumers=2 payload=64 published=3000000 delivered=6000000 seconds=0.150683 publish_msg_per_sec=1.99094e+07 delivery_msg_per_sec=3.98188e+07 delivery_mib_per_sec=2430.34
# measured round=3 producers=3 consumers=2 batch=1
RESULT library=salias-ipc scenario=fifo page=normal pinning=off cpu_base=-1 cpu_stride=1 producers=3 consumers=2 payload=64 capacity=4194304 batch_size=1 poll_limit=64 published=3000000 delivered=6000000 seconds=0.232811 publish_msg_per_sec=1.2886e+07 delivery_msg_per_sec=2.5772e+07 delivery_mib_per_sec=1573
RESULT library=aeron-cpp scenario=mpmc pinning=off cpu_base=-1 cpu_stride=1 term_length=4194304 producers=3 consumers=2 payload=64 published=3000000 delivered=6000000 seconds=0.159341 publish_msg_per_sec=1.88275e+07 delivery_msg_per_sec=3.7655e+07 delivery_mib_per_sec=2298.28
# measured round=4 producers=3 consumers=2 batch=1
RESULT library=salias-ipc scenario=fifo page=normal pinning=off cpu_base=-1 cpu_stride=1 producers=3 consumers=2 payload=64 capacity=4194304 batch_size=1 poll_limit=64 published=3000000 delivered=6000000 seconds=0.365811 publish_msg_per_sec=8.20097e+06 delivery_msg_per_sec=1.64019e+07 delivery_mib_per_sec=1001.09
RESULT library=aeron-cpp scenario=mpmc pinning=off cpu_base=-1 cpu_stride=1 term_length=4194304 producers=3 consumers=2 payload=64 published=3000000 delivered=6000000 seconds=0.164139 publish_msg_per_sec=1.82772e+07 delivery_msg_per_sec=3.65543e+07 delivery_mib_per_sec=2231.1
# measured round=5 producers=3 consumers=2 batch=1
RESULT library=salias-ipc scenario=fifo page=normal pinning=off cpu_base=-1 cpu_stride=1 producers=3 consumers=2 payload=64 capacity=4194304 batch_size=1 poll_limit=64 published=3000000 delivered=6000000 seconds=0.334724 publish_msg_per_sec=8.96261e+06 delivery_msg_per_sec=1.79252e+07 delivery_mib_per_sec=1094.07
RESULT library=aeron-cpp scenario=mpmc pinning=off cpu_base=-1 cpu_stride=1 term_length=4194304 producers=3 consumers=2 payload=64 published=3000000 delivered=6000000 seconds=0.241245 publish_msg_per_sec=1.24355e+07 delivery_msg_per_sec=2.48709e+07 delivery_mib_per_sec=1518
# measured round=6 producers=3 consumers=2 batch=1
RESULT library=salias-ipc scenario=fifo page=normal pinning=off cpu_base=-1 cpu_stride=1 producers=3 consumers=2 payload=64 capacity=4194304 batch_size=1 poll_limit=64 published=3000000 delivered=6000000 seconds=0.416603 publish_msg_per_sec=7.2011e+06 delivery_msg_per_sec=1.44022e+07 delivery_mib_per_sec=879.041
RESULT library=aeron-cpp scenario=mpmc pinning=off cpu_base=-1 cpu_stride=1 term_length=4194304 producers=3 consumers=2 payload=64 published=3000000 delivered=6000000 seconds=0.130162 publish_msg_per_sec=2.30481e+07 delivery_msg_per_sec=4.60963e+07 delivery_mib_per_sec=2813.49
# measured round=7 producers=3 consumers=2 batch=1
RESULT library=salias-ipc scenario=fifo page=normal pinning=off cpu_base=-1 cpu_stride=1 producers=3 consumers=2 payload=64 capacity=4194304 batch_size=1 poll_limit=64 published=3000000 delivered=6000000 seconds=0.258318 publish_msg_per_sec=1.16136e+07 delivery_msg_per_sec=2.32272e+07 delivery_mib_per_sec=1417.68
RESULT library=aeron-cpp scenario=mpmc pinning=off cpu_base=-1 cpu_stride=1 term_length=4194304 producers=3 consumers=2 payload=64 published=3000000 delivered=6000000 seconds=0.129773 publish_msg_per_sec=2.31172e+07 delivery_msg_per_sec=4.62345e+07 delivery_mib_per_sec=2821.93
# measured round=8 producers=3 consumers=2 batch=1
RESULT library=salias-ipc scenario=fifo page=normal pinning=off cpu_base=-1 cpu_stride=1 producers=3 consumers=2 payload=64 capacity=4194304 batch_size=1 poll_limit=64 published=3000000 delivered=6000000 seconds=0.209025 publish_msg_per_sec=1.43523e+07 delivery_msg_per_sec=2.87046e+07 delivery_mib_per_sec=1751.99
RESULT library=aeron-cpp scenario=mpmc pinning=off cpu_base=-1 cpu_stride=1 term_length=4194304 producers=3 consumers=2 payload=64 published=3000000 delivered=6000000 seconds=0.15128 publish_msg_per_sec=1.98307e+07 delivery_msg_per_sec=3.96614e+07 delivery_mib_per_sec=2420.74
# measured round=9 producers=3 consumers=2 batch=1
RESULT library=salias-ipc scenario=fifo page=normal pinning=off cpu_base=-1 cpu_stride=1 producers=3 consumers=2 payload=64 capacity=4194304 batch_size=1 poll_limit=64 published=3000000 delivered=6000000 seconds=0.229589 publish_msg_per_sec=1.30668e+07 delivery_msg_per_sec=2.61336e+07 delivery_mib_per_sec=1595.07
RESULT library=aeron-cpp scenario=mpmc pinning=off cpu_base=-1 cpu_stride=1 term_length=4194304 producers=3 consumers=2 payload=64 published=3000000 delivered=6000000 seconds=0.174205 publish_msg_per_sec=1.7221e+07 delivery_msg_per_sec=3.44421e+07 delivery_mib_per_sec=2102.18
# measured round=10 producers=3 consumers=2 batch=1
RESULT library=salias-ipc scenario=fifo page=normal pinning=off cpu_base=-1 cpu_stride=1 producers=3 consumers=2 payload=64 capacity=4194304 batch_size=1 poll_limit=64 published=3000000 delivered=6000000 seconds=0.351291 publish_msg_per_sec=8.53993e+06 delivery_msg_per_sec=1.70799e+07 delivery_mib_per_sec=1042.47
RESULT library=aeron-cpp scenario=mpmc pinning=off cpu_base=-1 cpu_stride=1 term_length=4194304 producers=3 consumers=2 payload=64 published=3000000 delivered=6000000 seconds=0.162998 publish_msg_per_sec=1.84051e+07 delivery_msg_per_sec=3.68103e+07 delivery_mib_per_sec=2246.72
# case producers=3 consumers=2 batch=16
# warmup round=1 producers=3 consumers=2 batch=16
# warmup round=2 producers=3 consumers=2 batch=16
# measured round=1 producers=3 consumers=2 batch=16
RESULT library=salias-ipc scenario=fifo page=normal pinning=off cpu_base=-1 cpu_stride=1 producers=3 consumers=2 payload=64 capacity=4194304 batch_size=16 poll_limit=64 published=3000000 delivered=6000000 seconds=0.335055 publish_msg_per_sec=8.95376e+06 delivery_msg_per_sec=1.79075e+07 delivery_mib_per_sec=1092.99
RESULT library=aeron-cpp scenario=mpmc pinning=off cpu_base=-1 cpu_stride=1 term_length=4194304 producers=3 consumers=2 payload=64 published=3000000 delivered=6000000 seconds=0.157823 publish_msg_per_sec=1.90086e+07 delivery_msg_per_sec=3.80173e+07 delivery_mib_per_sec=2320.39
# measured round=2 producers=3 consumers=2 batch=16
RESULT library=salias-ipc scenario=fifo page=normal pinning=off cpu_base=-1 cpu_stride=1 producers=3 consumers=2 payload=64 capacity=4194304 batch_size=16 poll_limit=64 published=3000000 delivered=6000000 seconds=0.379984 publish_msg_per_sec=7.89508e+06 delivery_msg_per_sec=1.57902e+07 delivery_mib_per_sec=963.754
RESULT library=aeron-cpp scenario=mpmc pinning=off cpu_base=-1 cpu_stride=1 term_length=4194304 producers=3 consumers=2 payload=64 published=3000000 delivered=6000000 seconds=0.212333 publish_msg_per_sec=1.41287e+07 delivery_msg_per_sec=2.82575e+07 delivery_mib_per_sec=1724.7
# measured round=3 producers=3 consumers=2 batch=16
RESULT library=salias-ipc scenario=fifo page=normal pinning=off cpu_base=-1 cpu_stride=1 producers=3 consumers=2 payload=64 capacity=4194304 batch_size=16 poll_limit=64 published=3000000 delivered=6000000 seconds=0.333449 publish_msg_per_sec=8.99689e+06 delivery_msg_per_sec=1.79938e+07 delivery_mib_per_sec=1098.25
RESULT library=aeron-cpp scenario=mpmc pinning=off cpu_base=-1 cpu_stride=1 term_length=4194304 producers=3 consumers=2 payload=64 published=3000000 delivered=6000000 seconds=0.181038 publish_msg_per_sec=1.65711e+07 delivery_msg_per_sec=3.31422e+07 delivery_mib_per_sec=2022.84
# measured round=4 producers=3 consumers=2 batch=16
RESULT library=salias-ipc scenario=fifo page=normal pinning=off cpu_base=-1 cpu_stride=1 producers=3 consumers=2 payload=64 capacity=4194304 batch_size=16 poll_limit=64 published=3000000 delivered=6000000 seconds=0.400956 publish_msg_per_sec=7.48211e+06 delivery_msg_per_sec=1.49642e+07 delivery_mib_per_sec=913.344
RESULT library=aeron-cpp scenario=mpmc pinning=off cpu_base=-1 cpu_stride=1 term_length=4194304 producers=3 consumers=2 payload=64 published=3000000 delivered=6000000 seconds=0.160158 publish_msg_per_sec=1.87315e+07 delivery_msg_per_sec=3.7463e+07 delivery_mib_per_sec=2286.56
# measured round=5 producers=3 consumers=2 batch=16
RESULT library=salias-ipc scenario=fifo page=normal pinning=off cpu_base=-1 cpu_stride=1 producers=3 consumers=2 payload=64 capacity=4194304 batch_size=16 poll_limit=64 published=3000000 delivered=6000000 seconds=0.353189 publish_msg_per_sec=8.49402e+06 delivery_msg_per_sec=1.6988e+07 delivery_mib_per_sec=1036.87
RESULT library=aeron-cpp scenario=mpmc pinning=off cpu_base=-1 cpu_stride=1 term_length=4194304 producers=3 consumers=2 payload=64 published=3000000 delivered=6000000 seconds=0.127727 publish_msg_per_sec=2.34875e+07 delivery_msg_per_sec=4.69751e+07 delivery_mib_per_sec=2867.13
# measured round=6 producers=3 consumers=2 batch=16
RESULT library=salias-ipc scenario=fifo page=normal pinning=off cpu_base=-1 cpu_stride=1 producers=3 consumers=2 payload=64 capacity=4194304 batch_size=16 poll_limit=64 published=3000000 delivered=6000000 seconds=0.42873 publish_msg_per_sec=6.99742e+06 delivery_msg_per_sec=1.39948e+07 delivery_mib_per_sec=854.177
RESULT library=aeron-cpp scenario=mpmc pinning=off cpu_base=-1 cpu_stride=1 term_length=4194304 producers=3 consumers=2 payload=64 published=3000000 delivered=6000000 seconds=0.149595 publish_msg_per_sec=2.00541e+07 delivery_msg_per_sec=4.01083e+07 delivery_mib_per_sec=2448.01
# measured round=7 producers=3 consumers=2 batch=16
RESULT library=salias-ipc scenario=fifo page=normal pinning=off cpu_base=-1 cpu_stride=1 producers=3 consumers=2 payload=64 capacity=4194304 batch_size=16 poll_limit=64 published=3000000 delivered=6000000 seconds=0.344458 publish_msg_per_sec=8.70932e+06 delivery_msg_per_sec=1.74186e+07 delivery_mib_per_sec=1063.15
RESULT library=aeron-cpp scenario=mpmc pinning=off cpu_base=-1 cpu_stride=1 term_length=4194304 producers=3 consumers=2 payload=64 published=3000000 delivered=6000000 seconds=0.156942 publish_msg_per_sec=1.91153e+07 delivery_msg_per_sec=3.82306e+07 delivery_mib_per_sec=2333.41
# measured round=8 producers=3 consumers=2 batch=16
RESULT library=salias-ipc scenario=fifo page=normal pinning=off cpu_base=-1 cpu_stride=1 producers=3 consumers=2 payload=64 capacity=4194304 batch_size=16 poll_limit=64 published=3000000 delivered=6000000 seconds=0.233703 publish_msg_per_sec=1.28368e+07 delivery_msg_per_sec=2.56736e+07 delivery_mib_per_sec=1566.99
RESULT library=aeron-cpp scenario=mpmc pinning=off cpu_base=-1 cpu_stride=1 term_length=4194304 producers=3 consumers=2 payload=64 published=3000000 delivered=6000000 seconds=0.145389 publish_msg_per_sec=2.06343e+07 delivery_msg_per_sec=4.12687e+07 delivery_mib_per_sec=2518.84
# measured round=9 producers=3 consumers=2 batch=16
RESULT library=salias-ipc scenario=fifo page=normal pinning=off cpu_base=-1 cpu_stride=1 producers=3 consumers=2 payload=64 capacity=4194304 batch_size=16 poll_limit=64 published=3000000 delivered=6000000 seconds=0.337118 publish_msg_per_sec=8.89896e+06 delivery_msg_per_sec=1.77979e+07 delivery_mib_per_sec=1086.3
RESULT library=aeron-cpp scenario=mpmc pinning=off cpu_base=-1 cpu_stride=1 term_length=4194304 producers=3 consumers=2 payload=64 published=3000000 delivered=6000000 seconds=0.171157 publish_msg_per_sec=1.75278e+07 delivery_msg_per_sec=3.50556e+07 delivery_mib_per_sec=2139.62
# measured round=10 producers=3 consumers=2 batch=16
RESULT library=salias-ipc scenario=fifo page=normal pinning=off cpu_base=-1 cpu_stride=1 producers=3 consumers=2 payload=64 capacity=4194304 batch_size=16 poll_limit=64 published=3000000 delivered=6000000 seconds=0.327998 publish_msg_per_sec=9.14641e+06 delivery_msg_per_sec=1.82928e+07 delivery_mib_per_sec=1116.5
RESULT library=aeron-cpp scenario=mpmc pinning=off cpu_base=-1 cpu_stride=1 term_length=4194304 producers=3 consumers=2 payload=64 published=3000000 delivered=6000000 seconds=0.157711 publish_msg_per_sec=1.90222e+07 delivery_msg_per_sec=3.80444e+07 delivery_mib_per_sec=2322.05
# case producers=2 consumers=3 batch=1
# warmup round=1 producers=2 consumers=3 batch=1
# warmup round=2 producers=2 consumers=3 batch=1
# measured round=1 producers=2 consumers=3 batch=1
RESULT library=salias-ipc scenario=fifo page=normal pinning=off cpu_base=-1 cpu_stride=1 producers=2 consumers=3 payload=64 capacity=4194304 batch_size=1 poll_limit=64 published=2000000 delivered=6000000 seconds=0.285172 publish_msg_per_sec=7.01332e+06 delivery_msg_per_sec=2.104e+07 delivery_mib_per_sec=1284.18
RESULT library=aeron-cpp scenario=mpmc pinning=off cpu_base=-1 cpu_stride=1 term_length=4194304 producers=2 consumers=3 payload=64 published=2000000 delivered=6000000 seconds=0.106697 publish_msg_per_sec=1.87447e+07 delivery_msg_per_sec=5.6234e+07 delivery_mib_per_sec=3432.25
# measured round=2 producers=2 consumers=3 batch=1
RESULT library=salias-ipc scenario=fifo page=normal pinning=off cpu_base=-1 cpu_stride=1 producers=2 consumers=3 payload=64 capacity=4194304 batch_size=1 poll_limit=64 published=2000000 delivered=6000000 seconds=0.249565 publish_msg_per_sec=8.01395e+06 delivery_msg_per_sec=2.40418e+07 delivery_mib_per_sec=1467.4
RESULT library=aeron-cpp scenario=mpmc pinning=off cpu_base=-1 cpu_stride=1 term_length=4194304 producers=2 consumers=3 payload=64 published=2000000 delivered=6000000 seconds=0.115016 publish_msg_per_sec=1.73889e+07 delivery_msg_per_sec=5.21666e+07 delivery_mib_per_sec=3184
# measured round=3 producers=2 consumers=3 batch=1
RESULT library=salias-ipc scenario=fifo page=normal pinning=off cpu_base=-1 cpu_stride=1 producers=2 consumers=3 payload=64 capacity=4194304 batch_size=1 poll_limit=64 published=2000000 delivered=6000000 seconds=0.197776 publish_msg_per_sec=1.01125e+07 delivery_msg_per_sec=3.03374e+07 delivery_mib_per_sec=1851.65
RESULT library=aeron-cpp scenario=mpmc pinning=off cpu_base=-1 cpu_stride=1 term_length=4194304 producers=2 consumers=3 payload=64 published=2000000 delivered=6000000 seconds=0.141224 publish_msg_per_sec=1.41619e+07 delivery_msg_per_sec=4.24858e+07 delivery_mib_per_sec=2593.13
# measured round=4 producers=2 consumers=3 batch=1
RESULT library=salias-ipc scenario=fifo page=normal pinning=off cpu_base=-1 cpu_stride=1 producers=2 consumers=3 payload=64 capacity=4194304 batch_size=1 poll_limit=64 published=2000000 delivered=6000000 seconds=0.259683 publish_msg_per_sec=7.70168e+06 delivery_msg_per_sec=2.31051e+07 delivery_mib_per_sec=1410.22
RESULT library=aeron-cpp scenario=mpmc pinning=off cpu_base=-1 cpu_stride=1 term_length=4194304 producers=2 consumers=3 payload=64 published=2000000 delivered=6000000 seconds=0.108151 publish_msg_per_sec=1.84926e+07 delivery_msg_per_sec=5.54778e+07 delivery_mib_per_sec=3386.1
# measured round=5 producers=2 consumers=3 batch=1
RESULT library=salias-ipc scenario=fifo page=normal pinning=off cpu_base=-1 cpu_stride=1 producers=2 consumers=3 payload=64 capacity=4194304 batch_size=1 poll_limit=64 published=2000000 delivered=6000000 seconds=0.225628 publish_msg_per_sec=8.86417e+06 delivery_msg_per_sec=2.65925e+07 delivery_mib_per_sec=1623.08
RESULT library=aeron-cpp scenario=mpmc pinning=off cpu_base=-1 cpu_stride=1 term_length=4194304 producers=2 consumers=3 payload=64 published=2000000 delivered=6000000 seconds=0.122011 publish_msg_per_sec=1.63919e+07 delivery_msg_per_sec=4.91758e+07 delivery_mib_per_sec=3001.46
# measured round=6 producers=2 consumers=3 batch=1
RESULT library=salias-ipc scenario=fifo page=normal pinning=off cpu_base=-1 cpu_stride=1 producers=2 consumers=3 payload=64 capacity=4194304 batch_size=1 poll_limit=64 published=2000000 delivered=6000000 seconds=0.258086 publish_msg_per_sec=7.74936e+06 delivery_msg_per_sec=2.32481e+07 delivery_mib_per_sec=1418.95
RESULT library=aeron-cpp scenario=mpmc pinning=off cpu_base=-1 cpu_stride=1 term_length=4194304 producers=2 consumers=3 payload=64 published=2000000 delivered=6000000 seconds=0.123964 publish_msg_per_sec=1.61337e+07 delivery_msg_per_sec=4.84012e+07 delivery_mib_per_sec=2954.17
# measured round=7 producers=2 consumers=3 batch=1
RESULT library=salias-ipc scenario=fifo page=normal pinning=off cpu_base=-1 cpu_stride=1 producers=2 consumers=3 payload=64 capacity=4194304 batch_size=1 poll_limit=64 published=2000000 delivered=6000000 seconds=0.205508 publish_msg_per_sec=9.732e+06 delivery_msg_per_sec=2.9196e+07 delivery_mib_per_sec=1781.98
RESULT library=aeron-cpp scenario=mpmc pinning=off cpu_base=-1 cpu_stride=1 term_length=4194304 producers=2 consumers=3 payload=64 published=2000000 delivered=6000000 seconds=0.120189 publish_msg_per_sec=1.66404e+07 delivery_msg_per_sec=4.99213e+07 delivery_mib_per_sec=3046.95
# measured round=8 producers=2 consumers=3 batch=1
RESULT library=salias-ipc scenario=fifo page=normal pinning=off cpu_base=-1 cpu_stride=1 producers=2 consumers=3 payload=64 capacity=4194304 batch_size=1 poll_limit=64 published=2000000 delivered=6000000 seconds=0.27721 publish_msg_per_sec=7.21474e+06 delivery_msg_per_sec=2.16442e+07 delivery_mib_per_sec=1321.06
RESULT library=aeron-cpp scenario=mpmc pinning=off cpu_base=-1 cpu_stride=1 term_length=4194304 producers=2 consumers=3 payload=64 published=2000000 delivered=6000000 seconds=0.111071 publish_msg_per_sec=1.80065e+07 delivery_msg_per_sec=5.40194e+07 delivery_mib_per_sec=3297.08
# measured round=9 producers=2 consumers=3 batch=1
RESULT library=salias-ipc scenario=fifo page=normal pinning=off cpu_base=-1 cpu_stride=1 producers=2 consumers=3 payload=64 capacity=4194304 batch_size=1 poll_limit=64 published=2000000 delivered=6000000 seconds=0.222967 publish_msg_per_sec=8.96993e+06 delivery_msg_per_sec=2.69098e+07 delivery_mib_per_sec=1642.44
RESULT library=aeron-cpp scenario=mpmc pinning=off cpu_base=-1 cpu_stride=1 term_length=4194304 producers=2 consumers=3 payload=64 published=2000000 delivered=6000000 seconds=0.174583 publish_msg_per_sec=1.14559e+07 delivery_msg_per_sec=3.43677e+07 delivery_mib_per_sec=2097.64
# measured round=10 producers=2 consumers=3 batch=1
RESULT library=salias-ipc scenario=fifo page=normal pinning=off cpu_base=-1 cpu_stride=1 producers=2 consumers=3 payload=64 capacity=4194304 batch_size=1 poll_limit=64 published=2000000 delivered=6000000 seconds=0.214932 publish_msg_per_sec=9.30529e+06 delivery_msg_per_sec=2.79159e+07 delivery_mib_per_sec=1703.85
RESULT library=aeron-cpp scenario=mpmc pinning=off cpu_base=-1 cpu_stride=1 term_length=4194304 producers=2 consumers=3 payload=64 published=2000000 delivered=6000000 seconds=0.13493 publish_msg_per_sec=1.48225e+07 delivery_msg_per_sec=4.44676e+07 delivery_mib_per_sec=2714.09
# case producers=2 consumers=3 batch=16
# warmup round=1 producers=2 consumers=3 batch=16
# warmup round=2 producers=2 consumers=3 batch=16
# measured round=1 producers=2 consumers=3 batch=16
RESULT library=salias-ipc scenario=fifo page=normal pinning=off cpu_base=-1 cpu_stride=1 producers=2 consumers=3 payload=64 capacity=4194304 batch_size=16 poll_limit=64 published=2000000 delivered=6000000 seconds=0.173844 publish_msg_per_sec=1.15046e+07 delivery_msg_per_sec=3.45137e+07 delivery_mib_per_sec=2106.55
RESULT library=aeron-cpp scenario=mpmc pinning=off cpu_base=-1 cpu_stride=1 term_length=4194304 producers=2 consumers=3 payload=64 published=2000000 delivered=6000000 seconds=0.106471 publish_msg_per_sec=1.87844e+07 delivery_msg_per_sec=5.63531e+07 delivery_mib_per_sec=3439.52
# measured round=2 producers=2 consumers=3 batch=16
RESULT library=salias-ipc scenario=fifo page=normal pinning=off cpu_base=-1 cpu_stride=1 producers=2 consumers=3 payload=64 capacity=4194304 batch_size=16 poll_limit=64 published=2000000 delivered=6000000 seconds=0.140954 publish_msg_per_sec=1.41891e+07 delivery_msg_per_sec=4.25672e+07 delivery_mib_per_sec=2598.1
RESULT library=aeron-cpp scenario=mpmc pinning=off cpu_base=-1 cpu_stride=1 term_length=4194304 producers=2 consumers=3 payload=64 published=2000000 delivered=6000000 seconds=0.428756 publish_msg_per_sec=4.66466e+06 delivery_msg_per_sec=1.3994e+07 delivery_mib_per_sec=854.125
# measured round=3 producers=2 consumers=3 batch=16
RESULT library=salias-ipc scenario=fifo page=normal pinning=off cpu_base=-1 cpu_stride=1 producers=2 consumers=3 payload=64 capacity=4194304 batch_size=16 poll_limit=64 published=2000000 delivered=6000000 seconds=0.227463 publish_msg_per_sec=8.79264e+06 delivery_msg_per_sec=2.63779e+07 delivery_mib_per_sec=1609.98
RESULT library=aeron-cpp scenario=mpmc pinning=off cpu_base=-1 cpu_stride=1 term_length=4194304 producers=2 consumers=3 payload=64 published=2000000 delivered=6000000 seconds=0.120885 publish_msg_per_sec=1.65447e+07 delivery_msg_per_sec=4.9634e+07 delivery_mib_per_sec=3029.42
# measured round=4 producers=2 consumers=3 batch=16
RESULT library=salias-ipc scenario=fifo page=normal pinning=off cpu_base=-1 cpu_stride=1 producers=2 consumers=3 payload=64 capacity=4194304 batch_size=16 poll_limit=64 published=2000000 delivered=6000000 seconds=0.22717 publish_msg_per_sec=8.80399e+06 delivery_msg_per_sec=2.6412e+07 delivery_mib_per_sec=1612.06
RESULT library=aeron-cpp scenario=mpmc pinning=off cpu_base=-1 cpu_stride=1 term_length=4194304 producers=2 consumers=3 payload=64 published=2000000 delivered=6000000 seconds=0.121267 publish_msg_per_sec=1.64926e+07 delivery_msg_per_sec=4.94777e+07 delivery_mib_per_sec=3019.88
# measured round=5 producers=2 consumers=3 batch=16
RESULT library=salias-ipc scenario=fifo page=normal pinning=off cpu_base=-1 cpu_stride=1 producers=2 consumers=3 payload=64 capacity=4194304 batch_size=16 poll_limit=64 published=2000000 delivered=6000000 seconds=0.172491 publish_msg_per_sec=1.15948e+07 delivery_msg_per_sec=3.47845e+07 delivery_mib_per_sec=2123.08
RESULT library=aeron-cpp scenario=mpmc pinning=off cpu_base=-1 cpu_stride=1 term_length=4194304 producers=2 consumers=3 payload=64 published=2000000 delivered=6000000 seconds=0.12543 publish_msg_per_sec=1.59451e+07 delivery_msg_per_sec=4.78354e+07 delivery_mib_per_sec=2919.64
# measured round=6 producers=2 consumers=3 batch=16
RESULT library=salias-ipc scenario=fifo page=normal pinning=off cpu_base=-1 cpu_stride=1 producers=2 consumers=3 payload=64 capacity=4194304 batch_size=16 poll_limit=64 published=2000000 delivered=6000000 seconds=0.16557 publish_msg_per_sec=1.20795e+07 delivery_msg_per_sec=3.62385e+07 delivery_mib_per_sec=2211.82
RESULT library=aeron-cpp scenario=mpmc pinning=off cpu_base=-1 cpu_stride=1 term_length=4194304 producers=2 consumers=3 payload=64 published=2000000 delivered=6000000 seconds=0.115452 publish_msg_per_sec=1.73233e+07 delivery_msg_per_sec=5.19698e+07 delivery_mib_per_sec=3171.98
# measured round=7 producers=2 consumers=3 batch=16
RESULT library=salias-ipc scenario=fifo page=normal pinning=off cpu_base=-1 cpu_stride=1 producers=2 consumers=3 payload=64 capacity=4194304 batch_size=16 poll_limit=64 published=2000000 delivered=6000000 seconds=0.230342 publish_msg_per_sec=8.68274e+06 delivery_msg_per_sec=2.60482e+07 delivery_mib_per_sec=1589.86
RESULT library=aeron-cpp scenario=mpmc pinning=off cpu_base=-1 cpu_stride=1 term_length=4194304 producers=2 consumers=3 payload=64 published=2000000 delivered=6000000 seconds=0.111715 publish_msg_per_sec=1.79026e+07 delivery_msg_per_sec=5.37079e+07 delivery_mib_per_sec=3278.07
# measured round=8 producers=2 consumers=3 batch=16
RESULT library=salias-ipc scenario=fifo page=normal pinning=off cpu_base=-1 cpu_stride=1 producers=2 consumers=3 payload=64 capacity=4194304 batch_size=16 poll_limit=64 published=2000000 delivered=6000000 seconds=0.176576 publish_msg_per_sec=1.13265e+07 delivery_msg_per_sec=3.39796e+07 delivery_mib_per_sec=2073.95
RESULT library=aeron-cpp scenario=mpmc pinning=off cpu_base=-1 cpu_stride=1 term_length=4194304 producers=2 consumers=3 payload=64 published=2000000 delivered=6000000 seconds=0.13947 publish_msg_per_sec=1.434e+07 delivery_msg_per_sec=4.30201e+07 delivery_mib_per_sec=2625.74
# measured round=9 producers=2 consumers=3 batch=16
RESULT library=salias-ipc scenario=fifo page=normal pinning=off cpu_base=-1 cpu_stride=1 producers=2 consumers=3 payload=64 capacity=4194304 batch_size=16 poll_limit=64 published=2000000 delivered=6000000 seconds=0.140175 publish_msg_per_sec=1.42679e+07 delivery_msg_per_sec=4.28038e+07 delivery_mib_per_sec=2612.54
RESULT library=aeron-cpp scenario=mpmc pinning=off cpu_base=-1 cpu_stride=1 term_length=4194304 producers=2 consumers=3 payload=64 published=2000000 delivered=6000000 seconds=0.110186 publish_msg_per_sec=1.8151e+07 delivery_msg_per_sec=5.44531e+07 delivery_mib_per_sec=3323.56
# measured round=10 producers=2 consumers=3 batch=16
RESULT library=salias-ipc scenario=fifo page=normal pinning=off cpu_base=-1 cpu_stride=1 producers=2 consumers=3 payload=64 capacity=4194304 batch_size=16 poll_limit=64 published=2000000 delivered=6000000 seconds=0.246473 publish_msg_per_sec=8.11448e+06 delivery_msg_per_sec=2.43434e+07 delivery_mib_per_sec=1485.81
RESULT library=aeron-cpp scenario=mpmc pinning=off cpu_base=-1 cpu_stride=1 term_length=4194304 producers=2 consumers=3 payload=64 published=2000000 delivered=6000000 seconds=0.122215 publish_msg_per_sec=1.63646e+07 delivery_msg_per_sec=4.90938e+07 delivery_mib_per_sec=2996.45
# case producers=3 consumers=3 batch=1
# warmup round=1 producers=3 consumers=3 batch=1
# warmup round=2 producers=3 consumers=3 batch=1
# measured round=1 producers=3 consumers=3 batch=1
RESULT library=salias-ipc scenario=fifo page=normal pinning=off cpu_base=-1 cpu_stride=1 producers=3 consumers=3 payload=64 capacity=4194304 batch_size=1 poll_limit=64 published=3000000 delivered=9000000 seconds=0.352982 publish_msg_per_sec=8.49902e+06 delivery_msg_per_sec=2.54971e+07 delivery_mib_per_sec=1556.22
RESULT library=aeron-cpp scenario=mpmc pinning=off cpu_base=-1 cpu_stride=1 term_length=4194304 producers=3 consumers=3 payload=64 published=3000000 delivered=9000000 seconds=0.210724 publish_msg_per_sec=1.42367e+07 delivery_msg_per_sec=4.271e+07 delivery_mib_per_sec=2606.81
# measured round=2 producers=3 consumers=3 batch=1
RESULT library=salias-ipc scenario=fifo page=normal pinning=off cpu_base=-1 cpu_stride=1 producers=3 consumers=3 payload=64 capacity=4194304 batch_size=1 poll_limit=64 published=3000000 delivered=9000000 seconds=0.350741 publish_msg_per_sec=8.55333e+06 delivery_msg_per_sec=2.566e+07 delivery_mib_per_sec=1566.16
RESULT library=aeron-cpp scenario=mpmc pinning=off cpu_base=-1 cpu_stride=1 term_length=4194304 producers=3 consumers=3 payload=64 published=3000000 delivered=9000000 seconds=0.167085 publish_msg_per_sec=1.79549e+07 delivery_msg_per_sec=5.38648e+07 delivery_mib_per_sec=3287.65
# measured round=3 producers=3 consumers=3 batch=1
RESULT library=salias-ipc scenario=fifo page=normal pinning=off cpu_base=-1 cpu_stride=1 producers=3 consumers=3 payload=64 capacity=4194304 batch_size=1 poll_limit=64 published=3000000 delivered=9000000 seconds=0.353857 publish_msg_per_sec=8.47801e+06 delivery_msg_per_sec=2.5434e+07 delivery_mib_per_sec=1552.37
RESULT library=aeron-cpp scenario=mpmc pinning=off cpu_base=-1 cpu_stride=1 term_length=4194304 producers=3 consumers=3 payload=64 published=3000000 delivered=9000000 seconds=0.17738 publish_msg_per_sec=1.69129e+07 delivery_msg_per_sec=5.07387e+07 delivery_mib_per_sec=3096.84
# measured round=4 producers=3 consumers=3 batch=1
RESULT library=salias-ipc scenario=fifo page=normal pinning=off cpu_base=-1 cpu_stride=1 producers=3 consumers=3 payload=64 capacity=4194304 batch_size=1 poll_limit=64 published=3000000 delivered=9000000 seconds=0.367788 publish_msg_per_sec=8.15688e+06 delivery_msg_per_sec=2.44706e+07 delivery_mib_per_sec=1493.57
RESULT library=aeron-cpp scenario=mpmc pinning=off cpu_base=-1 cpu_stride=1 term_length=4194304 producers=3 consumers=3 payload=64 published=3000000 delivered=9000000 seconds=0.174856 publish_msg_per_sec=1.7157e+07 delivery_msg_per_sec=5.1471e+07 delivery_mib_per_sec=3141.54
# measured round=5 producers=3 consumers=3 batch=1
RESULT library=salias-ipc scenario=fifo page=normal pinning=off cpu_base=-1 cpu_stride=1 producers=3 consumers=3 payload=64 capacity=4194304 batch_size=1 poll_limit=64 published=3000000 delivered=9000000 seconds=0.438757 publish_msg_per_sec=6.8375e+06 delivery_msg_per_sec=2.05125e+07 delivery_mib_per_sec=1251.98
RESULT library=aeron-cpp scenario=mpmc pinning=off cpu_base=-1 cpu_stride=1 term_length=4194304 producers=3 consumers=3 payload=64 published=3000000 delivered=9000000 seconds=0.201673 publish_msg_per_sec=1.48756e+07 delivery_msg_per_sec=4.46267e+07 delivery_mib_per_sec=2723.8
# measured round=6 producers=3 consumers=3 batch=1
RESULT library=salias-ipc scenario=fifo page=normal pinning=off cpu_base=-1 cpu_stride=1 producers=3 consumers=3 payload=64 capacity=4194304 batch_size=1 poll_limit=64 published=3000000 delivered=9000000 seconds=0.381144 publish_msg_per_sec=7.87103e+06 delivery_msg_per_sec=2.36131e+07 delivery_mib_per_sec=1441.23
RESULT library=aeron-cpp scenario=mpmc pinning=off cpu_base=-1 cpu_stride=1 term_length=4194304 producers=3 consumers=3 payload=64 published=3000000 delivered=9000000 seconds=0.17789 publish_msg_per_sec=1.68643e+07 delivery_msg_per_sec=5.0593e+07 delivery_mib_per_sec=3087.95
# measured round=7 producers=3 consumers=3 batch=1
RESULT library=salias-ipc scenario=fifo page=normal pinning=off cpu_base=-1 cpu_stride=1 producers=3 consumers=3 payload=64 capacity=4194304 batch_size=1 poll_limit=64 published=3000000 delivered=9000000 seconds=0.356884 publish_msg_per_sec=8.40609e+06 delivery_msg_per_sec=2.52183e+07 delivery_mib_per_sec=1539.2
RESULT library=aeron-cpp scenario=mpmc pinning=off cpu_base=-1 cpu_stride=1 term_length=4194304 producers=3 consumers=3 payload=64 published=3000000 delivered=9000000 seconds=0.23058 publish_msg_per_sec=1.30107e+07 delivery_msg_per_sec=3.90321e+07 delivery_mib_per_sec=2382.33
# measured round=8 producers=3 consumers=3 batch=1
RESULT library=salias-ipc scenario=fifo page=normal pinning=off cpu_base=-1 cpu_stride=1 producers=3 consumers=3 payload=64 capacity=4194304 batch_size=1 poll_limit=64 published=3000000 delivered=9000000 seconds=0.374432 publish_msg_per_sec=8.01213e+06 delivery_msg_per_sec=2.40364e+07 delivery_mib_per_sec=1467.06
RESULT library=aeron-cpp scenario=mpmc pinning=off cpu_base=-1 cpu_stride=1 term_length=4194304 producers=3 consumers=3 payload=64 published=3000000 delivered=9000000 seconds=0.161827 publish_msg_per_sec=1.85383e+07 delivery_msg_per_sec=5.5615e+07 delivery_mib_per_sec=3394.47
# measured round=9 producers=3 consumers=3 batch=1
RESULT library=salias-ipc scenario=fifo page=normal pinning=off cpu_base=-1 cpu_stride=1 producers=3 consumers=3 payload=64 capacity=4194304 batch_size=1 poll_limit=64 published=3000000 delivered=9000000 seconds=0.320063 publish_msg_per_sec=9.37315e+06 delivery_msg_per_sec=2.81195e+07 delivery_mib_per_sec=1716.28
RESULT library=aeron-cpp scenario=mpmc pinning=off cpu_base=-1 cpu_stride=1 term_length=4194304 producers=3 consumers=3 payload=64 published=3000000 delivered=9000000 seconds=0.193242 publish_msg_per_sec=1.55246e+07 delivery_msg_per_sec=4.65738e+07 delivery_mib_per_sec=2842.64
# measured round=10 producers=3 consumers=3 batch=1
RESULT library=salias-ipc scenario=fifo page=normal pinning=off cpu_base=-1 cpu_stride=1 producers=3 consumers=3 payload=64 capacity=4194304 batch_size=1 poll_limit=64 published=3000000 delivered=9000000 seconds=0.320885 publish_msg_per_sec=9.34914e+06 delivery_msg_per_sec=2.80474e+07 delivery_mib_per_sec=1711.88
RESULT library=aeron-cpp scenario=mpmc pinning=off cpu_base=-1 cpu_stride=1 term_length=4194304 producers=3 consumers=3 payload=64 published=3000000 delivered=9000000 seconds=0.203003 publish_msg_per_sec=1.47781e+07 delivery_msg_per_sec=4.43344e+07 delivery_mib_per_sec=2705.96
# case producers=3 consumers=3 batch=16
# warmup round=1 producers=3 consumers=3 batch=16
# warmup round=2 producers=3 consumers=3 batch=16
# measured round=1 producers=3 consumers=3 batch=16
RESULT library=salias-ipc scenario=fifo page=normal pinning=off cpu_base=-1 cpu_stride=1 producers=3 consumers=3 payload=64 capacity=4194304 batch_size=16 poll_limit=64 published=3000000 delivered=9000000 seconds=0.38012 publish_msg_per_sec=7.89225e+06 delivery_msg_per_sec=2.36768e+07 delivery_mib_per_sec=1445.11
RESULT library=aeron-cpp scenario=mpmc pinning=off cpu_base=-1 cpu_stride=1 term_length=4194304 producers=3 consumers=3 payload=64 published=3000000 delivered=9000000 seconds=0.183189 publish_msg_per_sec=1.63766e+07 delivery_msg_per_sec=4.91297e+07 delivery_mib_per_sec=2998.64
# measured round=2 producers=3 consumers=3 batch=16
RESULT library=salias-ipc scenario=fifo page=normal pinning=off cpu_base=-1 cpu_stride=1 producers=3 consumers=3 payload=64 capacity=4194304 batch_size=16 poll_limit=64 published=3000000 delivered=9000000 seconds=0.41252 publish_msg_per_sec=7.27238e+06 delivery_msg_per_sec=2.18171e+07 delivery_mib_per_sec=1331.61
RESULT library=aeron-cpp scenario=mpmc pinning=off cpu_base=-1 cpu_stride=1 term_length=4194304 producers=3 consumers=3 payload=64 published=3000000 delivered=9000000 seconds=0.184759 publish_msg_per_sec=1.62374e+07 delivery_msg_per_sec=4.87121e+07 delivery_mib_per_sec=2973.15
# measured round=3 producers=3 consumers=3 batch=16
RESULT library=salias-ipc scenario=fifo page=normal pinning=off cpu_base=-1 cpu_stride=1 producers=3 consumers=3 payload=64 capacity=4194304 batch_size=16 poll_limit=64 published=3000000 delivered=9000000 seconds=0.413498 publish_msg_per_sec=7.25517e+06 delivery_msg_per_sec=2.17655e+07 delivery_mib_per_sec=1328.46
RESULT library=aeron-cpp scenario=mpmc pinning=off cpu_base=-1 cpu_stride=1 term_length=4194304 producers=3 consumers=3 payload=64 published=3000000 delivered=9000000 seconds=0.181989 publish_msg_per_sec=1.64845e+07 delivery_msg_per_sec=4.94535e+07 delivery_mib_per_sec=3018.4
# measured round=4 producers=3 consumers=3 batch=16
RESULT library=salias-ipc scenario=fifo page=normal pinning=off cpu_base=-1 cpu_stride=1 producers=3 consumers=3 payload=64 capacity=4194304 batch_size=16 poll_limit=64 published=3000000 delivered=9000000 seconds=0.406853 publish_msg_per_sec=7.37367e+06 delivery_msg_per_sec=2.2121e+07 delivery_mib_per_sec=1350.16
RESULT library=aeron-cpp scenario=mpmc pinning=off cpu_base=-1 cpu_stride=1 term_length=4194304 producers=3 consumers=3 payload=64 published=3000000 delivered=9000000 seconds=0.187907 publish_msg_per_sec=1.59654e+07 delivery_msg_per_sec=4.78961e+07 delivery_mib_per_sec=2923.35
# measured round=5 producers=3 consumers=3 batch=16
RESULT library=salias-ipc scenario=fifo page=normal pinning=off cpu_base=-1 cpu_stride=1 producers=3 consumers=3 payload=64 capacity=4194304 batch_size=16 poll_limit=64 published=3000000 delivered=9000000 seconds=0.342202 publish_msg_per_sec=8.76675e+06 delivery_msg_per_sec=2.63003e+07 delivery_mib_per_sec=1605.24
RESULT library=aeron-cpp scenario=mpmc pinning=off cpu_base=-1 cpu_stride=1 term_length=4194304 producers=3 consumers=3 payload=64 published=3000000 delivered=9000000 seconds=0.180887 publish_msg_per_sec=1.6585e+07 delivery_msg_per_sec=4.97549e+07 delivery_mib_per_sec=3036.8
# measured round=6 producers=3 consumers=3 batch=16
RESULT library=salias-ipc scenario=fifo page=normal pinning=off cpu_base=-1 cpu_stride=1 producers=3 consumers=3 payload=64 capacity=4194304 batch_size=16 poll_limit=64 published=3000000 delivered=9000000 seconds=0.414767 publish_msg_per_sec=7.23297e+06 delivery_msg_per_sec=2.16989e+07 delivery_mib_per_sec=1324.4
RESULT library=aeron-cpp scenario=mpmc pinning=off cpu_base=-1 cpu_stride=1 term_length=4194304 producers=3 consumers=3 payload=64 published=3000000 delivered=9000000 seconds=0.214675 publish_msg_per_sec=1.39746e+07 delivery_msg_per_sec=4.19238e+07 delivery_mib_per_sec=2558.82
# measured round=7 producers=3 consumers=3 batch=16
RESULT library=salias-ipc scenario=fifo page=normal pinning=off cpu_base=-1 cpu_stride=1 producers=3 consumers=3 payload=64 capacity=4194304 batch_size=16 poll_limit=64 published=3000000 delivered=9000000 seconds=0.353973 publish_msg_per_sec=8.47522e+06 delivery_msg_per_sec=2.54256e+07 delivery_mib_per_sec=1551.86
RESULT library=aeron-cpp scenario=mpmc pinning=off cpu_base=-1 cpu_stride=1 term_length=4194304 producers=3 consumers=3 payload=64 published=3000000 delivered=9000000 seconds=0.198052 publish_msg_per_sec=1.51475e+07 delivery_msg_per_sec=4.54426e+07 delivery_mib_per_sec=2773.6
# measured round=8 producers=3 consumers=3 batch=16
RESULT library=salias-ipc scenario=fifo page=normal pinning=off cpu_base=-1 cpu_stride=1 producers=3 consumers=3 payload=64 capacity=4194304 batch_size=16 poll_limit=64 published=3000000 delivered=9000000 seconds=0.343487 publish_msg_per_sec=8.73395e+06 delivery_msg_per_sec=2.62019e+07 delivery_mib_per_sec=1599.23
RESULT library=aeron-cpp scenario=mpmc pinning=off cpu_base=-1 cpu_stride=1 term_length=4194304 producers=3 consumers=3 payload=64 published=3000000 delivered=9000000 seconds=0.203745 publish_msg_per_sec=1.47243e+07 delivery_msg_per_sec=4.41729e+07 delivery_mib_per_sec=2696.1
# measured round=9 producers=3 consumers=3 batch=16
RESULT library=salias-ipc scenario=fifo page=normal pinning=off cpu_base=-1 cpu_stride=1 producers=3 consumers=3 payload=64 capacity=4194304 batch_size=16 poll_limit=64 published=3000000 delivered=9000000 seconds=0.421539 publish_msg_per_sec=7.11677e+06 delivery_msg_per_sec=2.13503e+07 delivery_mib_per_sec=1303.12
RESULT library=aeron-cpp scenario=mpmc pinning=off cpu_base=-1 cpu_stride=1 term_length=4194304 producers=3 consumers=3 payload=64 published=3000000 delivered=9000000 seconds=0.166826 publish_msg_per_sec=1.79828e+07 delivery_msg_per_sec=5.39484e+07 delivery_mib_per_sec=3292.75
# measured round=10 producers=3 consumers=3 batch=16
RESULT library=salias-ipc scenario=fifo page=normal pinning=off cpu_base=-1 cpu_stride=1 producers=3 consumers=3 payload=64 capacity=4194304 batch_size=16 poll_limit=64 published=3000000 delivered=9000000 seconds=0.423182 publish_msg_per_sec=7.08914e+06 delivery_msg_per_sec=2.12674e+07 delivery_mib_per_sec=1298.06
RESULT library=aeron-cpp scenario=mpmc pinning=off cpu_base=-1 cpu_stride=1 term_length=4194304 producers=3 consumers=3 payload=64 published=3000000 delivered=9000000 seconds=0.22457 publish_msg_per_sec=1.33589e+07 delivery_msg_per_sec=4.00767e+07 delivery_mib_per_sec=2446.09
