# salias named IPC vs Aeron C++ IPC release comparison
# payload=64B; salias_batch_size=1; poll_limit=64; fragment_limit=64; warmup=1; rounds=10; latency_sample_rate=0
# salias_pages=normal; capacities normal=4194304 huge2m=4194304 huge1g=1073741824
# pin_cpus=1; cpu_base=0; cpu_stride=1; aeron_driver_cpu=3; aeron_term_length=4194304
# scenarios=fifo ordered; FIFO=2P/1C; ORDERED=2P/1C
# warmup round=1 scenario=fifo
# measured round=1 scenario=fifo
LATENCY library=salias-ipc scenario=fifo consumer=0 samples=0 p50_ns=0 p99_ns=0 p999_ns=0 max_ns=0
RESULT library=salias-ipc scenario=fifo page=normal pinning=on cpu_base=0 cpu_stride=1 producers=2 consumers=1 payload=64 capacity=4194304 batch_size=1 publication_window=0 poll_limit=64 published=2000000 delivered=2000000 seconds=0.0723693 publish_msg_per_sec=2.7636e+07 delivery_msg_per_sec=2.7636e+07 delivery_mib_per_sec=1686.77 latency_sample_rate=0 latency_samples=0 latency_p50_ns=0 latency_p99_ns=0 latency_p999_ns=0 latency_max_ns=0
LATENCY library=aeron-cpp scenario=mpsc consumer=0 samples=0 p50_ns=0 p99_ns=0 p999_ns=0 max_ns=0
RESULT library=aeron-cpp scenario=mpsc pinning=on cpu_base=0 cpu_stride=1 term_length=4194304 producers=2 consumers=1 payload=64 published=2000000 delivered=2000000 seconds=0.0542331 publish_msg_per_sec=3.68778e+07 delivery_msg_per_sec=3.68778e+07 delivery_mib_per_sec=2250.84 latency_sample_rate=0 latency_samples=0 latency_p50_ns=0 latency_p99_ns=0 latency_p999_ns=0 latency_max_ns=0
# measured round=2 scenario=fifo
LATENCY library=salias-ipc scenario=fifo consumer=0 samples=0 p50_ns=0 p99_ns=0 p999_ns=0 max_ns=0
RESULT library=salias-ipc scenario=fifo page=normal pinning=on cpu_base=0 cpu_stride=1 producers=2 consumers=1 payload=64 capacity=4194304 batch_size=1 publication_window=0 poll_limit=64 published=2000000 delivered=2000000 seconds=0.0613479 publish_msg_per_sec=3.2601e+07 delivery_msg_per_sec=3.2601e+07 delivery_mib_per_sec=1989.8 latency_sample_rate=0 latency_samples=0 latency_p50_ns=0 latency_p99_ns=0 latency_p999_ns=0 latency_max_ns=0
LATENCY library=aeron-cpp scenario=mpsc consumer=0 samples=0 p50_ns=0 p99_ns=0 p999_ns=0 max_ns=0
RESULT library=aeron-cpp scenario=mpsc pinning=on cpu_base=0 cpu_stride=1 term_length=4194304 producers=2 consumers=1 payload=64 published=2000000 delivered=2000000 seconds=0.0566217 publish_msg_per_sec=3.53222e+07 delivery_msg_per_sec=3.53222e+07 delivery_mib_per_sec=2155.89 latency_sample_rate=0 latency_samples=0 latency_p50_ns=0 latency_p99_ns=0 latency_p999_ns=0 latency_max_ns=0
# measured round=3 scenario=fifo
LATENCY library=salias-ipc scenario=fifo consumer=0 samples=0 p50_ns=0 p99_ns=0 p999_ns=0 max_ns=0
RESULT library=salias-ipc scenario=fifo page=normal pinning=on cpu_base=0 cpu_stride=1 producers=2 consumers=1 payload=64 capacity=4194304 batch_size=1 publication_window=0 poll_limit=64 published=2000000 delivered=2000000 seconds=0.0788263 publish_msg_per_sec=2.53722e+07 delivery_msg_per_sec=2.53722e+07 delivery_mib_per_sec=1548.6 latency_sample_rate=0 latency_samples=0 latency_p50_ns=0 latency_p99_ns=0 latency_p999_ns=0 latency_max_ns=0
LATENCY library=aeron-cpp scenario=mpsc consumer=0 samples=0 p50_ns=0 p99_ns=0 p999_ns=0 max_ns=0
RESULT library=aeron-cpp scenario=mpsc pinning=on cpu_base=0 cpu_stride=1 term_length=4194304 producers=2 consumers=1 payload=64 published=2000000 delivered=2000000 seconds=0.0589094 publish_msg_per_sec=3.39504e+07 delivery_msg_per_sec=3.39504e+07 delivery_mib_per_sec=2072.17 latency_sample_rate=0 latency_samples=0 latency_p50_ns=0 latency_p99_ns=0 latency_p999_ns=0 latency_max_ns=0
# measured round=4 scenario=fifo
LATENCY library=salias-ipc scenario=fifo consumer=0 samples=0 p50_ns=0 p99_ns=0 p999_ns=0 max_ns=0
RESULT library=salias-ipc scenario=fifo page=normal pinning=on cpu_base=0 cpu_stride=1 producers=2 consumers=1 payload=64 capacity=4194304 batch_size=1 publication_window=0 poll_limit=64 published=2000000 delivered=2000000 seconds=0.0578853 publish_msg_per_sec=3.45511e+07 delivery_msg_per_sec=3.45511e+07 delivery_mib_per_sec=2108.83 latency_sample_rate=0 latency_samples=0 latency_p50_ns=0 latency_p99_ns=0 latency_p999_ns=0 latency_max_ns=0
LATENCY library=aeron-cpp scenario=mpsc consumer=0 samples=0 p50_ns=0 p99_ns=0 p999_ns=0 max_ns=0
RESULT library=aeron-cpp scenario=mpsc pinning=on cpu_base=0 cpu_stride=1 term_length=4194304 producers=2 consumers=1 payload=64 published=2000000 delivered=2000000 seconds=0.0588421 publish_msg_per_sec=3.39893e+07 delivery_msg_per_sec=3.39893e+07 delivery_mib_per_sec=2074.54 latency_sample_rate=0 latency_samples=0 latency_p50_ns=0 latency_p99_ns=0 latency_p999_ns=0 latency_max_ns=0
# measured round=5 scenario=fifo
LATENCY library=salias-ipc scenario=fifo consumer=0 samples=0 p50_ns=0 p99_ns=0 p999_ns=0 max_ns=0
RESULT library=salias-ipc scenario=fifo page=normal pinning=on cpu_base=0 cpu_stride=1 producers=2 consumers=1 payload=64 capacity=4194304 batch_size=1 publication_window=0 poll_limit=64 published=2000000 delivered=2000000 seconds=0.0723824 publish_msg_per_sec=2.7631e+07 delivery_msg_per_sec=2.7631e+07 delivery_mib_per_sec=1686.46 latency_sample_rate=0 latency_samples=0 latency_p50_ns=0 latency_p99_ns=0 latency_p999_ns=0 latency_max_ns=0
LATENCY library=aeron-cpp scenario=mpsc consumer=0 samples=0 p50_ns=0 p99_ns=0 p999_ns=0 max_ns=0
RESULT library=aeron-cpp scenario=mpsc pinning=on cpu_base=0 cpu_stride=1 term_length=4194304 producers=2 consumers=1 payload=64 published=2000000 delivered=2000000 seconds=0.0622939 publish_msg_per_sec=3.21059e+07 delivery_msg_per_sec=3.21059e+07 delivery_mib_per_sec=1959.59 latency_sample_rate=0 latency_samples=0 latency_p50_ns=0 latency_p99_ns=0 latency_p999_ns=0 latency_max_ns=0
# measured round=6 scenario=fifo
LATENCY library=salias-ipc scenario=fifo consumer=0 samples=0 p50_ns=0 p99_ns=0 p999_ns=0 max_ns=0
RESULT library=salias-ipc scenario=fifo page=normal pinning=on cpu_base=0 cpu_stride=1 producers=2 consumers=1 payload=64 capacity=4194304 batch_size=1 publication_window=0 poll_limit=64 published=2000000 delivered=2000000 seconds=0.0707183 publish_msg_per_sec=2.82812e+07 delivery_msg_per_sec=2.82812e+07 delivery_mib_per_sec=1726.15 latency_sample_rate=0 latency_samples=0 latency_p50_ns=0 latency_p99_ns=0 latency_p999_ns=0 latency_max_ns=0
LATENCY library=aeron-cpp scenario=mpsc consumer=0 samples=0 p50_ns=0 p99_ns=0 p999_ns=0 max_ns=0
RESULT library=aeron-cpp scenario=mpsc pinning=on cpu_base=0 cpu_stride=1 term_length=4194304 producers=2 consumers=1 payload=64 published=2000000 delivered=2000000 seconds=0.059034 publish_msg_per_sec=3.38788e+07 delivery_msg_per_sec=3.38788e+07 delivery_mib_per_sec=2067.8 latency_sample_rate=0 latency_samples=0 latency_p50_ns=0 latency_p99_ns=0 latency_p999_ns=0 latency_max_ns=0
# measured round=7 scenario=fifo
LATENCY library=salias-ipc scenario=fifo consumer=0 samples=0 p50_ns=0 p99_ns=0 p999_ns=0 max_ns=0
RESULT library=salias-ipc scenario=fifo page=normal pinning=on cpu_base=0 cpu_stride=1 producers=2 consumers=1 payload=64 capacity=4194304 batch_size=1 publication_window=0 poll_limit=64 published=2000000 delivered=2000000 seconds=0.0633209 publish_msg_per_sec=3.15851e+07 delivery_msg_per_sec=3.15851e+07 delivery_mib_per_sec=1927.8 latency_sample_rate=0 latency_samples=0 latency_p50_ns=0 latency_p99_ns=0 latency_p999_ns=0 latency_max_ns=0
LATENCY library=aeron-cpp scenario=mpsc consumer=0 samples=0 p50_ns=0 p99_ns=0 p999_ns=0 max_ns=0
RESULT library=aeron-cpp scenario=mpsc pinning=on cpu_base=0 cpu_stride=1 term_length=4194304 producers=2 consumers=1 payload=64 published=2000000 delivered=2000000 seconds=0.0581746 publish_msg_per_sec=3.43793e+07 delivery_msg_per_sec=3.43793e+07 delivery_mib_per_sec=2098.34 latency_sample_rate=0 latency_samples=0 latency_p50_ns=0 latency_p99_ns=0 latency_p999_ns=0 latency_max_ns=0
# measured round=8 scenario=fifo
LATENCY library=salias-ipc scenario=fifo consumer=0 samples=0 p50_ns=0 p99_ns=0 p999_ns=0 max_ns=0
RESULT library=salias-ipc scenario=fifo page=normal pinning=on cpu_base=0 cpu_stride=1 producers=2 consumers=1 payload=64 capacity=4194304 batch_size=1 publication_window=0 poll_limit=64 published=2000000 delivered=2000000 seconds=0.0566486 publish_msg_per_sec=3.53054e+07 delivery_msg_per_sec=3.53054e+07 delivery_mib_per_sec=2154.87 latency_sample_rate=0 latency_samples=0 latency_p50_ns=0 latency_p99_ns=0 latency_p999_ns=0 latency_max_ns=0
LATENCY library=aeron-cpp scenario=mpsc consumer=0 samples=0 p50_ns=0 p99_ns=0 p999_ns=0 max_ns=0
RESULT library=aeron-cpp scenario=mpsc pinning=on cpu_base=0 cpu_stride=1 term_length=4194304 producers=2 consumers=1 payload=64 published=2000000 delivered=2000000 seconds=0.0592827 publish_msg_per_sec=3.37367e+07 delivery_msg_per_sec=3.37367e+07 delivery_mib_per_sec=2059.12 latency_sample_rate=0 latency_samples=0 latency_p50_ns=0 latency_p99_ns=0 latency_p999_ns=0 latency_max_ns=0
# measured round=9 scenario=fifo
LATENCY library=salias-ipc scenario=fifo consumer=0 samples=0 p50_ns=0 p99_ns=0 p999_ns=0 max_ns=0
RESULT library=salias-ipc scenario=fifo page=normal pinning=on cpu_base=0 cpu_stride=1 producers=2 consumers=1 payload=64 capacity=4194304 batch_size=1 publication_window=0 poll_limit=64 published=2000000 delivered=2000000 seconds=0.066991 publish_msg_per_sec=2.98547e+07 delivery_msg_per_sec=2.98547e+07 delivery_mib_per_sec=1822.19 latency_sample_rate=0 latency_samples=0 latency_p50_ns=0 latency_p99_ns=0 latency_p999_ns=0 latency_max_ns=0
LATENCY library=aeron-cpp scenario=mpsc consumer=0 samples=0 p50_ns=0 p99_ns=0 p999_ns=0 max_ns=0
RESULT library=aeron-cpp scenario=mpsc pinning=on cpu_base=0 cpu_stride=1 term_length=4194304 producers=2 consumers=1 payload=64 published=2000000 delivered=2000000 seconds=0.0516835 publish_msg_per_sec=3.8697e+07 delivery_msg_per_sec=3.8697e+07 delivery_mib_per_sec=2361.88 latency_sample_rate=0 latency_samples=0 latency_p50_ns=0 latency_p99_ns=0 latency_p999_ns=0 latency_max_ns=0
# measured round=10 scenario=fifo
LATENCY library=salias-ipc scenario=fifo consumer=0 samples=0 p50_ns=0 p99_ns=0 p999_ns=0 max_ns=0
RESULT library=salias-ipc scenario=fifo page=normal pinning=on cpu_base=0 cpu_stride=1 producers=2 consumers=1 payload=64 capacity=4194304 batch_size=1 publication_window=0 poll_limit=64 published=2000000 delivered=2000000 seconds=0.0719176 publish_msg_per_sec=2.78096e+07 delivery_msg_per_sec=2.78096e+07 delivery_mib_per_sec=1697.36 latency_sample_rate=0 latency_samples=0 latency_p50_ns=0 latency_p99_ns=0 latency_p999_ns=0 latency_max_ns=0
LATENCY library=aeron-cpp scenario=mpsc consumer=0 samples=0 p50_ns=0 p99_ns=0 p999_ns=0 max_ns=0
RESULT library=aeron-cpp scenario=mpsc pinning=on cpu_base=0 cpu_stride=1 term_length=4194304 producers=2 consumers=1 payload=64 published=2000000 delivered=2000000 seconds=0.0578139 publish_msg_per_sec=3.45938e+07 delivery_msg_per_sec=3.45938e+07 delivery_mib_per_sec=2111.44 latency_sample_rate=0 latency_samples=0 latency_p50_ns=0 latency_p99_ns=0 latency_p999_ns=0 latency_max_ns=0
# warmup round=1 scenario=ordered
# measured round=1 scenario=ordered
LATENCY library=salias-ipc scenario=ordered consumer=0 samples=0 p50_ns=0 p99_ns=0 p999_ns=0 max_ns=0
RESULT library=salias-ipc scenario=ordered page=normal pinning=on cpu_base=0 cpu_stride=1 producers=2 consumers=1 payload=64 capacity=4194304 batch_size=1 publication_window=0 poll_limit=64 published=2000000 delivered=2000000 seconds=0.118989 publish_msg_per_sec=1.68083e+07 delivery_msg_per_sec=1.68083e+07 delivery_mib_per_sec=1025.9 latency_sample_rate=0 latency_samples=0 latency_p50_ns=0 latency_p99_ns=0 latency_p999_ns=0 latency_max_ns=0
LATENCY library=aeron-cpp scenario=mpsc consumer=0 samples=0 p50_ns=0 p99_ns=0 p999_ns=0 max_ns=0
RESULT library=aeron-cpp scenario=mpsc pinning=on cpu_base=0 cpu_stride=1 term_length=4194304 producers=2 consumers=1 payload=64 published=2000000 delivered=2000000 seconds=0.0600893 publish_msg_per_sec=3.32838e+07 delivery_msg_per_sec=3.32838e+07 delivery_mib_per_sec=2031.48 latency_sample_rate=0 latency_samples=0 latency_p50_ns=0 latency_p99_ns=0 latency_p999_ns=0 latency_max_ns=0
# measured round=2 scenario=ordered
LATENCY library=salias-ipc scenario=ordered consumer=0 samples=0 p50_ns=0 p99_ns=0 p999_ns=0 max_ns=0
RESULT library=salias-ipc scenario=ordered page=normal pinning=on cpu_base=0 cpu_stride=1 producers=2 consumers=1 payload=64 capacity=4194304 batch_size=1 publication_window=0 poll_limit=64 published=2000000 delivered=2000000 seconds=0.106185 publish_msg_per_sec=1.8835e+07 delivery_msg_per_sec=1.8835e+07 delivery_mib_per_sec=1149.6 latency_sample_rate=0 latency_samples=0 latency_p50_ns=0 latency_p99_ns=0 latency_p999_ns=0 latency_max_ns=0
LATENCY library=aeron-cpp scenario=mpsc consumer=0 samples=0 p50_ns=0 p99_ns=0 p999_ns=0 max_ns=0
RESULT library=aeron-cpp scenario=mpsc pinning=on cpu_base=0 cpu_stride=1 term_length=4194304 producers=2 consumers=1 payload=64 published=2000000 delivered=2000000 seconds=0.0578896 publish_msg_per_sec=3.45485e+07 delivery_msg_per_sec=3.45485e+07 delivery_mib_per_sec=2108.67 latency_sample_rate=0 latency_samples=0 latency_p50_ns=0 latency_p99_ns=0 latency_p999_ns=0 latency_max_ns=0
# measured round=3 scenario=ordered
LATENCY library=salias-ipc scenario=ordered consumer=0 samples=0 p50_ns=0 p99_ns=0 p999_ns=0 max_ns=0
RESULT library=salias-ipc scenario=ordered page=normal pinning=on cpu_base=0 cpu_stride=1 producers=2 consumers=1 payload=64 capacity=4194304 batch_size=1 publication_window=0 poll_limit=64 published=2000000 delivered=2000000 seconds=0.126634 publish_msg_per_sec=1.57935e+07 delivery_msg_per_sec=1.57935e+07 delivery_mib_per_sec=963.958 latency_sample_rate=0 latency_samples=0 latency_p50_ns=0 latency_p99_ns=0 latency_p999_ns=0 latency_max_ns=0
LATENCY library=aeron-cpp scenario=mpsc consumer=0 samples=0 p50_ns=0 p99_ns=0 p999_ns=0 max_ns=0
RESULT library=aeron-cpp scenario=mpsc pinning=on cpu_base=0 cpu_stride=1 term_length=4194304 producers=2 consumers=1 payload=64 published=2000000 delivered=2000000 seconds=0.0559092 publish_msg_per_sec=3.57723e+07 delivery_msg_per_sec=3.57723e+07 delivery_mib_per_sec=2183.37 latency_sample_rate=0 latency_samples=0 latency_p50_ns=0 latency_p99_ns=0 latency_p999_ns=0 latency_max_ns=0
# measured round=4 scenario=ordered
LATENCY library=salias-ipc scenario=ordered consumer=0 samples=0 p50_ns=0 p99_ns=0 p999_ns=0 max_ns=0
RESULT library=salias-ipc scenario=ordered page=normal pinning=on cpu_base=0 cpu_stride=1 producers=2 consumers=1 payload=64 capacity=4194304 batch_size=1 publication_window=0 poll_limit=64 published=2000000 delivered=2000000 seconds=0.11889 publish_msg_per_sec=1.68222e+07 delivery_msg_per_sec=1.68222e+07 delivery_mib_per_sec=1026.75 latency_sample_rate=0 latency_samples=0 latency_p50_ns=0 latency_p99_ns=0 latency_p999_ns=0 latency_max_ns=0
LATENCY library=aeron-cpp scenario=mpsc consumer=0 samples=0 p50_ns=0 p99_ns=0 p999_ns=0 max_ns=0
RESULT library=aeron-cpp scenario=mpsc pinning=on cpu_base=0 cpu_stride=1 term_length=4194304 producers=2 consumers=1 payload=64 published=2000000 delivered=2000000 seconds=0.0600848 publish_msg_per_sec=3.32863e+07 delivery_msg_per_sec=3.32863e+07 delivery_mib_per_sec=2031.63 latency_sample_rate=0 latency_samples=0 latency_p50_ns=0 latency_p99_ns=0 latency_p999_ns=0 latency_max_ns=0
# measured round=5 scenario=ordered
LATENCY library=salias-ipc scenario=ordered consumer=0 samples=0 p50_ns=0 p99_ns=0 p999_ns=0 max_ns=0
RESULT library=salias-ipc scenario=ordered page=normal pinning=on cpu_base=0 cpu_stride=1 producers=2 consumers=1 payload=64 capacity=4194304 batch_size=1 publication_window=0 poll_limit=64 published=2000000 delivered=2000000 seconds=0.114583 publish_msg_per_sec=1.74546e+07 delivery_msg_per_sec=1.74546e+07 delivery_mib_per_sec=1065.34 latency_sample_rate=0 latency_samples=0 latency_p50_ns=0 latency_p99_ns=0 latency_p999_ns=0 latency_max_ns=0
LATENCY library=aeron-cpp scenario=mpsc consumer=0 samples=0 p50_ns=0 p99_ns=0 p999_ns=0 max_ns=0
RESULT library=aeron-cpp scenario=mpsc pinning=on cpu_base=0 cpu_stride=1 term_length=4194304 producers=2 consumers=1 payload=64 published=2000000 delivered=2000000 seconds=0.062682 publish_msg_per_sec=3.19071e+07 delivery_msg_per_sec=3.19071e+07 delivery_mib_per_sec=1947.46 latency_sample_rate=0 latency_samples=0 latency_p50_ns=0 latency_p99_ns=0 latency_p999_ns=0 latency_max_ns=0
# measured round=6 scenario=ordered
LATENCY library=salias-ipc scenario=ordered consumer=0 samples=0 p50_ns=0 p99_ns=0 p999_ns=0 max_ns=0
RESULT library=salias-ipc scenario=ordered page=normal pinning=on cpu_base=0 cpu_stride=1 producers=2 consumers=1 payload=64 capacity=4194304 batch_size=1 publication_window=0 poll_limit=64 published=2000000 delivered=2000000 seconds=0.0886515 publish_msg_per_sec=2.25603e+07 delivery_msg_per_sec=2.25603e+07 delivery_mib_per_sec=1376.97 latency_sample_rate=0 latency_samples=0 latency_p50_ns=0 latency_p99_ns=0 latency_p999_ns=0 latency_max_ns=0
LATENCY library=aeron-cpp scenario=mpsc consumer=0 samples=0 p50_ns=0 p99_ns=0 p999_ns=0 max_ns=0
RESULT library=aeron-cpp scenario=mpsc pinning=on cpu_base=0 cpu_stride=1 term_length=4194304 producers=2 consumers=1 payload=64 published=2000000 delivered=2000000 seconds=0.0703137 publish_msg_per_sec=2.8444e+07 delivery_msg_per_sec=2.8444e+07 delivery_mib_per_sec=1736.08 latency_sample_rate=0 latency_samples=0 latency_p50_ns=0 latency_p99_ns=0 latency_p999_ns=0 latency_max_ns=0
# measured round=7 scenario=ordered
LATENCY library=salias-ipc scenario=ordered consumer=0 samples=0 p50_ns=0 p99_ns=0 p999_ns=0 max_ns=0
RESULT library=salias-ipc scenario=ordered page=normal pinning=on cpu_base=0 cpu_stride=1 producers=2 consumers=1 payload=64 capacity=4194304 batch_size=1 publication_window=0 poll_limit=64 published=2000000 delivered=2000000 seconds=0.127827 publish_msg_per_sec=1.56461e+07 delivery_msg_per_sec=1.56461e+07 delivery_mib_per_sec=954.964 latency_sample_rate=0 latency_samples=0 latency_p50_ns=0 latency_p99_ns=0 latency_p999_ns=0 latency_max_ns=0
LATENCY library=aeron-cpp scenario=mpsc consumer=0 samples=0 p50_ns=0 p99_ns=0 p999_ns=0 max_ns=0
RESULT library=aeron-cpp scenario=mpsc pinning=on cpu_base=0 cpu_stride=1 term_length=4194304 producers=2 consumers=1 payload=64 published=2000000 delivered=2000000 seconds=0.0559147 publish_msg_per_sec=3.57688e+07 delivery_msg_per_sec=3.57688e+07 delivery_mib_per_sec=2183.15 latency_sample_rate=0 latency_samples=0 latency_p50_ns=0 latency_p99_ns=0 latency_p999_ns=0 latency_max_ns=0
# measured round=8 scenario=ordered
LATENCY library=salias-ipc scenario=ordered consumer=0 samples=0 p50_ns=0 p99_ns=0 p999_ns=0 max_ns=0
RESULT library=salias-ipc scenario=ordered page=normal pinning=on cpu_base=0 cpu_stride=1 producers=2 consumers=1 payload=64 capacity=4194304 batch_size=1 publication_window=0 poll_limit=64 published=2000000 delivered=2000000 seconds=0.118851 publish_msg_per_sec=1.68278e+07 delivery_msg_per_sec=1.68278e+07 delivery_mib_per_sec=1027.09 latency_sample_rate=0 latency_samples=0 latency_p50_ns=0 latency_p99_ns=0 latency_p999_ns=0 latency_max_ns=0
LATENCY library=aeron-cpp scenario=mpsc consumer=0 samples=0 p50_ns=0 p99_ns=0 p999_ns=0 max_ns=0
RESULT library=aeron-cpp scenario=mpsc pinning=on cpu_base=0 cpu_stride=1 term_length=4194304 producers=2 consumers=1 payload=64 published=2000000 delivered=2000000 seconds=0.0602563 publish_msg_per_sec=3.31915e+07 delivery_msg_per_sec=3.31915e+07 delivery_mib_per_sec=2025.85 latency_sample_rate=0 latency_samples=0 latency_p50_ns=0 latency_p99_ns=0 latency_p999_ns=0 latency_max_ns=0
# measured round=9 scenario=ordered
LATENCY library=salias-ipc scenario=ordered consumer=0 samples=0 p50_ns=0 p99_ns=0 p999_ns=0 max_ns=0
RESULT library=salias-ipc scenario=ordered page=normal pinning=on cpu_base=0 cpu_stride=1 producers=2 consumers=1 payload=64 capacity=4194304 batch_size=1 publication_window=0 poll_limit=64 published=2000000 delivered=2000000 seconds=0.10494 publish_msg_per_sec=1.90585e+07 delivery_msg_per_sec=1.90585e+07 delivery_mib_per_sec=1163.24 latency_sample_rate=0 latency_samples=0 latency_p50_ns=0 latency_p99_ns=0 latency_p999_ns=0 latency_max_ns=0
LATENCY library=aeron-cpp scenario=mpsc consumer=0 samples=0 p50_ns=0 p99_ns=0 p999_ns=0 max_ns=0
RESULT library=aeron-cpp scenario=mpsc pinning=on cpu_base=0 cpu_stride=1 term_length=4194304 producers=2 consumers=1 payload=64 published=2000000 delivered=2000000 seconds=0.0647979 publish_msg_per_sec=3.08652e+07 delivery_msg_per_sec=3.08652e+07 delivery_mib_per_sec=1883.86 latency_sample_rate=0 latency_samples=0 latency_p50_ns=0 latency_p99_ns=0 latency_p999_ns=0 latency_max_ns=0
# measured round=10 scenario=ordered
LATENCY library=salias-ipc scenario=ordered consumer=0 samples=0 p50_ns=0 p99_ns=0 p999_ns=0 max_ns=0
RESULT library=salias-ipc scenario=ordered page=normal pinning=on cpu_base=0 cpu_stride=1 producers=2 consumers=1 payload=64 capacity=4194304 batch_size=1 publication_window=0 poll_limit=64 published=2000000 delivered=2000000 seconds=0.101978 publish_msg_per_sec=1.96121e+07 delivery_msg_per_sec=1.96121e+07 delivery_mib_per_sec=1197.02 latency_sample_rate=0 latency_samples=0 latency_p50_ns=0 latency_p99_ns=0 latency_p999_ns=0 latency_max_ns=0
LATENCY library=aeron-cpp scenario=mpsc consumer=0 samples=0 p50_ns=0 p99_ns=0 p999_ns=0 max_ns=0
RESULT library=aeron-cpp scenario=mpsc pinning=on cpu_base=0 cpu_stride=1 term_length=4194304 producers=2 consumers=1 payload=64 published=2000000 delivered=2000000 seconds=0.0648265 publish_msg_per_sec=3.08516e+07 delivery_msg_per_sec=3.08516e+07 delivery_mib_per_sec=1883.03 latency_sample_rate=0 latency_samples=0 latency_p50_ns=0 latency_p99_ns=0 latency_p999_ns=0 latency_max_ns=0
