# salias named IPC vs Aeron C++ IPC release comparison
# payload=64B; salias_batch_size=16; poll_limit=64; fragment_limit=64; warmup=1; rounds=5
# salias_pages=normal; capacities normal=4194304 huge2m=4194304 huge1g=1073741824
# pin_cpus=1; cpu_base=0; cpu_stride=1; aeron_driver_cpu=3; aeron_term_length=4194304
# scenarios=fifo ordered; FIFO=2P/1C; ORDERED=2P/1C
# warmup round=1 scenario=fifo
# measured round=1 scenario=fifo
RESULT library=salias-ipc scenario=fifo page=normal pinning=on cpu_base=0 cpu_stride=1 producers=2 consumers=1 payload=64 capacity=4194304 batch_size=16 poll_limit=64 published=2000000 delivered=2000000 seconds=0.137486 publish_msg_per_sec=1.45469e+07 delivery_msg_per_sec=1.45469e+07 delivery_mib_per_sec=887.873
RESULT library=aeron-cpp scenario=mpsc pinning=on cpu_base=0 cpu_stride=1 term_length=4194304 producers=2 consumers=1 payload=64 published=2000000 delivered=2000000 seconds=0.0575246 publish_msg_per_sec=3.47677e+07 delivery_msg_per_sec=3.47677e+07 delivery_mib_per_sec=2122.05
# measured round=2 scenario=fifo
RESULT library=salias-ipc scenario=fifo page=normal pinning=on cpu_base=0 cpu_stride=1 producers=2 consumers=1 payload=64 capacity=4194304 batch_size=16 poll_limit=64 published=2000000 delivered=2000000 seconds=0.137035 publish_msg_per_sec=1.45948e+07 delivery_msg_per_sec=1.45948e+07 delivery_mib_per_sec=890.796
RESULT library=aeron-cpp scenario=mpsc pinning=on cpu_base=0 cpu_stride=1 term_length=4194304 producers=2 consumers=1 payload=64 published=2000000 delivered=2000000 seconds=0.0572897 publish_msg_per_sec=3.49103e+07 delivery_msg_per_sec=3.49103e+07 delivery_mib_per_sec=2130.75
# measured round=3 scenario=fifo
RESULT library=salias-ipc scenario=fifo page=normal pinning=on cpu_base=0 cpu_stride=1 producers=2 consumers=1 payload=64 capacity=4194304 batch_size=16 poll_limit=64 published=2000000 delivered=2000000 seconds=0.134858 publish_msg_per_sec=1.48305e+07 delivery_msg_per_sec=1.48305e+07 delivery_mib_per_sec=905.18
RESULT library=aeron-cpp scenario=mpsc pinning=on cpu_base=0 cpu_stride=1 term_length=4194304 producers=2 consumers=1 payload=64 published=2000000 delivered=2000000 seconds=0.0527348 publish_msg_per_sec=3.79256e+07 delivery_msg_per_sec=3.79256e+07 delivery_mib_per_sec=2314.8
# measured round=4 scenario=fifo
RESULT library=salias-ipc scenario=fifo page=normal pinning=on cpu_base=0 cpu_stride=1 producers=2 consumers=1 payload=64 capacity=4194304 batch_size=16 poll_limit=64 published=2000000 delivered=2000000 seconds=0.151832 publish_msg_per_sec=1.31724e+07 delivery_msg_per_sec=1.31724e+07 delivery_mib_per_sec=803.981
RESULT library=aeron-cpp scenario=mpsc pinning=on cpu_base=0 cpu_stride=1 term_length=4194304 producers=2 consumers=1 payload=64 published=2000000 delivered=2000000 seconds=0.0519247 publish_msg_per_sec=3.85173e+07 delivery_msg_per_sec=3.85173e+07 delivery_mib_per_sec=2350.91
# measured round=5 scenario=fifo
RESULT library=salias-ipc scenario=fifo page=normal pinning=on cpu_base=0 cpu_stride=1 producers=2 consumers=1 payload=64 capacity=4194304 batch_size=16 poll_limit=64 published=2000000 delivered=2000000 seconds=0.137778 publish_msg_per_sec=1.45161e+07 delivery_msg_per_sec=1.45161e+07 delivery_mib_per_sec=885.993
RESULT library=aeron-cpp scenario=mpsc pinning=on cpu_base=0 cpu_stride=1 term_length=4194304 producers=2 consumers=1 payload=64 published=2000000 delivered=2000000 seconds=0.0572977 publish_msg_per_sec=3.49054e+07 delivery_msg_per_sec=3.49054e+07 delivery_mib_per_sec=2130.46
# warmup round=1 scenario=ordered
# measured round=1 scenario=ordered
RESULT library=salias-ipc scenario=ordered page=normal pinning=on cpu_base=0 cpu_stride=1 producers=2 consumers=1 payload=64 capacity=4194304 batch_size=16 poll_limit=64 published=2000000 delivered=2000000 seconds=0.142857 publish_msg_per_sec=1.4e+07 delivery_msg_per_sec=1.4e+07 delivery_mib_per_sec=854.495
RESULT library=aeron-cpp scenario=mpsc pinning=on cpu_base=0 cpu_stride=1 term_length=4194304 producers=2 consumers=1 payload=64 published=2000000 delivered=2000000 seconds=0.0678825 publish_msg_per_sec=2.94627e+07 delivery_msg_per_sec=2.94627e+07 delivery_mib_per_sec=1798.26
# measured round=2 scenario=ordered
RESULT library=salias-ipc scenario=ordered page=normal pinning=on cpu_base=0 cpu_stride=1 producers=2 consumers=1 payload=64 capacity=4194304 batch_size=16 poll_limit=64 published=2000000 delivered=2000000 seconds=0.163694 publish_msg_per_sec=1.22179e+07 delivery_msg_per_sec=1.22179e+07 delivery_mib_per_sec=745.72
RESULT library=aeron-cpp scenario=mpsc pinning=on cpu_base=0 cpu_stride=1 term_length=4194304 producers=2 consumers=1 payload=64 published=2000000 delivered=2000000 seconds=0.0594721 publish_msg_per_sec=3.36292e+07 delivery_msg_per_sec=3.36292e+07 delivery_mib_per_sec=2052.56
# measured round=3 scenario=ordered
RESULT library=salias-ipc scenario=ordered page=normal pinning=on cpu_base=0 cpu_stride=1 producers=2 consumers=1 payload=64 capacity=4194304 batch_size=16 poll_limit=64 published=2000000 delivered=2000000 seconds=0.187643 publish_msg_per_sec=1.06585e+07 delivery_msg_per_sec=1.06585e+07 delivery_mib_per_sec=650.544
RESULT library=aeron-cpp scenario=mpsc pinning=on cpu_base=0 cpu_stride=1 term_length=4194304 producers=2 consumers=1 payload=64 published=2000000 delivered=2000000 seconds=0.06695 publish_msg_per_sec=2.98731e+07 delivery_msg_per_sec=2.98731e+07 delivery_mib_per_sec=1823.31
# measured round=4 scenario=ordered
RESULT library=salias-ipc scenario=ordered page=normal pinning=on cpu_base=0 cpu_stride=1 producers=2 consumers=1 payload=64 capacity=4194304 batch_size=16 poll_limit=64 published=2000000 delivered=2000000 seconds=0.190418 publish_msg_per_sec=1.05032e+07 delivery_msg_per_sec=1.05032e+07 delivery_mib_per_sec=641.064
RESULT library=aeron-cpp scenario=mpsc pinning=on cpu_base=0 cpu_stride=1 term_length=4194304 producers=2 consumers=1 payload=64 published=2000000 delivered=2000000 seconds=0.0718417 publish_msg_per_sec=2.7839e+07 delivery_msg_per_sec=2.7839e+07 delivery_mib_per_sec=1699.16
# measured round=5 scenario=ordered
RESULT library=salias-ipc scenario=ordered page=normal pinning=on cpu_base=0 cpu_stride=1 producers=2 consumers=1 payload=64 capacity=4194304 batch_size=16 poll_limit=64 published=2000000 delivered=2000000 seconds=0.152596 publish_msg_per_sec=1.31065e+07 delivery_msg_per_sec=1.31065e+07 delivery_mib_per_sec=799.959
RESULT library=aeron-cpp scenario=mpsc pinning=on cpu_base=0 cpu_stride=1 term_length=4194304 producers=2 consumers=1 payload=64 published=2000000 delivered=2000000 seconds=0.0720268 publish_msg_per_sec=2.77674e+07 delivery_msg_per_sec=2.77674e+07 delivery_mib_per_sec=1694.79
