# Tencent sampled latency oversubscribed FIFO MPMC matrix
# messages_per_producer=500000 payload=64 sample_rate=64 warmup=2 rounds=5 no_affinity
# case producers=3 consumers=2 batch=1
# warmup round=1 producers=3 consumers=2 batch=1
# warmup round=2 producers=3 consumers=2 batch=1
# measured round=1 producers=3 consumers=2 batch=1
LATENCY library=salias-ipc scenario=fifo consumer=0 samples=23439 p50_ns=188415 p99_ns=9568255 p999_ns=9830399 max_ns=9990037
LATENCY library=salias-ipc scenario=fifo consumer=1 samples=23439 p50_ns=20447231 p99_ns=23330815 p999_ns=23592959 max_ns=23761541
RESULT library=salias-ipc scenario=fifo page=normal pinning=off cpu_base=-1 cpu_stride=1 producers=3 consumers=2 payload=64 capacity=4194304 batch_size=1 poll_limit=64 published=1500000 delivered=3000000 seconds=0.167292 publish_msg_per_sec=8.96637e+06 delivery_msg_per_sec=1.79327e+07 delivery_mib_per_sec=1094.53 latency_sample_rate=64 latency_samples=46878 latency_p50_ns=7864319 latency_p99_ns=23330815 latency_p999_ns=23592959 latency_max_ns=23761541
LATENCY library=aeron-cpp scenario=mpmc consumer=0 samples=23439 p50_ns=364543 p99_ns=4063231 p999_ns=4521983 max_ns=5254256
LATENCY library=aeron-cpp scenario=mpmc consumer=1 samples=23439 p50_ns=1007615 p99_ns=5046271 p999_ns=5373951 max_ns=5576364
RESULT library=aeron-cpp scenario=mpmc pinning=off cpu_base=-1 cpu_stride=1 term_length=4194304 producers=3 consumers=2 payload=64 published=1500000 delivered=3000000 seconds=0.116322 publish_msg_per_sec=1.28952e+07 delivery_msg_per_sec=2.57905e+07 delivery_mib_per_sec=1574.12 latency_sample_rate=64 latency_samples=46878 latency_p50_ns=729087 latency_p99_ns=4849663 latency_p999_ns=5308415 latency_max_ns=5576364
# measured round=2 producers=3 consumers=2 batch=1
LATENCY library=salias-ipc scenario=fifo consumer=0 samples=23439 p50_ns=219135 p99_ns=13369343 p999_ns=14024703 max_ns=14008109
LATENCY library=salias-ipc scenario=fifo consumer=1 samples=23439 p50_ns=14286847 p99_ns=28835839 p999_ns=29360127 max_ns=29369953
RESULT library=salias-ipc scenario=fifo page=normal pinning=off cpu_base=-1 cpu_stride=1 producers=3 consumers=2 payload=64 capacity=4194304 batch_size=1 poll_limit=64 published=1500000 delivered=3000000 seconds=0.131679 publish_msg_per_sec=1.13914e+07 delivery_msg_per_sec=2.27827e+07 delivery_mib_per_sec=1390.55 latency_sample_rate=64 latency_samples=46878 latency_p50_ns=8650751 latency_p99_ns=28311551 latency_p999_ns=29360127 latency_max_ns=29369953
LATENCY library=aeron-cpp scenario=mpmc consumer=0 samples=23439 p50_ns=999423 p99_ns=3342335 p999_ns=3702783 max_ns=3824805
LATENCY library=aeron-cpp scenario=mpmc consumer=1 samples=23439 p50_ns=22783 p99_ns=3866623 p999_ns=4915199 max_ns=4882014
RESULT library=aeron-cpp scenario=mpmc pinning=off cpu_base=-1 cpu_stride=1 term_length=4194304 producers=3 consumers=2 payload=64 published=1500000 delivered=3000000 seconds=0.0768831 publish_msg_per_sec=1.95101e+07 delivery_msg_per_sec=3.90203e+07 delivery_mib_per_sec=2381.61 latency_sample_rate=64 latency_samples=46878 latency_p50_ns=153599 latency_p99_ns=3506175 latency_p999_ns=4587519 latency_max_ns=4882014
# measured round=3 producers=3 consumers=2 batch=1
LATENCY library=salias-ipc scenario=fifo consumer=0 samples=23439 p50_ns=27262975 p99_ns=29097983 p999_ns=29097983 max_ns=28956191
LATENCY library=salias-ipc scenario=fifo consumer=1 samples=23439 p50_ns=64511 p99_ns=9175039 p999_ns=10485759 max_ns=10539169
RESULT library=salias-ipc scenario=fifo page=normal pinning=off cpu_base=-1 cpu_stride=1 producers=3 consumers=2 payload=64 capacity=4194304 batch_size=1 poll_limit=64 published=1500000 delivered=3000000 seconds=0.215753 publish_msg_per_sec=6.95238e+06 delivery_msg_per_sec=1.39048e+07 delivery_mib_per_sec=848.679 latency_sample_rate=64 latency_samples=46878 latency_p50_ns=7077887 latency_p99_ns=28835839 latency_p999_ns=29097983 latency_max_ns=28956191
LATENCY library=aeron-cpp scenario=mpmc consumer=0 samples=23439 p50_ns=1179647 p99_ns=4653055 p999_ns=5570559 max_ns=5829524
LATENCY library=aeron-cpp scenario=mpmc consumer=1 samples=23439 p50_ns=4671 p99_ns=5701631 p999_ns=6684671 max_ns=6714008
RESULT library=aeron-cpp scenario=mpmc pinning=off cpu_base=-1 cpu_stride=1 term_length=4194304 producers=3 consumers=2 payload=64 published=1500000 delivered=3000000 seconds=0.0863304 publish_msg_per_sec=1.73751e+07 delivery_msg_per_sec=3.47502e+07 delivery_mib_per_sec=2120.98 latency_sample_rate=64 latency_samples=46878 latency_p50_ns=239615 latency_p99_ns=4784127 latency_p999_ns=6029311 latency_max_ns=6714008
# measured round=4 producers=3 consumers=2 batch=1
LATENCY library=salias-ipc scenario=fifo consumer=0 samples=23439 p50_ns=26738687 p99_ns=29360127 p999_ns=29884415 max_ns=29762046
LATENCY library=salias-ipc scenario=fifo consumer=1 samples=23439 p50_ns=198655 p99_ns=16646143 p999_ns=17301503 max_ns=17187402
RESULT library=salias-ipc scenario=fifo page=normal pinning=off cpu_base=-1 cpu_stride=1 producers=3 consumers=2 payload=64 capacity=4194304 batch_size=1 poll_limit=64 published=1500000 delivered=3000000 seconds=0.21462 publish_msg_per_sec=6.9891e+06 delivery_msg_per_sec=1.39782e+07 delivery_mib_per_sec=853.161 latency_sample_rate=64 latency_samples=46878 latency_p50_ns=11665407 latency_p99_ns=29360127 latency_p999_ns=29622271 latency_max_ns=29762046
LATENCY library=aeron-cpp scenario=mpmc consumer=0 samples=23439 p50_ns=1146879 p99_ns=5111807 p999_ns=5636095 max_ns=5936540
LATENCY library=aeron-cpp scenario=mpmc consumer=1 samples=23439 p50_ns=210943 p99_ns=4456447 p999_ns=5177343 max_ns=5175623
RESULT library=aeron-cpp scenario=mpmc pinning=off cpu_base=-1 cpu_stride=1 term_length=4194304 producers=3 consumers=2 payload=64 published=1500000 delivered=3000000 seconds=0.0797783 publish_msg_per_sec=1.88021e+07 delivery_msg_per_sec=3.76042e+07 delivery_mib_per_sec=2295.18 latency_sample_rate=64 latency_samples=46878 latency_p50_ns=405503 latency_p99_ns=5046271 latency_p999_ns=5570559 latency_max_ns=5936540
# measured round=5 producers=3 consumers=2 batch=1
LATENCY library=salias-ipc scenario=fifo consumer=0 samples=23439 p50_ns=7340031 p99_ns=15728639 p999_ns=17039359 max_ns=16909710
LATENCY library=salias-ipc scenario=fifo consumer=1 samples=23439 p50_ns=12582911 p99_ns=18874367 p999_ns=19398655 max_ns=19623699
RESULT library=salias-ipc scenario=fifo page=normal pinning=off cpu_base=-1 cpu_stride=1 producers=3 consumers=2 payload=64 capacity=4194304 batch_size=1 poll_limit=64 published=1500000 delivered=3000000 seconds=0.11262 publish_msg_per_sec=1.33191e+07 delivery_msg_per_sec=2.66383e+07 delivery_mib_per_sec=1625.87 latency_sample_rate=64 latency_samples=46878 latency_p50_ns=10485759 latency_p99_ns=18087935 latency_p999_ns=19398655 latency_max_ns=19623699
LATENCY library=aeron-cpp scenario=mpmc consumer=0 samples=23439 p50_ns=884735 p99_ns=3080191 p999_ns=3506175 max_ns=3893134
LATENCY library=aeron-cpp scenario=mpmc consumer=1 samples=23439 p50_ns=6207 p99_ns=491519 p999_ns=589823 max_ns=618758
RESULT library=aeron-cpp scenario=mpmc pinning=off cpu_base=-1 cpu_stride=1 term_length=4194304 producers=3 consumers=2 payload=64 published=1500000 delivered=3000000 seconds=0.0806165 publish_msg_per_sec=1.86066e+07 delivery_msg_per_sec=3.72132e+07 delivery_mib_per_sec=2271.31 latency_sample_rate=64 latency_samples=46878 latency_p50_ns=37887 latency_p99_ns=2981887 latency_p999_ns=3440639 latency_max_ns=3893134
# case producers=3 consumers=2 batch=16
# warmup round=1 producers=3 consumers=2 batch=16
# warmup round=2 producers=3 consumers=2 batch=16
# measured round=1 producers=3 consumers=2 batch=16
LATENCY library=salias-ipc scenario=fifo consumer=0 samples=23439 p50_ns=2080767 p99_ns=11403263 p999_ns=11665407 max_ns=11686074
LATENCY library=salias-ipc scenario=fifo consumer=1 samples=23439 p50_ns=14680063 p99_ns=15204351 p999_ns=15335423 max_ns=15302194
RESULT library=salias-ipc scenario=fifo page=normal pinning=off cpu_base=-1 cpu_stride=1 producers=3 consumers=2 payload=64 capacity=4194304 batch_size=16 poll_limit=64 published=1500000 delivered=3000000 seconds=0.11889 publish_msg_per_sec=1.26167e+07 delivery_msg_per_sec=2.52334e+07 delivery_mib_per_sec=1540.12 latency_sample_rate=64 latency_samples=46878 latency_p50_ns=9043967 latency_p99_ns=15204351 latency_p999_ns=15335423 latency_max_ns=15302194
LATENCY library=aeron-cpp scenario=mpmc consumer=0 samples=23439 p50_ns=1807 p99_ns=206847 p999_ns=311295 max_ns=328074
LATENCY library=aeron-cpp scenario=mpmc consumer=1 samples=23439 p50_ns=1523711 p99_ns=5046271 p999_ns=5898239 max_ns=5944461
RESULT library=aeron-cpp scenario=mpmc pinning=off cpu_base=-1 cpu_stride=1 term_length=4194304 producers=3 consumers=2 payload=64 published=1500000 delivered=3000000 seconds=0.0888578 publish_msg_per_sec=1.68809e+07 delivery_msg_per_sec=3.37618e+07 delivery_mib_per_sec=2060.66 latency_sample_rate=64 latency_samples=46878 latency_p50_ns=55295 latency_p99_ns=4784127 latency_p999_ns=5832703 latency_max_ns=5944461
# measured round=2 producers=3 consumers=2 batch=16
LATENCY library=salias-ipc scenario=fifo consumer=0 samples=23439 p50_ns=29622271 p99_ns=31719423 p999_ns=32505855 max_ns=32963093
LATENCY library=salias-ipc scenario=fifo consumer=1 samples=23439 p50_ns=51199 p99_ns=9830399 p999_ns=10747903 max_ns=10770357
RESULT library=salias-ipc scenario=fifo page=normal pinning=off cpu_base=-1 cpu_stride=1 producers=3 consumers=2 payload=64 capacity=4194304 batch_size=16 poll_limit=64 published=1500000 delivered=3000000 seconds=0.233916 publish_msg_per_sec=6.41256e+06 delivery_msg_per_sec=1.28251e+07 delivery_mib_per_sec=782.783 latency_sample_rate=64 latency_samples=46878 latency_p50_ns=7995391 latency_p99_ns=31457279 latency_p999_ns=32505855 latency_max_ns=32963093
LATENCY library=aeron-cpp scenario=mpmc consumer=0 samples=23439 p50_ns=1556479 p99_ns=5177343 p999_ns=5636095 max_ns=5953275
LATENCY library=aeron-cpp scenario=mpmc consumer=1 samples=23439 p50_ns=1556479 p99_ns=5570559 p999_ns=5832703 max_ns=6948588
RESULT library=aeron-cpp scenario=mpmc pinning=off cpu_base=-1 cpu_stride=1 term_length=4194304 producers=3 consumers=2 payload=64 published=1500000 delivered=3000000 seconds=0.0938138 publish_msg_per_sec=1.59891e+07 delivery_msg_per_sec=3.19782e+07 delivery_mib_per_sec=1951.8 latency_sample_rate=64 latency_samples=46878 latency_p50_ns=1556479 latency_p99_ns=5242879 latency_p999_ns=5832703 latency_max_ns=6948588
# measured round=3 producers=3 consumers=2 batch=16
LATENCY library=salias-ipc scenario=fifo consumer=0 samples=23439 p50_ns=135167 p99_ns=9961471 p999_ns=10747903 max_ns=10705680
LATENCY library=salias-ipc scenario=fifo consumer=1 samples=23439 p50_ns=18087935 p99_ns=20971519 p999_ns=21495807 max_ns=21401193
RESULT library=salias-ipc scenario=fifo page=normal pinning=off cpu_base=-1 cpu_stride=1 producers=3 consumers=2 payload=64 capacity=4194304 batch_size=16 poll_limit=64 published=1500000 delivered=3000000 seconds=0.1509 publish_msg_per_sec=9.94036e+06 delivery_msg_per_sec=1.98807e+07 delivery_mib_per_sec=1213.42 latency_sample_rate=64 latency_samples=46878 latency_p50_ns=6225919 latency_p99_ns=20709375 latency_p999_ns=21233663 latency_max_ns=21401193
LATENCY library=aeron-cpp scenario=mpmc consumer=0 samples=23439 p50_ns=2655 p99_ns=282623 p999_ns=421887 max_ns=454646
LATENCY library=aeron-cpp scenario=mpmc consumer=1 samples=23439 p50_ns=1310719 p99_ns=4521983 p999_ns=5701631 max_ns=5736832
RESULT library=aeron-cpp scenario=mpmc pinning=off cpu_base=-1 cpu_stride=1 term_length=4194304 producers=3 consumers=2 payload=64 published=1500000 delivered=3000000 seconds=0.0843539 publish_msg_per_sec=1.77822e+07 delivery_msg_per_sec=3.55645e+07 delivery_mib_per_sec=2170.68 latency_sample_rate=64 latency_samples=46878 latency_p50_ns=84991 latency_p99_ns=4325375 latency_p999_ns=5570559 latency_max_ns=5736832
# measured round=4 producers=3 consumers=2 batch=16
LATENCY library=salias-ipc scenario=fifo consumer=0 samples=23439 p50_ns=69631 p99_ns=9043967 p999_ns=9699327 max_ns=9646066
LATENCY library=salias-ipc scenario=fifo consumer=1 samples=23439 p50_ns=15859711 p99_ns=17039359 p999_ns=17301503 max_ns=17075155
RESULT library=salias-ipc scenario=fifo page=normal pinning=off cpu_base=-1 cpu_stride=1 producers=3 consumers=2 payload=64 capacity=4194304 batch_size=16 poll_limit=64 published=1500000 delivered=3000000 seconds=0.128902 publish_msg_per_sec=1.16367e+07 delivery_msg_per_sec=2.32735e+07 delivery_mib_per_sec=1420.5 latency_sample_rate=64 latency_samples=46878 latency_p50_ns=7012351 latency_p99_ns=17039359 latency_p999_ns=17301503 latency_max_ns=17075155
LATENCY library=aeron-cpp scenario=mpmc consumer=0 samples=23439 p50_ns=1261567 p99_ns=4653055 p999_ns=5505023 max_ns=5611995
LATENCY library=aeron-cpp scenario=mpmc consumer=1 samples=23439 p50_ns=53759 p99_ns=3112959 p999_ns=3407871 max_ns=3448402
RESULT library=aeron-cpp scenario=mpmc pinning=off cpu_base=-1 cpu_stride=1 term_length=4194304 producers=3 consumers=2 payload=64 published=1500000 delivered=3000000 seconds=0.0847437 publish_msg_per_sec=1.77004e+07 delivery_msg_per_sec=3.54008e+07 delivery_mib_per_sec=2160.7 latency_sample_rate=64 latency_samples=46878 latency_p50_ns=278527 latency_p99_ns=4456447 latency_p999_ns=5373951 latency_max_ns=5611995
# measured round=5 producers=3 consumers=2 batch=16
LATENCY library=salias-ipc scenario=fifo consumer=0 samples=23439 p50_ns=188415 p99_ns=11534335 p999_ns=12845055 max_ns=12904573
LATENCY library=salias-ipc scenario=fifo consumer=1 samples=23439 p50_ns=19922943 p99_ns=23068671 p999_ns=23855103 max_ns=23753905
RESULT library=salias-ipc scenario=fifo page=normal pinning=off cpu_base=-1 cpu_stride=1 producers=3 consumers=2 payload=64 capacity=4194304 batch_size=16 poll_limit=64 published=1500000 delivered=3000000 seconds=0.15983 publish_msg_per_sec=9.38497e+06 delivery_msg_per_sec=1.87699e+07 delivery_mib_per_sec=1145.63 latency_sample_rate=64 latency_samples=46878 latency_p50_ns=7536639 latency_p99_ns=22544383 latency_p999_ns=23855103 latency_max_ns=23753905
LATENCY library=aeron-cpp scenario=mpmc consumer=0 samples=23439 p50_ns=1884159 p99_ns=6094847 p999_ns=6684671 max_ns=7495535
LATENCY library=aeron-cpp scenario=mpmc consumer=1 samples=23439 p50_ns=274431 p99_ns=2195455 p999_ns=2326527 max_ns=2328656
RESULT library=aeron-cpp scenario=mpmc pinning=off cpu_base=-1 cpu_stride=1 term_length=4194304 producers=3 consumers=2 payload=64 published=1500000 delivered=3000000 seconds=0.0916392 publish_msg_per_sec=1.63685e+07 delivery_msg_per_sec=3.27371e+07 delivery_mib_per_sec=1998.11 latency_sample_rate=64 latency_samples=46878 latency_p50_ns=827391 latency_p99_ns=5701631 latency_p999_ns=6356991 latency_max_ns=7495535
# case producers=2 consumers=3 batch=1
# warmup round=1 producers=2 consumers=3 batch=1
# warmup round=2 producers=2 consumers=3 batch=1
# measured round=1 producers=2 consumers=3 batch=1
LATENCY library=salias-ipc scenario=fifo consumer=0 samples=15626 p50_ns=151551 p99_ns=3375103 p999_ns=3506175 max_ns=3503474
LATENCY library=salias-ipc scenario=fifo consumer=1 samples=15626 p50_ns=217087 p99_ns=1277951 p999_ns=1441791 max_ns=1583479
LATENCY library=salias-ipc scenario=fifo consumer=2 samples=15626 p50_ns=5759 p99_ns=143359 p999_ns=186367 max_ns=240315
RESULT library=salias-ipc scenario=fifo page=normal pinning=off cpu_base=-1 cpu_stride=1 producers=2 consumers=3 payload=64 capacity=4194304 batch_size=1 poll_limit=64 published=1000000 delivered=3000000 seconds=0.0933112 publish_msg_per_sec=1.07168e+07 delivery_msg_per_sec=3.21505e+07 delivery_mib_per_sec=1962.31 latency_sample_rate=64 latency_samples=46878 latency_p50_ns=80895 latency_p99_ns=2818047 latency_p999_ns=3473407 latency_max_ns=3503474
LATENCY library=aeron-cpp scenario=mpmc consumer=0 samples=15626 p50_ns=802815 p99_ns=2818047 p999_ns=3538943 max_ns=3545937
LATENCY library=aeron-cpp scenario=mpmc consumer=1 samples=15626 p50_ns=892927 p99_ns=3014655 p999_ns=3080191 max_ns=3236951
LATENCY library=aeron-cpp scenario=mpmc consumer=2 samples=15626 p50_ns=282623 p99_ns=2064383 p999_ns=2293759 max_ns=2309368
RESULT library=aeron-cpp scenario=mpmc pinning=off cpu_base=-1 cpu_stride=1 term_length=4194304 producers=2 consumers=3 payload=64 published=1000000 delivered=3000000 seconds=0.0616533 publish_msg_per_sec=1.62197e+07 delivery_msg_per_sec=4.86592e+07 delivery_mib_per_sec=2969.92 latency_sample_rate=64 latency_samples=46878 latency_p50_ns=598015 latency_p99_ns=2949119 latency_p999_ns=3375103 latency_max_ns=3545937
# measured round=2 producers=2 consumers=3 batch=1
LATENCY library=salias-ipc scenario=fifo consumer=0 samples=15626 p50_ns=8650751 p99_ns=13238271 p999_ns=13631487 max_ns=13617085
LATENCY library=salias-ipc scenario=fifo consumer=1 samples=15626 p50_ns=16895 p99_ns=5570559 p999_ns=5832703 max_ns=5850084
LATENCY library=salias-ipc scenario=fifo consumer=2 samples=15626 p50_ns=3506175 p99_ns=9437183 p999_ns=9699327 max_ns=9775339
RESULT library=salias-ipc scenario=fifo page=normal pinning=off cpu_base=-1 cpu_stride=1 producers=2 consumers=3 payload=64 capacity=4194304 batch_size=1 poll_limit=64 published=1000000 delivered=3000000 seconds=0.0908187 publish_msg_per_sec=1.10109e+07 delivery_msg_per_sec=3.30328e+07 delivery_mib_per_sec=2016.16 latency_sample_rate=64 latency_samples=46878 latency_p50_ns=3112959 latency_p99_ns=12845055 latency_p999_ns=13631487 latency_max_ns=13617085
LATENCY library=aeron-cpp scenario=mpmc consumer=0 samples=15626 p50_ns=511999 p99_ns=2228223 p999_ns=2293759 max_ns=2506998
LATENCY library=aeron-cpp scenario=mpmc consumer=1 samples=15626 p50_ns=53759 p99_ns=1916927 p999_ns=2162687 max_ns=2165773
LATENCY library=aeron-cpp scenario=mpmc consumer=2 samples=15626 p50_ns=745471 p99_ns=3080191 p999_ns=3342335 max_ns=3336385
RESULT library=aeron-cpp scenario=mpmc pinning=off cpu_base=-1 cpu_stride=1 term_length=4194304 producers=2 consumers=3 payload=64 published=1000000 delivered=3000000 seconds=0.0591144 publish_msg_per_sec=1.69163e+07 delivery_msg_per_sec=5.0749e+07 delivery_mib_per_sec=3097.48 latency_sample_rate=64 latency_samples=46878 latency_p50_ns=503807 latency_p99_ns=2359295 latency_p999_ns=3211263 latency_max_ns=3336385
# measured round=3 producers=2 consumers=3 batch=1
LATENCY library=salias-ipc scenario=fifo consumer=0 samples=15626 p50_ns=413695 p99_ns=5242879 p999_ns=5570559 max_ns=5694640
LATENCY library=salias-ipc scenario=fifo consumer=1 samples=15626 p50_ns=14024703 p99_ns=17825791 p999_ns=18087935 max_ns=17896145
LATENCY library=salias-ipc scenario=fifo consumer=2 samples=15626 p50_ns=2883583 p99_ns=9568255 p999_ns=11403263 max_ns=11310015
RESULT library=salias-ipc scenario=fifo page=normal pinning=off cpu_base=-1 cpu_stride=1 producers=2 consumers=3 payload=64 capacity=4194304 batch_size=1 poll_limit=64 published=1000000 delivered=3000000 seconds=0.124418 publish_msg_per_sec=8.03744e+06 delivery_msg_per_sec=2.41123e+07 delivery_mib_per_sec=1471.7 latency_sample_rate=64 latency_samples=46878 latency_p50_ns=3080191 latency_p99_ns=17039359 latency_p999_ns=18087935 latency_max_ns=17896145
LATENCY library=aeron-cpp scenario=mpmc consumer=0 samples=15626 p50_ns=606207 p99_ns=1851391 p999_ns=2359295 max_ns=2448867
LATENCY library=aeron-cpp scenario=mpmc consumer=1 samples=15626 p50_ns=4735 p99_ns=835583 p999_ns=1146879 max_ns=1175836
LATENCY library=aeron-cpp scenario=mpmc consumer=2 samples=15626 p50_ns=233 p99_ns=49151 p999_ns=178175 max_ns=256188
RESULT library=aeron-cpp scenario=mpmc pinning=off cpu_base=-1 cpu_stride=1 term_length=4194304 producers=2 consumers=3 payload=64 published=1000000 delivered=3000000 seconds=0.0746254 publish_msg_per_sec=1.34003e+07 delivery_msg_per_sec=4.02008e+07 delivery_mib_per_sec=2453.66 latency_sample_rate=64 latency_samples=46878 latency_p50_ns=5887 latency_p99_ns=1769471 latency_p999_ns=2260991 latency_max_ns=2448867
# measured round=4 producers=2 consumers=3 batch=1
LATENCY library=salias-ipc scenario=fifo consumer=0 samples=15626 p50_ns=360447 p99_ns=4784127 p999_ns=4915199 max_ns=4884765
LATENCY library=salias-ipc scenario=fifo consumer=1 samples=15626 p50_ns=303103 p99_ns=5767167 p999_ns=6160383 max_ns=6151093
LATENCY library=salias-ipc scenario=fifo consumer=2 samples=15626 p50_ns=11272191 p99_ns=14811135 p999_ns=14811135 max_ns=15718725
RESULT library=salias-ipc scenario=fifo page=normal pinning=off cpu_base=-1 cpu_stride=1 producers=2 consumers=3 payload=64 capacity=4194304 batch_size=1 poll_limit=64 published=1000000 delivered=3000000 seconds=0.103992 publish_msg_per_sec=9.61614e+06 delivery_msg_per_sec=2.88484e+07 delivery_mib_per_sec=1760.77 latency_sample_rate=64 latency_samples=46878 latency_p50_ns=1163263 latency_p99_ns=14286847 latency_p999_ns=14811135 latency_max_ns=15718725
LATENCY library=aeron-cpp scenario=mpmc consumer=0 samples=15626 p50_ns=11775 p99_ns=368639 p999_ns=466943 max_ns=548952
LATENCY library=aeron-cpp scenario=mpmc consumer=1 samples=15626 p50_ns=655359 p99_ns=1785855 p999_ns=2228223 max_ns=2314357
LATENCY library=aeron-cpp scenario=mpmc consumer=2 samples=15626 p50_ns=291 p99_ns=75775 p999_ns=107519 max_ns=115764
RESULT library=aeron-cpp scenario=mpmc pinning=off cpu_base=-1 cpu_stride=1 term_length=4194304 producers=2 consumers=3 payload=64 published=1000000 delivered=3000000 seconds=0.067461 publish_msg_per_sec=1.48234e+07 delivery_msg_per_sec=4.44701e+07 delivery_mib_per_sec=2714.24 latency_sample_rate=64 latency_samples=46878 latency_p50_ns=16639 latency_p99_ns=1556479 latency_p999_ns=2129919 latency_max_ns=2314357
# measured round=5 producers=2 consumers=3 batch=1
LATENCY library=salias-ipc scenario=fifo consumer=0 samples=15626 p50_ns=688127 p99_ns=4849663 p999_ns=5570559 max_ns=5644941
LATENCY library=salias-ipc scenario=fifo consumer=1 samples=15626 p50_ns=450559 p99_ns=5373951 p999_ns=5570559 max_ns=5648850
LATENCY library=salias-ipc scenario=fifo consumer=2 samples=15626 p50_ns=11534335 p99_ns=15466495 p999_ns=15859711 max_ns=15785815
RESULT library=salias-ipc scenario=fifo page=normal pinning=off cpu_base=-1 cpu_stride=1 producers=2 consumers=3 payload=64 capacity=4194304 batch_size=1 poll_limit=64 published=1000000 delivered=3000000 seconds=0.107698 publish_msg_per_sec=9.28522e+06 delivery_msg_per_sec=2.78557e+07 delivery_mib_per_sec=1700.17 latency_sample_rate=64 latency_samples=46878 latency_p50_ns=1228799 latency_p99_ns=14680063 latency_p999_ns=15859711 latency_max_ns=15785815
LATENCY library=aeron-cpp scenario=mpmc consumer=0 samples=15626 p50_ns=819199 p99_ns=3866623 p999_ns=6225919 max_ns=6234592
LATENCY library=aeron-cpp scenario=mpmc consumer=1 samples=15626 p50_ns=115711 p99_ns=2686975 p999_ns=4980735 max_ns=5341926
LATENCY library=aeron-cpp scenario=mpmc consumer=2 samples=15626 p50_ns=1855 p99_ns=3702783 p999_ns=3932159 max_ns=4256995
RESULT library=aeron-cpp scenario=mpmc pinning=off cpu_base=-1 cpu_stride=1 term_length=4194304 producers=2 consumers=3 payload=64 published=1000000 delivered=3000000 seconds=0.0842864 publish_msg_per_sec=1.18643e+07 delivery_msg_per_sec=3.55929e+07 delivery_mib_per_sec=2172.42 latency_sample_rate=64 latency_samples=46878 latency_p50_ns=161791 latency_p99_ns=3801087 latency_p999_ns=5308415 latency_max_ns=6234592
# case producers=2 consumers=3 batch=16
# warmup round=1 producers=2 consumers=3 batch=16
# warmup round=2 producers=2 consumers=3 batch=16
# measured round=1 producers=2 consumers=3 batch=16
LATENCY library=salias-ipc scenario=fifo consumer=0 samples=15626 p50_ns=12845055 p99_ns=14024703 p999_ns=14286847 max_ns=14191154
LATENCY library=salias-ipc scenario=fifo consumer=1 samples=15626 p50_ns=19967 p99_ns=2785279 p999_ns=3112959 max_ns=3107255
LATENCY library=salias-ipc scenario=fifo consumer=2 samples=15626 p50_ns=109567 p99_ns=6422527 p999_ns=6684671 max_ns=6737911
RESULT library=salias-ipc scenario=fifo page=normal pinning=off cpu_base=-1 cpu_stride=1 producers=2 consumers=3 payload=64 capacity=4194304 batch_size=16 poll_limit=64 published=1000000 delivered=3000000 seconds=0.106504 publish_msg_per_sec=9.38936e+06 delivery_msg_per_sec=2.81681e+07 delivery_mib_per_sec=1719.24 latency_sample_rate=64 latency_samples=46878 latency_p50_ns=274431 latency_p99_ns=13893631 latency_p999_ns=14155775 latency_max_ns=14191154
LATENCY library=aeron-cpp scenario=mpmc consumer=0 samples=15626 p50_ns=184319 p99_ns=811007 p999_ns=876543 max_ns=879372
LATENCY library=aeron-cpp scenario=mpmc consumer=1 samples=15626 p50_ns=958463 p99_ns=2031615 p999_ns=2129919 max_ns=2142318
LATENCY library=aeron-cpp scenario=mpmc consumer=2 samples=15626 p50_ns=1199 p99_ns=630783 p999_ns=770047 max_ns=820301
RESULT library=aeron-cpp scenario=mpmc pinning=off cpu_base=-1 cpu_stride=1 term_length=4194304 producers=2 consumers=3 payload=64 published=1000000 delivered=3000000 seconds=0.0694063 publish_msg_per_sec=1.44079e+07 delivery_msg_per_sec=4.32238e+07 delivery_mib_per_sec=2638.17 latency_sample_rate=64 latency_samples=46878 latency_p50_ns=184319 latency_p99_ns=1736703 latency_p999_ns=2080767 latency_max_ns=2142318
# measured round=2 producers=2 consumers=3 batch=16
LATENCY library=salias-ipc scenario=fifo consumer=0 samples=15626 p50_ns=14417919 p99_ns=15728639 p999_ns=15990783 max_ns=15901953
LATENCY library=salias-ipc scenario=fifo consumer=1 samples=15626 p50_ns=35327 p99_ns=3244031 p999_ns=3571711 max_ns=3577813
LATENCY library=salias-ipc scenario=fifo consumer=2 samples=15626 p50_ns=19455 p99_ns=2064383 p999_ns=2326527 max_ns=2331439
RESULT library=salias-ipc scenario=fifo page=normal pinning=off cpu_base=-1 cpu_stride=1 producers=2 consumers=3 payload=64 capacity=4194304 batch_size=16 poll_limit=64 published=1000000 delivered=3000000 seconds=0.118372 publish_msg_per_sec=8.44797e+06 delivery_msg_per_sec=2.53439e+07 delivery_mib_per_sec=1546.87 latency_sample_rate=64 latency_samples=46878 latency_p50_ns=101375 latency_p99_ns=15466495 latency_p999_ns=15859711 latency_max_ns=15901953
LATENCY library=aeron-cpp scenario=mpmc consumer=0 samples=15626 p50_ns=413695 p99_ns=1916927 p999_ns=2359295 max_ns=2472434
LATENCY library=aeron-cpp scenario=mpmc consumer=1 samples=15626 p50_ns=21247 p99_ns=598015 p999_ns=835583 max_ns=941773
LATENCY library=aeron-cpp scenario=mpmc consumer=2 samples=15626 p50_ns=614399 p99_ns=1720319 p999_ns=1802239 max_ns=1801658
RESULT library=aeron-cpp scenario=mpmc pinning=off cpu_base=-1 cpu_stride=1 term_length=4194304 producers=2 consumers=3 payload=64 published=1000000 delivered=3000000 seconds=0.0653737 publish_msg_per_sec=1.52967e+07 delivery_msg_per_sec=4.589e+07 delivery_mib_per_sec=2800.9 latency_sample_rate=64 latency_samples=46878 latency_p50_ns=178175 latency_p99_ns=1802239 latency_p999_ns=1998847 latency_max_ns=2472434
# measured round=3 producers=2 consumers=3 batch=16
LATENCY library=salias-ipc scenario=fifo consumer=0 samples=15626 p50_ns=14548991 p99_ns=15990783 p999_ns=16121855 max_ns=16435633
LATENCY library=salias-ipc scenario=fifo consumer=1 samples=15626 p50_ns=77823 p99_ns=4653055 p999_ns=5505023 max_ns=5514520
LATENCY library=salias-ipc scenario=fifo consumer=2 samples=15626 p50_ns=21247 p99_ns=2326527 p999_ns=2818047 max_ns=2878038
RESULT library=salias-ipc scenario=fifo page=normal pinning=off cpu_base=-1 cpu_stride=1 producers=2 consumers=3 payload=64 capacity=4194304 batch_size=16 poll_limit=64 published=1000000 delivered=3000000 seconds=0.118987 publish_msg_per_sec=8.40425e+06 delivery_msg_per_sec=2.52128e+07 delivery_mib_per_sec=1538.86 latency_sample_rate=64 latency_samples=46878 latency_p50_ns=204799 latency_p99_ns=15728639 latency_p999_ns=16121855 latency_max_ns=16435633
LATENCY library=aeron-cpp scenario=mpmc consumer=0 samples=15626 p50_ns=696319 p99_ns=2457599 p999_ns=2588671 max_ns=2650831
LATENCY library=aeron-cpp scenario=mpmc consumer=1 samples=15626 p50_ns=62463 p99_ns=2686975 p999_ns=3112959 max_ns=3109142
LATENCY library=aeron-cpp scenario=mpmc consumer=2 samples=15626 p50_ns=221183 p99_ns=2916351 p999_ns=3604479 max_ns=3590607
RESULT library=aeron-cpp scenario=mpmc pinning=off cpu_base=-1 cpu_stride=1 term_length=4194304 producers=2 consumers=3 payload=64 published=1000000 delivered=3000000 seconds=0.0681291 publish_msg_per_sec=1.4678e+07 delivery_msg_per_sec=4.4034e+07 delivery_mib_per_sec=2687.63 latency_sample_rate=64 latency_samples=46878 latency_p50_ns=409599 latency_p99_ns=2654207 latency_p999_ns=3506175 latency_max_ns=3590607
# measured round=4 producers=2 consumers=3 batch=16
LATENCY library=salias-ipc scenario=fifo consumer=0 samples=15626 p50_ns=376831 p99_ns=7274495 p999_ns=7798783 max_ns=7798848
LATENCY library=salias-ipc scenario=fifo consumer=1 samples=15626 p50_ns=466943 p99_ns=6094847 p999_ns=6619135 max_ns=6653085
LATENCY library=salias-ipc scenario=fifo consumer=2 samples=15626 p50_ns=11141119 p99_ns=14417919 p999_ns=15335423 max_ns=15459869
RESULT library=salias-ipc scenario=fifo page=normal pinning=off cpu_base=-1 cpu_stride=1 producers=2 consumers=3 payload=64 capacity=4194304 batch_size=16 poll_limit=64 published=1000000 delivered=3000000 seconds=0.103504 publish_msg_per_sec=9.6615e+06 delivery_msg_per_sec=2.89845e+07 delivery_mib_per_sec=1769.07 latency_sample_rate=64 latency_samples=46878 latency_p50_ns=1114111 latency_p99_ns=14286847 latency_p999_ns=15335423 latency_max_ns=15459869
LATENCY library=aeron-cpp scenario=mpmc consumer=0 samples=15626 p50_ns=115711 p99_ns=4325375 p999_ns=5570559 max_ns=5645521
LATENCY library=aeron-cpp scenario=mpmc consumer=1 samples=15626 p50_ns=41983 p99_ns=983039 p999_ns=1196031 max_ns=1205729
LATENCY library=aeron-cpp scenario=mpmc consumer=2 samples=15626 p50_ns=2490367 p99_ns=6356991 p999_ns=6946815 max_ns=7153033
RESULT library=aeron-cpp scenario=mpmc pinning=off cpu_base=-1 cpu_stride=1 term_length=4194304 producers=2 consumers=3 payload=64 published=1000000 delivered=3000000 seconds=0.0925494 publish_msg_per_sec=1.0805e+07 delivery_msg_per_sec=3.24151e+07 delivery_mib_per_sec=1978.46 latency_sample_rate=64 latency_samples=46878 latency_p50_ns=208895 latency_p99_ns=5963775 latency_p999_ns=6619135 latency_max_ns=7153033
# measured round=5 producers=2 consumers=3 batch=16
LATENCY library=salias-ipc scenario=fifo consumer=0 samples=15626 p50_ns=108543 p99_ns=3309567 p999_ns=3735551 max_ns=3756814
LATENCY library=salias-ipc scenario=fifo consumer=1 samples=15626 p50_ns=147455 p99_ns=3735551 p999_ns=4325375 max_ns=4345904
LATENCY library=salias-ipc scenario=fifo consumer=2 samples=15626 p50_ns=7602175 p99_ns=16383999 p999_ns=16646143 max_ns=16573428
RESULT library=salias-ipc scenario=fifo page=normal pinning=off cpu_base=-1 cpu_stride=1 producers=2 consumers=3 payload=64 capacity=4194304 batch_size=16 poll_limit=64 published=1000000 delivered=3000000 seconds=0.111633 publish_msg_per_sec=8.95796e+06 delivery_msg_per_sec=2.68739e+07 delivery_mib_per_sec=1640.25 latency_sample_rate=64 latency_samples=46878 latency_p50_ns=446463 latency_p99_ns=15990783 latency_p999_ns=16515071 latency_max_ns=16573428
LATENCY library=aeron-cpp scenario=mpmc consumer=0 samples=15626 p50_ns=81919 p99_ns=1179647 p999_ns=1474559 max_ns=1479414
LATENCY library=aeron-cpp scenario=mpmc consumer=1 samples=15626 p50_ns=647167 p99_ns=1884159 p999_ns=1966079 max_ns=1966801
LATENCY library=aeron-cpp scenario=mpmc consumer=2 samples=15626 p50_ns=395 p99_ns=133119 p999_ns=745471 max_ns=768808
RESULT library=aeron-cpp scenario=mpmc pinning=off cpu_base=-1 cpu_stride=1 term_length=4194304 producers=2 consumers=3 payload=64 published=1000000 delivered=3000000 seconds=0.0766052 publish_msg_per_sec=1.30539e+07 delivery_msg_per_sec=3.91618e+07 delivery_mib_per_sec=2390.25 latency_sample_rate=64 latency_samples=46878 latency_p50_ns=67583 latency_p99_ns=1736703 latency_p999_ns=1966079 latency_max_ns=1966801
# case producers=3 consumers=3 batch=1
# warmup round=1 producers=3 consumers=3 batch=1
# warmup round=2 producers=3 consumers=3 batch=1
# measured round=1 producers=3 consumers=3 batch=1
LATENCY library=salias-ipc scenario=fifo consumer=0 samples=23439 p50_ns=75775 p99_ns=8060927 p999_ns=8650751 max_ns=8816775
LATENCY library=salias-ipc scenario=fifo consumer=1 samples=23439 p50_ns=1245183 p99_ns=15728639 p999_ns=17039359 max_ns=17548018
LATENCY library=salias-ipc scenario=fifo consumer=2 samples=23439 p50_ns=25952255 p99_ns=28311551 p999_ns=28573695 max_ns=28995017
RESULT library=salias-ipc scenario=fifo page=normal pinning=off cpu_base=-1 cpu_stride=1 producers=3 consumers=3 payload=64 capacity=4194304 batch_size=1 poll_limit=64 published=1500000 delivered=4500000 seconds=0.210865 publish_msg_per_sec=7.11354e+06 delivery_msg_per_sec=2.13406e+07 delivery_mib_per_sec=1302.53 latency_sample_rate=64 latency_samples=70317 latency_p50_ns=2457599 latency_p99_ns=27787263 latency_p999_ns=28311551 latency_max_ns=28995017
LATENCY library=aeron-cpp scenario=mpmc consumer=0 samples=23439 p50_ns=3039 p99_ns=4161535 p999_ns=6160383 max_ns=6175798
LATENCY library=aeron-cpp scenario=mpmc consumer=1 samples=23439 p50_ns=6719 p99_ns=1179647 p999_ns=1343487 max_ns=1367992
LATENCY library=aeron-cpp scenario=mpmc consumer=2 samples=23439 p50_ns=729087 p99_ns=3702783 p999_ns=4390911 max_ns=5081403
RESULT library=aeron-cpp scenario=mpmc pinning=off cpu_base=-1 cpu_stride=1 term_length=4194304 producers=3 consumers=3 payload=64 published=1500000 delivered=4500000 seconds=0.128981 publish_msg_per_sec=1.16296e+07 delivery_msg_per_sec=3.48889e+07 delivery_mib_per_sec=2129.45 latency_sample_rate=64 latency_samples=70317 latency_p50_ns=33791 latency_p99_ns=3538943 latency_p999_ns=4980735 latency_max_ns=6175798
# measured round=2 producers=3 consumers=3 batch=1
LATENCY library=salias-ipc scenario=fifo consumer=0 samples=23439 p50_ns=13238271 p99_ns=26476543 p999_ns=26738687 max_ns=26800291
LATENCY library=salias-ipc scenario=fifo consumer=1 samples=23439 p50_ns=299007 p99_ns=6946815 p999_ns=9175039 max_ns=9324815
LATENCY library=salias-ipc scenario=fifo consumer=2 samples=23439 p50_ns=100351 p99_ns=18087935 p999_ns=18612223 max_ns=18628964
RESULT library=salias-ipc scenario=fifo page=normal pinning=off cpu_base=-1 cpu_stride=1 producers=3 consumers=3 payload=64 capacity=4194304 batch_size=1 poll_limit=64 published=1500000 delivered=4500000 seconds=0.179794 publish_msg_per_sec=8.34286e+06 delivery_msg_per_sec=2.50286e+07 delivery_mib_per_sec=1527.62 latency_sample_rate=64 latency_samples=70317 latency_p50_ns=2047999 latency_p99_ns=26214399 latency_p999_ns=26738687 latency_max_ns=26800291
LATENCY library=aeron-cpp scenario=mpmc consumer=0 samples=23439 p50_ns=958463 p99_ns=2588671 p999_ns=2981887 max_ns=3414493
LATENCY library=aeron-cpp scenario=mpmc consumer=1 samples=23439 p50_ns=1490943 p99_ns=4521983 p999_ns=5046271 max_ns=5016015
LATENCY library=aeron-cpp scenario=mpmc consumer=2 samples=23439 p50_ns=113663 p99_ns=1081343 p999_ns=1458175 max_ns=1507933
RESULT library=aeron-cpp scenario=mpmc pinning=off cpu_base=-1 cpu_stride=1 term_length=4194304 producers=3 consumers=3 payload=64 published=1500000 delivered=4500000 seconds=0.0856905 publish_msg_per_sec=1.75049e+07 delivery_msg_per_sec=5.25146e+07 delivery_mib_per_sec=3205.24 latency_sample_rate=64 latency_samples=70317 latency_p50_ns=622591 latency_p99_ns=4259839 latency_p999_ns=4784127 latency_max_ns=5016015
# measured round=3 producers=3 consumers=3 batch=1
LATENCY library=salias-ipc scenario=fifo consumer=0 samples=23439 p50_ns=278527 p99_ns=2228223 p999_ns=2981887 max_ns=3029949
LATENCY library=salias-ipc scenario=fifo consumer=1 samples=23439 p50_ns=258047 p99_ns=1507327 p999_ns=1605631 max_ns=1613730
LATENCY library=salias-ipc scenario=fifo consumer=2 samples=23439 p50_ns=311295 p99_ns=10485759 p999_ns=11534335 max_ns=11580345
RESULT library=salias-ipc scenario=fifo page=normal pinning=off cpu_base=-1 cpu_stride=1 producers=3 consumers=3 payload=64 capacity=4194304 batch_size=1 poll_limit=64 published=1500000 delivered=4500000 seconds=0.17326 publish_msg_per_sec=8.6575e+06 delivery_msg_per_sec=2.59725e+07 delivery_mib_per_sec=1585.23 latency_sample_rate=64 latency_samples=70317 latency_p50_ns=282623 latency_p99_ns=8781823 latency_p999_ns=11403263 latency_max_ns=11580345
LATENCY library=aeron-cpp scenario=mpmc consumer=0 samples=23439 p50_ns=720895 p99_ns=2424831 p999_ns=2981887 max_ns=3084332
LATENCY library=aeron-cpp scenario=mpmc consumer=1 samples=23439 p50_ns=1523711 p99_ns=5963775 p999_ns=8060927 max_ns=8317036
LATENCY library=aeron-cpp scenario=mpmc consumer=2 samples=23439 p50_ns=583 p99_ns=120831 p999_ns=221183 max_ns=302004
RESULT library=aeron-cpp scenario=mpmc pinning=off cpu_base=-1 cpu_stride=1 term_length=4194304 producers=3 consumers=3 payload=64 published=1500000 delivered=4500000 seconds=0.235186 publish_msg_per_sec=6.37793e+06 delivery_msg_per_sec=1.91338e+07 delivery_mib_per_sec=1167.83 latency_sample_rate=64 latency_samples=70317 latency_p50_ns=458751 latency_p99_ns=4784127 latency_p999_ns=6881279 latency_max_ns=8317036
# measured round=4 producers=3 consumers=3 batch=1
LATENCY library=salias-ipc scenario=fifo consumer=0 samples=23439 p50_ns=15466495 p99_ns=34603007 p999_ns=34603007 max_ns=34327864
LATENCY library=salias-ipc scenario=fifo consumer=1 samples=23439 p50_ns=696319 p99_ns=5373951 p999_ns=6225919 max_ns=6313278
LATENCY library=salias-ipc scenario=fifo consumer=2 samples=23439 p50_ns=11534335 p99_ns=25165823 p999_ns=25165823 max_ns=25073580
RESULT library=salias-ipc scenario=fifo page=normal pinning=off cpu_base=-1 cpu_stride=1 producers=3 consumers=3 payload=64 capacity=4194304 batch_size=1 poll_limit=64 published=1500000 delivered=4500000 seconds=0.203373 publish_msg_per_sec=7.3756e+06 delivery_msg_per_sec=2.21268e+07 delivery_mib_per_sec=1350.51 latency_sample_rate=64 latency_samples=70317 latency_p50_ns=8912895 latency_p99_ns=34603007 latency_p999_ns=34603007 latency_max_ns=34327864
LATENCY library=aeron-cpp scenario=mpmc consumer=0 samples=23439 p50_ns=1589247 p99_ns=4653055 p999_ns=4980735 max_ns=5004834
LATENCY library=aeron-cpp scenario=mpmc consumer=1 samples=23439 p50_ns=573439 p99_ns=2392063 p999_ns=3014655 max_ns=2998079
LATENCY library=aeron-cpp scenario=mpmc consumer=2 samples=23439 p50_ns=34303 p99_ns=835583 p999_ns=1163263 max_ns=1162064
RESULT library=aeron-cpp scenario=mpmc pinning=off cpu_base=-1 cpu_stride=1 term_length=4194304 producers=3 consumers=3 payload=64 published=1500000 delivered=4500000 seconds=0.104669 publish_msg_per_sec=1.43309e+07 delivery_msg_per_sec=4.29926e+07 delivery_mib_per_sec=2624.06 latency_sample_rate=64 latency_samples=70317 latency_p50_ns=458751 latency_p99_ns=4194303 latency_p999_ns=4915199 latency_max_ns=5004834
# measured round=5 producers=3 consumers=3 batch=1
LATENCY library=salias-ipc scenario=fifo consumer=0 samples=23439 p50_ns=13762559 p99_ns=19398655 p999_ns=19922943 max_ns=20353397
LATENCY library=salias-ipc scenario=fifo consumer=1 samples=23439 p50_ns=56831 p99_ns=5046271 p999_ns=5898239 max_ns=5960559
LATENCY library=salias-ipc scenario=fifo consumer=2 samples=23439 p50_ns=21757951 p99_ns=25427967 p999_ns=25690111 max_ns=25776202
RESULT library=salias-ipc scenario=fifo page=normal pinning=off cpu_base=-1 cpu_stride=1 producers=3 consumers=3 payload=64 capacity=4194304 batch_size=1 poll_limit=64 published=1500000 delivered=4500000 seconds=0.181357 publish_msg_per_sec=8.27098e+06 delivery_msg_per_sec=2.48129e+07 delivery_mib_per_sec=1514.46 latency_sample_rate=64 latency_samples=70317 latency_p50_ns=12189695 latency_p99_ns=25165823 latency_p999_ns=25690111 latency_max_ns=25776202
LATENCY library=aeron-cpp scenario=mpmc consumer=0 samples=23439 p50_ns=671743 p99_ns=3375103 p999_ns=3702783 max_ns=3746861
LATENCY library=aeron-cpp scenario=mpmc consumer=1 samples=23439 p50_ns=49663 p99_ns=991231 p999_ns=1064959 max_ns=1095433
LATENCY library=aeron-cpp scenario=mpmc consumer=2 samples=23439 p50_ns=1409023 p99_ns=5832703 p999_ns=6553599 max_ns=6544486
RESULT library=aeron-cpp scenario=mpmc pinning=off cpu_base=-1 cpu_stride=1 term_length=4194304 producers=3 consumers=3 payload=64 published=1500000 delivered=4500000 seconds=0.0912732 publish_msg_per_sec=1.64342e+07 delivery_msg_per_sec=4.93025e+07 delivery_mib_per_sec=3009.19 latency_sample_rate=64 latency_samples=70317 latency_p50_ns=466943 latency_p99_ns=5111807 latency_p999_ns=6356991 latency_max_ns=6544486
# case producers=3 consumers=3 batch=16
# warmup round=1 producers=3 consumers=3 batch=16
# warmup round=2 producers=3 consumers=3 batch=16
# measured round=1 producers=3 consumers=3 batch=16
LATENCY library=salias-ipc scenario=fifo consumer=0 samples=23439 p50_ns=1040383 p99_ns=19136511 p999_ns=20709375 max_ns=21027876
LATENCY library=salias-ipc scenario=fifo consumer=1 samples=23439 p50_ns=33791 p99_ns=5177343 p999_ns=6619135 max_ns=6614652
LATENCY library=salias-ipc scenario=fifo consumer=2 samples=23439 p50_ns=25952255 p99_ns=29360127 p999_ns=29360127 max_ns=29372886
RESULT library=salias-ipc scenario=fifo page=normal pinning=off cpu_base=-1 cpu_stride=1 producers=3 consumers=3 payload=64 capacity=4194304 batch_size=16 poll_limit=64 published=1500000 delivered=4500000 seconds=0.209515 publish_msg_per_sec=7.15939e+06 delivery_msg_per_sec=2.14782e+07 delivery_mib_per_sec=1310.92 latency_sample_rate=64 latency_samples=70317 latency_p50_ns=1572863 latency_p99_ns=29097983 latency_p999_ns=29360127 latency_max_ns=29372886
LATENCY library=aeron-cpp scenario=mpmc consumer=0 samples=23439 p50_ns=884735 p99_ns=4063231 p999_ns=4784127 max_ns=4813103
LATENCY library=aeron-cpp scenario=mpmc consumer=1 samples=23439 p50_ns=1802239 p99_ns=5832703 p999_ns=7012351 max_ns=7352459
LATENCY library=aeron-cpp scenario=mpmc consumer=2 samples=23439 p50_ns=118783 p99_ns=3145727 p999_ns=4456447 max_ns=4531194
RESULT library=aeron-cpp scenario=mpmc pinning=off cpu_base=-1 cpu_stride=1 term_length=4194304 producers=3 consumers=3 payload=64 published=1500000 delivered=4500000 seconds=0.101448 publish_msg_per_sec=1.47859e+07 delivery_msg_per_sec=4.43578e+07 delivery_mib_per_sec=2707.38 latency_sample_rate=64 latency_samples=70317 latency_p50_ns=679935 latency_p99_ns=5439487 latency_p999_ns=6881279 latency_max_ns=7352459
# measured round=2 producers=3 consumers=3 batch=16
LATENCY library=salias-ipc scenario=fifo consumer=0 samples=23439 p50_ns=25165823 p99_ns=26738687 p999_ns=26738687 max_ns=26807998
LATENCY library=salias-ipc scenario=fifo consumer=1 samples=23439 p50_ns=103423 p99_ns=9306111 p999_ns=9961471 max_ns=10117069
LATENCY library=salias-ipc scenario=fifo consumer=2 samples=23439 p50_ns=942079 p99_ns=13631487 p999_ns=14286847 max_ns=14413875
RESULT library=salias-ipc scenario=fifo page=normal pinning=off cpu_base=-1 cpu_stride=1 producers=3 consumers=3 payload=64 capacity=4194304 batch_size=16 poll_limit=64 published=1500000 delivered=4500000 seconds=0.202464 publish_msg_per_sec=7.40871e+06 delivery_msg_per_sec=2.22261e+07 delivery_mib_per_sec=1356.57 latency_sample_rate=64 latency_samples=70317 latency_p50_ns=2097151 latency_p99_ns=26476543 latency_p999_ns=26738687 latency_max_ns=26807998
LATENCY library=aeron-cpp scenario=mpmc consumer=0 samples=23439 p50_ns=696319 p99_ns=3964927 p999_ns=4784127 max_ns=4793259
LATENCY library=aeron-cpp scenario=mpmc consumer=1 samples=23439 p50_ns=2111 p99_ns=253951 p999_ns=466943 max_ns=475158
LATENCY library=aeron-cpp scenario=mpmc consumer=2 samples=23439 p50_ns=1343487 p99_ns=5046271 p999_ns=5832703 max_ns=5868185
RESULT library=aeron-cpp scenario=mpmc pinning=off cpu_base=-1 cpu_stride=1 term_length=4194304 producers=3 consumers=3 payload=64 published=1500000 delivered=4500000 seconds=0.105533 publish_msg_per_sec=1.42136e+07 delivery_msg_per_sec=4.26408e+07 delivery_mib_per_sec=2602.59 latency_sample_rate=64 latency_samples=70317 latency_p50_ns=315391 latency_p99_ns=4128767 latency_p999_ns=5439487 latency_max_ns=5868185
# measured round=3 producers=3 consumers=3 batch=16
LATENCY library=salias-ipc scenario=fifo consumer=0 samples=23439 p50_ns=14548991 p99_ns=25165823 p999_ns=25165823 max_ns=25071175
LATENCY library=salias-ipc scenario=fifo consumer=1 samples=23439 p50_ns=1114111 p99_ns=7471103 p999_ns=9306111 max_ns=9283983
LATENCY library=salias-ipc scenario=fifo consumer=2 samples=23439 p50_ns=13631487 p99_ns=24379391 p999_ns=25952255 max_ns=25791047
RESULT library=salias-ipc scenario=fifo page=normal pinning=off cpu_base=-1 cpu_stride=1 producers=3 consumers=3 payload=64 capacity=4194304 batch_size=16 poll_limit=64 published=1500000 delivered=4500000 seconds=0.15393 publish_msg_per_sec=9.7447e+06 delivery_msg_per_sec=2.92341e+07 delivery_mib_per_sec=1784.31 latency_sample_rate=64 latency_samples=70317 latency_p50_ns=8781823 latency_p99_ns=24903679 latency_p999_ns=25427967 latency_max_ns=25791047
LATENCY library=aeron-cpp scenario=mpmc consumer=0 samples=23439 p50_ns=802815 p99_ns=5373951 p999_ns=6291455 max_ns=6327061
LATENCY library=aeron-cpp scenario=mpmc consumer=1 samples=23439 p50_ns=778239 p99_ns=2949119 p999_ns=3833855 max_ns=3963517
LATENCY library=aeron-cpp scenario=mpmc consumer=2 samples=23439 p50_ns=1032191 p99_ns=3899391 p999_ns=4390911 max_ns=4435858
RESULT library=aeron-cpp scenario=mpmc pinning=off cpu_base=-1 cpu_stride=1 term_length=4194304 producers=3 consumers=3 payload=64 published=1500000 delivered=4500000 seconds=0.0892563 publish_msg_per_sec=1.68055e+07 delivery_msg_per_sec=5.04166e+07 delivery_mib_per_sec=3077.19 latency_sample_rate=64 latency_samples=70317 latency_p50_ns=868351 latency_p99_ns=4587519 latency_p999_ns=5701631 latency_max_ns=6327061
# measured round=4 producers=3 consumers=3 batch=16
LATENCY library=salias-ipc scenario=fifo consumer=0 samples=23439 p50_ns=22544383 p99_ns=38273023 p999_ns=39321599 max_ns=39145243
LATENCY library=salias-ipc scenario=fifo consumer=1 samples=23439 p50_ns=2523135 p99_ns=14286847 p999_ns=14811135 max_ns=14772577
LATENCY library=salias-ipc scenario=fifo consumer=2 samples=23439 p50_ns=260095 p99_ns=9699327 p999_ns=11010047 max_ns=11038006
RESULT library=salias-ipc scenario=fifo page=normal pinning=off cpu_base=-1 cpu_stride=1 producers=3 consumers=3 payload=64 capacity=4194304 batch_size=16 poll_limit=64 published=1500000 delivered=4500000 seconds=0.194519 publish_msg_per_sec=7.71134e+06 delivery_msg_per_sec=2.3134e+07 delivery_mib_per_sec=1411.99 latency_sample_rate=64 latency_samples=70317 latency_p50_ns=3538943 latency_p99_ns=36700159 latency_p999_ns=38797311 latency_max_ns=39145243
LATENCY library=aeron-cpp scenario=mpmc consumer=0 samples=23439 p50_ns=239615 p99_ns=1785855 p999_ns=2424831 max_ns=2897654
LATENCY library=aeron-cpp scenario=mpmc consumer=1 samples=23439 p50_ns=975 p99_ns=1212415 p999_ns=1622015 max_ns=1697317
LATENCY library=aeron-cpp scenario=mpmc consumer=2 samples=23439 p50_ns=61439 p99_ns=81788927 p999_ns=82837503 max_ns=82549723
RESULT library=aeron-cpp scenario=mpmc pinning=off cpu_base=-1 cpu_stride=1 term_length=4194304 producers=3 consumers=3 payload=64 published=1500000 delivered=4500000 seconds=0.247581 publish_msg_per_sec=6.05862e+06 delivery_msg_per_sec=1.81759e+07 delivery_mib_per_sec=1109.37 latency_sample_rate=64 latency_samples=70317 latency_p50_ns=33791 latency_p99_ns=80740351 latency_p999_ns=81788927 latency_max_ns=82549723
# measured round=5 producers=3 consumers=3 batch=16
LATENCY library=salias-ipc scenario=fifo consumer=0 samples=23439 p50_ns=92159 p99_ns=7208959 p999_ns=8388607 max_ns=8392694
LATENCY library=salias-ipc scenario=fifo consumer=1 samples=23439 p50_ns=24641535 p99_ns=28049407 p999_ns=28311551 max_ns=28624451
LATENCY library=salias-ipc scenario=fifo consumer=2 samples=23439 p50_ns=1114111 p99_ns=14155775 p999_ns=16515071 max_ns=16552224
RESULT library=salias-ipc scenario=fifo page=normal pinning=off cpu_base=-1 cpu_stride=1 producers=3 consumers=3 payload=64 capacity=4194304 batch_size=16 poll_limit=64 published=1500000 delivered=4500000 seconds=0.200392 publish_msg_per_sec=7.48532e+06 delivery_msg_per_sec=2.2456e+07 delivery_mib_per_sec=1370.6 latency_sample_rate=64 latency_samples=70317 latency_p50_ns=1949695 latency_p99_ns=27787263 latency_p999_ns=28311551 latency_max_ns=28624451
LATENCY library=aeron-cpp scenario=mpmc consumer=0 samples=23439 p50_ns=86015 p99_ns=2555903 p999_ns=2916351 max_ns=2956734
LATENCY library=aeron-cpp scenario=mpmc consumer=1 samples=23439 p50_ns=712703 p99_ns=2949119 p999_ns=3244031 max_ns=3777632
LATENCY library=aeron-cpp scenario=mpmc consumer=2 samples=23439 p50_ns=1687551 p99_ns=6815743 p999_ns=7274495 max_ns=7487458
RESULT library=aeron-cpp scenario=mpmc pinning=off cpu_base=-1 cpu_stride=1 term_length=4194304 producers=3 consumers=3 payload=64 published=1500000 delivered=4500000 seconds=0.102431 publish_msg_per_sec=1.4644e+07 delivery_msg_per_sec=4.3932e+07 delivery_mib_per_sec=2681.4 latency_sample_rate=64 latency_samples=70317 latency_p50_ns=421887 latency_p99_ns=5570559 latency_p999_ns=7143423 latency_max_ns=7487458
