# Tencent 4-vCPU unpinned FIFO MPMC baseline
# producers=2 consumers=2 batch=16 messages_per_producer=1000000 warmup=2 rounds=10
# warmup round=1
# warmup round=2
# measured round=1 producers=2 consumers=2 batch=16
RESULT library=salias-ipc scenario=fifo page=normal pinning=off cpu_base=-1 cpu_stride=1 producers=2 consumers=2 payload=64 capacity=4194304 batch_size=16 poll_limit=64 published=2000000 delivered=4000000 seconds=0.127656 publish_msg_per_sec=1.56671e+07 delivery_msg_per_sec=3.13342e+07 delivery_mib_per_sec=1912.49
RESULT library=aeron-cpp scenario=mpmc pinning=off cpu_base=-1 cpu_stride=1 term_length=4194304 producers=2 consumers=2 payload=64 published=2000000 delivered=4000000 seconds=0.120421 publish_msg_per_sec=1.66084e+07 delivery_msg_per_sec=3.32169e+07 delivery_mib_per_sec=2027.4
# measured round=2 producers=2 consumers=2 batch=16
RESULT library=salias-ipc scenario=fifo page=normal pinning=off cpu_base=-1 cpu_stride=1 producers=2 consumers=2 payload=64 capacity=4194304 batch_size=16 poll_limit=64 published=2000000 delivered=4000000 seconds=0.122589 publish_msg_per_sec=1.63147e+07 delivery_msg_per_sec=3.26294e+07 delivery_mib_per_sec=1991.54
RESULT library=aeron-cpp scenario=mpmc pinning=off cpu_base=-1 cpu_stride=1 term_length=4194304 producers=2 consumers=2 payload=64 published=2000000 delivered=4000000 seconds=0.115844 publish_msg_per_sec=1.72645e+07 delivery_msg_per_sec=3.45291e+07 delivery_mib_per_sec=2107.49
# measured round=3 producers=2 consumers=2 batch=16
RESULT library=salias-ipc scenario=fifo page=normal pinning=off cpu_base=-1 cpu_stride=1 producers=2 consumers=2 payload=64 capacity=4194304 batch_size=16 poll_limit=64 published=2000000 delivered=4000000 seconds=0.254689 publish_msg_per_sec=7.85273e+06 delivery_msg_per_sec=1.57055e+07 delivery_mib_per_sec=958.585
RESULT library=aeron-cpp scenario=mpmc pinning=off cpu_base=-1 cpu_stride=1 term_length=4194304 producers=2 consumers=2 payload=64 published=2000000 delivered=4000000 seconds=0.0891066 publish_msg_per_sec=2.2445e+07 delivery_msg_per_sec=4.48901e+07 delivery_mib_per_sec=2739.87
# measured round=4 producers=2 consumers=2 batch=16
RESULT library=salias-ipc scenario=fifo page=normal pinning=off cpu_base=-1 cpu_stride=1 producers=2 consumers=2 payload=64 capacity=4194304 batch_size=16 poll_limit=64 published=2000000 delivered=4000000 seconds=0.16028 publish_msg_per_sec=1.24782e+07 delivery_msg_per_sec=2.49564e+07 delivery_mib_per_sec=1523.22
RESULT library=aeron-cpp scenario=mpmc pinning=off cpu_base=-1 cpu_stride=1 term_length=4194304 producers=2 consumers=2 payload=64 published=2000000 delivered=4000000 seconds=0.0813269 publish_msg_per_sec=2.45921e+07 delivery_msg_per_sec=4.91842e+07 delivery_mib_per_sec=3001.97
# measured round=5 producers=2 consumers=2 batch=16
RESULT library=salias-ipc scenario=fifo page=normal pinning=off cpu_base=-1 cpu_stride=1 producers=2 consumers=2 payload=64 capacity=4194304 batch_size=16 poll_limit=64 published=2000000 delivered=4000000 seconds=0.161066 publish_msg_per_sec=1.24172e+07 delivery_msg_per_sec=2.48345e+07 delivery_mib_per_sec=1515.78
RESULT library=aeron-cpp scenario=mpmc pinning=off cpu_base=-1 cpu_stride=1 term_length=4194304 producers=2 consumers=2 payload=64 published=2000000 delivered=4000000 seconds=0.0871605 publish_msg_per_sec=2.29462e+07 delivery_msg_per_sec=4.58924e+07 delivery_mib_per_sec=2801.05
# measured round=6 producers=2 consumers=2 batch=16
RESULT library=salias-ipc scenario=fifo page=normal pinning=off cpu_base=-1 cpu_stride=1 producers=2 consumers=2 payload=64 capacity=4194304 batch_size=16 poll_limit=64 published=2000000 delivered=4000000 seconds=0.143735 publish_msg_per_sec=1.39145e+07 delivery_msg_per_sec=2.7829e+07 delivery_mib_per_sec=1698.55
RESULT library=aeron-cpp scenario=mpmc pinning=off cpu_base=-1 cpu_stride=1 term_length=4194304 producers=2 consumers=2 payload=64 published=2000000 delivered=4000000 seconds=0.0897905 publish_msg_per_sec=2.22741e+07 delivery_msg_per_sec=4.45481e+07 delivery_mib_per_sec=2719
# measured round=7 producers=2 consumers=2 batch=16
RESULT library=salias-ipc scenario=fifo page=normal pinning=off cpu_base=-1 cpu_stride=1 producers=2 consumers=2 payload=64 capacity=4194304 batch_size=16 poll_limit=64 published=2000000 delivered=4000000 seconds=0.132651 publish_msg_per_sec=1.50771e+07 delivery_msg_per_sec=3.01542e+07 delivery_mib_per_sec=1840.47
RESULT library=aeron-cpp scenario=mpmc pinning=off cpu_base=-1 cpu_stride=1 term_length=4194304 producers=2 consumers=2 payload=64 published=2000000 delivered=4000000 seconds=0.0895035 publish_msg_per_sec=2.23455e+07 delivery_msg_per_sec=4.4691e+07 delivery_mib_per_sec=2727.72
# measured round=8 producers=2 consumers=2 batch=16
RESULT library=salias-ipc scenario=fifo page=normal pinning=off cpu_base=-1 cpu_stride=1 producers=2 consumers=2 payload=64 capacity=4194304 batch_size=16 poll_limit=64 published=2000000 delivered=4000000 seconds=0.154382 publish_msg_per_sec=1.29549e+07 delivery_msg_per_sec=2.59098e+07 delivery_mib_per_sec=1581.41
RESULT library=aeron-cpp scenario=mpmc pinning=off cpu_base=-1 cpu_stride=1 term_length=4194304 producers=2 consumers=2 payload=64 published=2000000 delivered=4000000 seconds=0.101171 publish_msg_per_sec=1.97685e+07 delivery_msg_per_sec=3.9537e+07 delivery_mib_per_sec=2413.15
# measured round=9 producers=2 consumers=2 batch=16
RESULT library=salias-ipc scenario=fifo page=normal pinning=off cpu_base=-1 cpu_stride=1 producers=2 consumers=2 payload=64 capacity=4194304 batch_size=16 poll_limit=64 published=2000000 delivered=4000000 seconds=0.134637 publish_msg_per_sec=1.48547e+07 delivery_msg_per_sec=2.97095e+07 delivery_mib_per_sec=1813.32
RESULT library=aeron-cpp scenario=mpmc pinning=off cpu_base=-1 cpu_stride=1 term_length=4194304 producers=2 consumers=2 payload=64 published=2000000 delivered=4000000 seconds=0.0848583 publish_msg_per_sec=2.35687e+07 delivery_msg_per_sec=4.71374e+07 delivery_mib_per_sec=2877.04
# measured round=10 producers=2 consumers=2 batch=16
RESULT library=salias-ipc scenario=fifo page=normal pinning=off cpu_base=-1 cpu_stride=1 producers=2 consumers=2 payload=64 capacity=4194304 batch_size=16 poll_limit=64 published=2000000 delivered=4000000 seconds=0.166196 publish_msg_per_sec=1.2034e+07 delivery_msg_per_sec=2.4068e+07 delivery_mib_per_sec=1469
RESULT library=aeron-cpp scenario=mpmc pinning=off cpu_base=-1 cpu_stride=1 term_length=4194304 producers=2 consumers=2 payload=64 published=2000000 delivered=4000000 seconds=0.0892939 publish_msg_per_sec=2.23979e+07 delivery_msg_per_sec=4.47959e+07 delivery_mib_per_sec=2734.12
