# salias named IPC vs Aeron C++ IPC release comparison
# payload=64B; salias_batch_size=16; poll_limit=64; fragment_limit=64; warmup=1; rounds=10; latency_sample_rate=64
# salias_pages=normal; capacities normal=4194304 huge2m=4194304 huge1g=1073741824
# pin_cpus=1; cpu_base=0; cpu_stride=1; aeron_driver_cpu=3; aeron_term_length=4194304
# scenarios=fifo; FIFO=2P/1C; ORDERED=4P/1C
# warmup round=1 scenario=fifo
# measured round=1 scenario=fifo
LATENCY library=salias-ipc scenario=fifo consumer=0 samples=31250 p50_ns=5373951 p99_ns=5832703 p999_ns=5832703 max_ns=5817246
RESULT library=salias-ipc scenario=fifo page=normal pinning=on cpu_base=0 cpu_stride=1 producers=2 consumers=1 payload=64 capacity=4194304 batch_size=16 publication_window=0 poll_limit=64 published=2000000 delivered=2000000 seconds=0.0907883 publish_msg_per_sec=2.20293e+07 delivery_msg_per_sec=2.20293e+07 delivery_mib_per_sec=1344.56 latency_sample_rate=64 latency_samples=31250 latency_p50_ns=5373951 latency_p99_ns=5832703 latency_p999_ns=5832703 latency_max_ns=5817246
LATENCY library=aeron-cpp scenario=mpsc consumer=0 samples=31250 p50_ns=253951 p99_ns=2080767 p999_ns=2228223 max_ns=2337083
RESULT library=aeron-cpp scenario=mpsc pinning=on cpu_base=0 cpu_stride=1 term_length=4194304 producers=2 consumers=1 payload=64 published=2000000 delivered=2000000 seconds=0.0698145 publish_msg_per_sec=2.86473e+07 delivery_msg_per_sec=2.86473e+07 delivery_mib_per_sec=1748.49 latency_sample_rate=64 latency_samples=31250 latency_p50_ns=253951 latency_p99_ns=2080767 latency_p999_ns=2228223 latency_max_ns=2337083
# measured round=2 scenario=fifo
LATENCY library=salias-ipc scenario=fifo consumer=0 samples=31250 p50_ns=5242879 p99_ns=5505023 p999_ns=5505023 max_ns=5491884
RESULT library=salias-ipc scenario=fifo page=normal pinning=on cpu_base=0 cpu_stride=1 producers=2 consumers=1 payload=64 capacity=4194304 batch_size=16 publication_window=0 poll_limit=64 published=2000000 delivered=2000000 seconds=0.0885669 publish_msg_per_sec=2.25818e+07 delivery_msg_per_sec=2.25818e+07 delivery_mib_per_sec=1378.28 latency_sample_rate=64 latency_samples=31250 latency_p50_ns=5242879 latency_p99_ns=5505023 latency_p999_ns=5505023 latency_max_ns=5491884
LATENCY library=aeron-cpp scenario=mpsc consumer=0 samples=31250 p50_ns=2687 p99_ns=255999 p999_ns=331775 max_ns=336081
RESULT library=aeron-cpp scenario=mpsc pinning=on cpu_base=0 cpu_stride=1 term_length=4194304 producers=2 consumers=1 payload=64 published=2000000 delivered=2000000 seconds=0.0604192 publish_msg_per_sec=3.31021e+07 delivery_msg_per_sec=3.31021e+07 delivery_mib_per_sec=2020.39 latency_sample_rate=64 latency_samples=31250 latency_p50_ns=2687 latency_p99_ns=255999 latency_p999_ns=331775 latency_max_ns=336081
# measured round=3 scenario=fifo
LATENCY library=salias-ipc scenario=fifo consumer=0 samples=31250 p50_ns=5046271 p99_ns=5242879 p999_ns=5308415 max_ns=5252458
RESULT library=salias-ipc scenario=fifo page=normal pinning=on cpu_base=0 cpu_stride=1 producers=2 consumers=1 payload=64 capacity=4194304 batch_size=16 publication_window=0 poll_limit=64 published=2000000 delivered=2000000 seconds=0.0849227 publish_msg_per_sec=2.35508e+07 delivery_msg_per_sec=2.35508e+07 delivery_mib_per_sec=1437.43 latency_sample_rate=64 latency_samples=31250 latency_p50_ns=5046271 latency_p99_ns=5242879 latency_p999_ns=5308415 latency_max_ns=5252458
LATENCY library=aeron-cpp scenario=mpsc consumer=0 samples=31250 p50_ns=41471 p99_ns=696319 p999_ns=802815 max_ns=812529
RESULT library=aeron-cpp scenario=mpsc pinning=on cpu_base=0 cpu_stride=1 term_length=4194304 producers=2 consumers=1 payload=64 published=2000000 delivered=2000000 seconds=0.0733844 publish_msg_per_sec=2.72538e+07 delivery_msg_per_sec=2.72538e+07 delivery_mib_per_sec=1663.44 latency_sample_rate=64 latency_samples=31250 latency_p50_ns=41471 latency_p99_ns=696319 latency_p999_ns=802815 latency_max_ns=812529
# measured round=4 scenario=fifo
LATENCY library=salias-ipc scenario=fifo consumer=0 samples=31250 p50_ns=5701631 p99_ns=8519679 p999_ns=8650751 max_ns=8631094
RESULT library=salias-ipc scenario=fifo page=normal pinning=on cpu_base=0 cpu_stride=1 producers=2 consumers=1 payload=64 capacity=4194304 batch_size=16 publication_window=0 poll_limit=64 published=2000000 delivered=2000000 seconds=0.0995717 publish_msg_per_sec=2.0086e+07 delivery_msg_per_sec=2.0086e+07 delivery_mib_per_sec=1225.95 latency_sample_rate=64 latency_samples=31250 latency_p50_ns=5701631 latency_p99_ns=8519679 latency_p999_ns=8650751 latency_max_ns=8631094
LATENCY library=aeron-cpp scenario=mpsc consumer=0 samples=31250 p50_ns=417791 p99_ns=1982463 p999_ns=2031615 max_ns=2128718
RESULT library=aeron-cpp scenario=mpsc pinning=on cpu_base=0 cpu_stride=1 term_length=4194304 producers=2 consumers=1 payload=64 published=2000000 delivered=2000000 seconds=0.0663103 publish_msg_per_sec=3.01612e+07 delivery_msg_per_sec=3.01612e+07 delivery_mib_per_sec=1840.9 latency_sample_rate=64 latency_samples=31250 latency_p50_ns=417791 latency_p99_ns=1982463 latency_p999_ns=2031615 latency_max_ns=2128718
# measured round=5 scenario=fifo
LATENCY library=salias-ipc scenario=fifo consumer=0 samples=31250 p50_ns=6291455 p99_ns=6815743 p999_ns=6881279 max_ns=6964522
RESULT library=salias-ipc scenario=fifo page=normal pinning=on cpu_base=0 cpu_stride=1 producers=2 consumers=1 payload=64 capacity=4194304 batch_size=16 publication_window=0 poll_limit=64 published=2000000 delivered=2000000 seconds=0.10615 publish_msg_per_sec=1.88412e+07 delivery_msg_per_sec=1.88412e+07 delivery_mib_per_sec=1149.98 latency_sample_rate=64 latency_samples=31250 latency_p50_ns=6291455 latency_p99_ns=6815743 latency_p999_ns=6881279 latency_max_ns=6964522
LATENCY library=aeron-cpp scenario=mpsc consumer=0 samples=31250 p50_ns=139263 p99_ns=1736703 p999_ns=1851391 max_ns=1899897
RESULT library=aeron-cpp scenario=mpsc pinning=on cpu_base=0 cpu_stride=1 term_length=4194304 producers=2 consumers=1 payload=64 published=2000000 delivered=2000000 seconds=0.0650368 publish_msg_per_sec=3.07518e+07 delivery_msg_per_sec=3.07518e+07 delivery_mib_per_sec=1876.94 latency_sample_rate=64 latency_samples=31250 latency_p50_ns=139263 latency_p99_ns=1736703 latency_p999_ns=1851391 latency_max_ns=1899897
# measured round=6 scenario=fifo
LATENCY library=salias-ipc scenario=fifo consumer=0 samples=31250 p50_ns=5111807 p99_ns=5373951 p999_ns=5373951 max_ns=5380897
RESULT library=salias-ipc scenario=fifo page=normal pinning=on cpu_base=0 cpu_stride=1 producers=2 consumers=1 payload=64 capacity=4194304 batch_size=16 publication_window=0 poll_limit=64 published=2000000 delivered=2000000 seconds=0.086858 publish_msg_per_sec=2.30261e+07 delivery_msg_per_sec=2.30261e+07 delivery_mib_per_sec=1405.4 latency_sample_rate=64 latency_samples=31250 latency_p50_ns=5111807 latency_p99_ns=5373951 latency_p999_ns=5373951 latency_max_ns=5380897
LATENCY library=aeron-cpp scenario=mpsc consumer=0 samples=31250 p50_ns=40447 p99_ns=1736703 p999_ns=3244031 max_ns=3260024
RESULT library=aeron-cpp scenario=mpsc pinning=on cpu_base=0 cpu_stride=1 term_length=4194304 producers=2 consumers=1 payload=64 published=2000000 delivered=2000000 seconds=0.0669189 publish_msg_per_sec=2.98869e+07 delivery_msg_per_sec=2.98869e+07 delivery_mib_per_sec=1824.15 latency_sample_rate=64 latency_samples=31250 latency_p50_ns=40447 latency_p99_ns=1736703 latency_p999_ns=3244031 latency_max_ns=3260024
# measured round=7 scenario=fifo
LATENCY library=salias-ipc scenario=fifo consumer=0 samples=31250 p50_ns=5111807 p99_ns=5570559 p999_ns=5636095 max_ns=5593344
RESULT library=salias-ipc scenario=fifo page=normal pinning=on cpu_base=0 cpu_stride=1 producers=2 consumers=1 payload=64 capacity=4194304 batch_size=16 publication_window=0 poll_limit=64 published=2000000 delivered=2000000 seconds=0.0867801 publish_msg_per_sec=2.30467e+07 delivery_msg_per_sec=2.30467e+07 delivery_mib_per_sec=1406.66 latency_sample_rate=64 latency_samples=31250 latency_p50_ns=5111807 latency_p99_ns=5570559 latency_p999_ns=5636095 latency_max_ns=5593344
LATENCY library=aeron-cpp scenario=mpsc consumer=0 samples=31250 p50_ns=182271 p99_ns=1540095 p999_ns=1654783 max_ns=1677360
RESULT library=aeron-cpp scenario=mpsc pinning=on cpu_base=0 cpu_stride=1 term_length=4194304 producers=2 consumers=1 payload=64 published=2000000 delivered=2000000 seconds=0.0598305 publish_msg_per_sec=3.34278e+07 delivery_msg_per_sec=3.34278e+07 delivery_mib_per_sec=2040.27 latency_sample_rate=64 latency_samples=31250 latency_p50_ns=182271 latency_p99_ns=1540095 latency_p999_ns=1654783 latency_max_ns=1677360
# measured round=8 scenario=fifo
LATENCY library=salias-ipc scenario=fifo consumer=0 samples=31250 p50_ns=6291455 p99_ns=6488063 p999_ns=6488063 max_ns=6487762
RESULT library=salias-ipc scenario=fifo page=normal pinning=on cpu_base=0 cpu_stride=1 producers=2 consumers=1 payload=64 capacity=4194304 batch_size=16 publication_window=0 poll_limit=64 published=2000000 delivered=2000000 seconds=0.104864 publish_msg_per_sec=1.90723e+07 delivery_msg_per_sec=1.90723e+07 delivery_mib_per_sec=1164.08 latency_sample_rate=64 latency_samples=31250 latency_p50_ns=6291455 latency_p99_ns=6488063 latency_p999_ns=6488063 latency_max_ns=6487762
LATENCY library=aeron-cpp scenario=mpsc consumer=0 samples=31250 p50_ns=1343 p99_ns=106495 p999_ns=206847 max_ns=223611
RESULT library=aeron-cpp scenario=mpsc pinning=on cpu_base=0 cpu_stride=1 term_length=4194304 producers=2 consumers=1 payload=64 published=2000000 delivered=2000000 seconds=0.0669338 publish_msg_per_sec=2.98803e+07 delivery_msg_per_sec=2.98803e+07 delivery_mib_per_sec=1823.75 latency_sample_rate=64 latency_samples=31250 latency_p50_ns=1343 latency_p99_ns=106495 latency_p999_ns=206847 latency_max_ns=223611
# measured round=9 scenario=fifo
LATENCY library=salias-ipc scenario=fifo consumer=0 samples=31250 p50_ns=5898239 p99_ns=6225919 p999_ns=6291455 max_ns=6270352
RESULT library=salias-ipc scenario=fifo page=normal pinning=on cpu_base=0 cpu_stride=1 producers=2 consumers=1 payload=64 capacity=4194304 batch_size=16 publication_window=0 poll_limit=64 published=2000000 delivered=2000000 seconds=0.0989143 publish_msg_per_sec=2.02195e+07 delivery_msg_per_sec=2.02195e+07 delivery_mib_per_sec=1234.1 latency_sample_rate=64 latency_samples=31250 latency_p50_ns=5898239 latency_p99_ns=6225919 latency_p999_ns=6291455 latency_max_ns=6270352
LATENCY library=aeron-cpp scenario=mpsc consumer=0 samples=31250 p50_ns=54271 p99_ns=884735 p999_ns=974847 max_ns=997124
RESULT library=aeron-cpp scenario=mpsc pinning=on cpu_base=0 cpu_stride=1 term_length=4194304 producers=2 consumers=1 payload=64 published=2000000 delivered=2000000 seconds=0.0669595 publish_msg_per_sec=2.98688e+07 delivery_msg_per_sec=2.98688e+07 delivery_mib_per_sec=1823.05 latency_sample_rate=64 latency_samples=31250 latency_p50_ns=54271 latency_p99_ns=884735 latency_p999_ns=974847 latency_max_ns=997124
# measured round=10 scenario=fifo
LATENCY library=salias-ipc scenario=fifo consumer=0 samples=31250 p50_ns=5439487 p99_ns=5701631 p999_ns=5767167 max_ns=5725797
RESULT library=salias-ipc scenario=fifo page=normal pinning=on cpu_base=0 cpu_stride=1 producers=2 consumers=1 payload=64 capacity=4194304 batch_size=16 publication_window=0 poll_limit=64 published=2000000 delivered=2000000 seconds=0.091815 publish_msg_per_sec=2.17829e+07 delivery_msg_per_sec=2.17829e+07 delivery_mib_per_sec=1329.52 latency_sample_rate=64 latency_samples=31250 latency_p50_ns=5439487 latency_p99_ns=5701631 latency_p999_ns=5767167 latency_max_ns=5725797
LATENCY library=aeron-cpp scenario=mpsc consumer=0 samples=31250 p50_ns=557055 p99_ns=1687551 p999_ns=1802239 max_ns=1806742
RESULT library=aeron-cpp scenario=mpsc pinning=on cpu_base=0 cpu_stride=1 term_length=4194304 producers=2 consumers=1 payload=64 published=2000000 delivered=2000000 seconds=0.0695463 publish_msg_per_sec=2.87578e+07 delivery_msg_per_sec=2.87578e+07 delivery_mib_per_sec=1755.24 latency_sample_rate=64 latency_samples=31250 latency_p50_ns=557055 latency_p99_ns=1687551 latency_p999_ns=1802239 latency_max_ns=1806742
